Modules linked:
   'EFM8integration' from 'EFM8integration.obj'
   'gptrget' from 'C:\Users\keybo\Documents\CrossIDE\Call51\Bin\..\lib\small\libc51f.lib'
   'divulong' from 'C:\Users\keybo\Documents\CrossIDE\Call51\Bin\..\lib\small\liblong.lib'
   'uint2fs' from 'C:\Users\keybo\Documents\CrossIDE\Call51\Bin\..\lib\small\libfloat.lib'
   'fs2sint' from 'C:\Users\keybo\Documents\CrossIDE\Call51\Bin\..\lib\small\libfloat.lib'
   'fslt' from 'C:\Users\keybo\Documents\CrossIDE\Call51\Bin\..\lib\small\libfloat.lib'
   'fsmul' from 'C:\Users\keybo\Documents\CrossIDE\Call51\Bin\..\lib\small\libfloat.lib'
   'fsadd' from 'C:\Users\keybo\Documents\CrossIDE\Call51\Bin\..\lib\small\libfloat.lib'
   'vprintf' from 'C:\Users\keybo\Documents\CrossIDE\Call51\Bin\..\lib\small\libc51f.lib'
   'gptrput' from 'C:\Users\keybo\Documents\CrossIDE\Call51\Bin\..\lib\small\libc51f.lib'
   'sprintf' from 'C:\Users\keybo\Documents\CrossIDE\Call51\Bin\..\lib\small\libc51f.lib'
   'fssub' from 'C:\Users\keybo\Documents\CrossIDE\Call51\Bin\..\lib\small\libfloat.lib'
   'crt0' from 'C:\Users\keybo\Documents\CrossIDE\Call51\Bin\..\lib\small\libc51f.lib'
   'putchar' from 'C:\Users\keybo\Documents\CrossIDE\Call51\Bin\..\lib\small\libc51f.lib'
   'fsdiv' from 'C:\Users\keybo\Documents\CrossIDE\Call51\Bin\..\lib\small\libfloat.lib'
   'strlen' from 'C:\Users\keybo\Documents\CrossIDE\Call51\Bin\..\lib\small\libc51f.lib'
   'ulong2fs' from 'C:\Users\keybo\Documents\CrossIDE\Call51\Bin\..\lib\small\libfloat.lib'
   'fs2slong' from 'C:\Users\keybo\Documents\CrossIDE\Call51\Bin\..\lib\small\libfloat.lib'
   'fscmp' from 'C:\Users\keybo\Documents\CrossIDE\Call51\Bin\..\lib\small\libfloat.lib'
   'fsreturnval' from 'C:\Users\keybo\Documents\CrossIDE\Call51\Bin\..\lib\small\libfloat.lib'
   'fsnormalize' from 'C:\Users\keybo\Documents\CrossIDE\Call51\Bin\..\lib\small\libfloat.lib'
   'fsget2args' from 'C:\Users\keybo\Documents\CrossIDE\Call51\Bin\..\lib\small\libfloat.lib'
   'fsswapargs' from 'C:\Users\keybo\Documents\CrossIDE\Call51\Bin\..\lib\small\libfloat.lib'
   'fsrshift' from 'C:\Users\keybo\Documents\CrossIDE\Call51\Bin\..\lib\small\libfloat.lib'
   'print_format' from 'C:\Users\keybo\Documents\CrossIDE\Call51\Bin\..\lib\small\libc51f.lib'
   'bp' from 'C:\Users\keybo\Documents\CrossIDE\Call51\Bin\..\lib\small\libc51f.lib'
   'fsget1arg' from 'C:\Users\keybo\Documents\CrossIDE\Call51\Bin\..\lib\small\libfloat.lib'
   'ftoa' from 'C:\Users\keybo\Documents\CrossIDE\Call51\Bin\..\lib\small\libc51f.lib'
   'taos' from 'C:\Users\keybo\Documents\CrossIDE\Call51\Bin\..\lib\small\libc51f.lib'

Memory use per module linked:
C:04274 D:070 I:020 B:001 X:00038 - EFM8integration
C:00028 D:000 I:000 B:000 X:00000 - gptrget
C:00101 D:004 I:000 B:000 X:00000 - divulong
C:00012 D:000 I:000 B:000 X:00000 - uint2fs
C:00052 D:000 I:000 B:000 X:00000 - fs2sint
C:00048 D:000 I:000 B:000 X:00000 - fslt
C:00163 D:000 I:000 B:000 X:00000 - fsmul
C:00089 D:000 I:000 B:000 X:00000 - fsadd
C:00054 D:001 I:000 B:000 X:00000 - vprintf
C:00025 D:001 I:000 B:000 X:00000 - gptrput
C:00149 D:007 I:000 B:000 X:00000 - sprintf
C:00011 D:000 I:000 B:000 X:00000 - fssub
C:00113 D:000 I:000 B:000 X:00000 - crt0
C:00021 D:000 I:000 B:000 X:00000 - putchar
C:00287 D:004 I:000 B:000 X:00000 - fsdiv
C:00040 D:000 I:000 B:000 X:00000 - strlen
C:00019 D:000 I:000 B:000 X:00000 - ulong2fs
C:00091 D:000 I:000 B:000 X:00000 - fs2slong
C:00073 D:000 I:000 B:000 X:00000 - fscmp
C:00079 D:000 I:000 B:000 X:00000 - fsreturnval
C:00051 D:000 I:000 B:000 X:00000 - fsnormalize
C:00046 D:000 I:000 B:000 X:00000 - fsget2args
C:00026 D:000 I:000 B:000 X:00000 - fsswapargs
C:00067 D:000 I:000 B:000 X:00000 - fsrshift
C:02444 D:018 I:000 B:014 X:00000 - print_format
C:00000 D:001 I:000 B:000 X:00000 - bp
C:00018 D:000 I:000 B:000 X:00000 - fsget1arg
C:00287 D:000 I:000 B:000 X:00000 - ftoa
C:00000 D:000 I:016 B:000 X:00000 - taos
C:00007 D:000 I:000 B:000 X:00000 - ABSOLUTE
------------------------------------------------------
C:08675 D:106 I:036 B:015 X:00038 - Totals

INTERMAL RAM map (see legend below):
00: 0 0 0 0 0 0 0 0 a c c c c c c c 
10: d f f f f . . . . . . . . . . . 
20: B B b b b b b b b b b b b b b b 
30: b b b b b b b b b b b b b b b b 
40: b b b b b b b b b b b b b b b b 
50: b b b b b b b b b b b b b b b b 
60: b b b b b e e e e e e e e e e e 
70: e e e e e e e g g g g g g g g g 
80: g g g g g g g g g g g g g g g g 
90: g g g g g g g g g g g . . . . . 
A0: . . . . . . . . . . . . . . . . 
B0: . . . . . . . . . . . . . . . . 
C0: . . . . . . . . . . . . . . . . 
D0: . . . . . . . . . . . . . . . . 
E0: . . . . . . . . . . . . . . . . 
F0: . . . . . . . . . . . . . . . . 

Legend:
	0: Register bank 0
	1: Register bank 1
	2: Register bank 2
	3: Register bank 3
	B: bits (see 'BIT map' below)
	a: bp:R_DSEG
	b: EFM8integration:R_DSEG
	c: sprintf:R_DSEG
	d: vprintf:R_DSEG
	e: ?lib?dseg?1
	f: R_OSEG
	g: R_ISEG

BIT map:
00: U U U U U U U U U U U U U U U . 
10: . . . . . . . . . . . . . . . . 
20: . . . . . . . . . . . . . . . . 
30: . . . . . . . . . . . . . . . . 
40: . . . . . . . . . . . . . . . . 
50: . . . . . . . . . . . . . . . . 
60: . . . . . . . . . . . . . . . . 
70: . . . . . . . . . . . . . . . . 

CODE usage map:
0000: 217 256 256 256 256 256 256 256 256 256 256 256 256 256 256 256 
1000: 256 256 256 256 256 256 256 256 256 256 256 256 256 256 256 256 
2000: 256 256 010 000 000 000 000 000 000 000 000 000 000 000 000 000 
3000: 000 000 000 000 000 000 000 000 000 000 000 000 000 000 000 000 
4000: 000 000 000 000 000 000 000 000 000 000 000 000 000 000 000 000 
5000: 000 000 000 000 000 000 000 000 000 000 000 000 000 000 000 000 
6000: 000 000 000 000 000 000 000 000 000 000 000 000 000 000 000 000 
7000: 000 000 000 000 000 000 000 000 000 000 000 000 000 000 000 000 
8000: 000 000 000 000 000 000 000 000 000 000 000 000 000 000 000 000 
9000: 000 000 000 000 000 000 000 000 000 000 000 000 000 000 000 000 
A000: 000 000 000 000 000 000 000 000 000 000 000 000 000 000 000 000 
B000: 000 000 000 000 000 000 000 000 000 000 000 000 000 000 000 000 
C000: 000 000 000 000 000 000 000 000 000 000 000 000 000 000 000 000 
D000: 000 000 000 000 000 000 000 000 000 000 000 000 000 000 000 000 
E000: 000 000 000 000 000 000 000 000 000 000 000 000 000 000 000 000 
F000: 000 000 000 000 000 000 000 000 000 000 000 000 000 000 000 000 
Total: 8675 bytes

XDATA usage map:
0000: 038 000 000 000 000 000 000 000 000 000 000 000 000 000 000 000 
1000: 000 000 000 000 000 000 000 000 000 000 000 000 000 000 000 000 
2000: 000 000 000 000 000 000 000 000 000 000 000 000 000 000 000 000 
3000: 000 000 000 000 000 000 000 000 000 000 000 000 000 000 000 000 
4000: 000 000 000 000 000 000 000 000 000 000 000 000 000 000 000 000 
5000: 000 000 000 000 000 000 000 000 000 000 000 000 000 000 000 000 
6000: 000 000 000 000 000 000 000 000 000 000 000 000 000 000 000 000 
7000: 000 000 000 000 000 000 000 000 000 000 000 000 000 000 000 000 
8000: 000 000 000 000 000 000 000 000 000 000 000 000 000 000 000 000 
9000: 000 000 000 000 000 000 000 000 000 000 000 000 000 000 000 000 
A000: 000 000 000 000 000 000 000 000 000 000 000 000 000 000 000 000 
B000: 000 000 000 000 000 000 000 000 000 000 000 000 000 000 000 000 
C000: 000 000 000 000 000 000 000 000 000 000 000 000 000 000 000 000 
D000: 000 000 000 000 000 000 000 000 000 000 000 000 000 000 000 000 
E000: 000 000 000 000 000 000 000 000 000 000 000 000 000 000 000 000 
F000: 000 000 000 000 000 000 000 000 000 000 000 000 000 000 000 000 
Total: 38 bytes

Base Segments:
   ?lib?dseg?1=D:0065, size=0012
   BIT_BANK=D:0000, size=0000
   R_BSEG=B:0000, size=000F
   R_CONST=C:009F, size=01A0
   R_CSEG=C:023F, size=1FCB
   R_DINIT=C:0003, size=0000
   R_DSEG=D:0000, size=004C
   R_GSINIT=C:002E, size=0071
   R_HOME=C:0000, size=0000
   R_ISEG=I:0077, size=0024
   R_IXSEG=X:0000, size=0000
   R_OSEG=D:0011, size=0004
   R_PSEG=X:0000, size=0000
   R_XINIT=C:0000, size=0000
   R_XSEG=X:0000, size=0026
   rbank0=D:0000, size=0008

Module Segments:
   CSEG=C:0000, size=0007
   EFM8integration:R_BSEG=B:0000, size=0001
   EFM8integration:R_CONST=C:009F, size=01A0
   EFM8integration:R_CSEG=C:023F, size=0F12
   EFM8integration:R_DSEG=D:0022, size=0043
   EFM8integration:R_ISEG=I:0077, size=0014
   EFM8integration:R_OSEG=D:0011, size=0003
   EFM8integration:R_XSEG=X:0000, size=0026
   bp:R_DSEG=D:0008, size=0001
   crt0:R_GSINIT=C:002E, size=0071
   divulong:R_CSEG=C:116D, size=0065
   divulong:R_OSEG=D:0011, size=0004
   fs2sint:R_CSEG=C:11DE, size=0034
   fs2slong:R_CSEG=C:159C, size=005B
   fsadd:R_CSEG=C:12E5, size=0059
   fscmp:R_CSEG=C:15F7, size=0049
   fsdiv:R_CSEG=C:1442, size=011F
   fsdiv:R_OSEG=D:0011, size=0004
   fsget1arg:R_CSEG=C:20D9, size=0012
   fsget2args:R_CSEG=C:16C2, size=002E
   fslt:R_CSEG=C:1212, size=0030
   fsmul:R_CSEG=C:1242, size=00A3
   fsnormalize:R_CSEG=C:168F, size=0033
   fsreturnval:R_CSEG=C:1640, size=004F
   fsrshift:R_CSEG=C:170A, size=0043
   fssub:R_CSEG=C:1422, size=000B
   fsswapargs:R_CSEG=C:16F0, size=001A
   ftoa:R_CSEG=C:20EB, size=011F
   gptrget:R_CSEG=C:1151, size=001C
   gptrput:R_CSEG=C:1374, size=0019
   gptrput:R_OSEG=D:0011, size=0001
   print_format:?lib?dseg?1=D:0065, size=0012
   print_format:R_BSEG=B:0001, size=000E
   print_format:R_CSEG=C:174D, size=098C
   putchar:R_CSEG=C:142D, size=0015
   sprintf:R_CSEG=C:138D, size=0095
   sprintf:R_DSEG=D:0009, size=0007
   strlen:R_CSEG=C:1561, size=0028
   taos:R_ISEG=I:008B, size=0010
   uint2fs:R_CSEG=C:11D2, size=000C
   ulong2fs:R_CSEG=C:1589, size=0013
   vprintf:R_CSEG=C:133E, size=0036
   vprintf:R_DSEG=D:0010, size=0001

Public symbols:
   _?lib?dseg?1_size=L:0012
   _?lib?dseg?1_start=L:0065
   _ADC_at_Pin=C:037B
   _EFM8integration_R_DSEG_size=L:0043
   _EFM8integration_R_DSEG_start=L:0022
   _GetPosition2=C:05FF
   _GetPosition2_PARM_2=D:0034
   _GetPosition2_PARM_3=D:0037
   _Get_ADC=C:038C
   _InitADC=C:02B0
   _InitPinADC=C:032F
   _InitPinADC_PARM_2=D:0011
   _LCD_4BIT=C:0454
   _LCD_byte=C:0400
   _LCD_pulse=C:03F5
   _LCDprint=C:0486
   _LCDprint_PARM_2=D:0023
   _LCDprint_PARM_3=B:0000
   _RXU1=C:09F3
   _R_BSEG_size=L:000F
   _R_BSEG_start=L:0000
   _R_CONST_size=L:01A0
   _R_CONST_start=L:009F
   _R_CSEG_size=L:1FCB
   _R_CSEG_start=L:023F
   _R_DINIT_size=L:0000
   _R_DINIT_start=L:0003
   _R_GSINIT_size=L:0071
   _R_GSINIT_start=L:002E
   _R_HOME_size=L:0000
   _R_HOME_start=L:0000
   _R_ISEG_size=L:0024
   _R_ISEG_start=L:0000
   _R_IXSEG_size=L:0000
   _R_IXSEG_start=L:0000
   _R_OSEG_size=L:0004
   _R_OSEG_start=L:0011
   _R_PSEG_size=L:0000
   _R_PSEG_start=L:0000
   _R_XINIT_size=L:0000
   _R_XINIT_start=L:0000
   _R_XSEG_size=L:0026
   _R_XSEG_start=L:0000
   _SendATCommand=C:0A53
   _TIMER0_Init=C:0372
   _Timer2_ISR=C:02AB
   _Timer3us=C:02CA
   _UART1_Init=C:08D4
   _Volts_at_Pin=C:039A
   _WriteCommand=C:0445
   _WriteData=C:0436
   ___fs2sint=C:11DE
   ___fs2slong=C:159C
   ___fsadd=C:12E5
   ___fsdiv=C:1442
   ___fslt=C:1212
   ___fsmul=C:1242
   ___fssub=C:1422
   ___uint2fs=C:11D2
   ___ulong2fs=C:1589
   __c51_external_startup=C:023F
   __divslong_PARM_2=D:0011
   __divulong=C:116D
   __divulong_PARM_2=D:0011
   __ftoa=C:20EB
   __gptrget=C:1151
   __gptrput=C:1374
   __gptrput_PARM_2=D:0011
   __print_format=C:1B2C
   __print_format_PARM_2=D:0073
   __print_format_PARM_3=D:0076
   __taos=I:008B
   _bp=D:0008
   _bp_R_DSEG_size=L:0001
   _bp_R_DSEG_start=L:0008
   _buff=I:0077
   _crt0=C:002E
   _dummy_name_crt0=C:142D
   _getchar1=C:0970
   _getchar1_with_timeout=C:0982
   _getstr1=C:09BE
   _loadTimer2=C:0AC4
   _main=C:0D73
   _map2=C:050E
   _map2_PARM_2=D:0024
   _map2_PARM_3=D:0028
   _map2_PARM_4=D:002C
   _map2_PARM_5=D:0030
   _matchRange=C:0B02
   _matchRange_PARM_2=D:0012
   _overflow_count=D:0022
   _printf=C:1353
   _putchar1=C:0935
   _putchar=C:142D
   _sendstr1=C:0945
   _sprintf=C:13DC
   _sprintf_R_DSEG_size=L:0007
   _sprintf_R_DSEG_start=L:0009
   _stack_start=L:009B
   _strlen=C:1561
   _vprintf=C:1341
   _vprintf_PARM_2=D:0010
   _vprintf_R_DSEG_size=L:0001
   _vprintf_R_DSEG_start=L:0010
   _vsprintf=C:13A8
   _vsprintf_PARM_2=D:000C
   _vsprintf_PARM_3=D:000F
   _waitms=C:02F4
   _waitms_or_RI1=C:09FC
   fs_check_negative_zeros=C:1615
   fs_compare_uint32=C:15F7
   fs_direct_return=C:1669
   fs_normalize_a=C:168F
   fs_return_inf=C:1677
   fs_return_nan=C:1684
   fs_return_zero=C:1661
   fs_round_and_return=C:1640
   fs_rshift_a=C:170A
   fs_swap_a_b=C:16F0
   fs_zerocheck_return=C:1658
   fsadd_direct_entry=C:12E8
   fsgetarg=C:20D9
   fsgetargs=C:16C2
   ulong2fs_doit=C:1592

Local symbols:
   EFM8integration:L002001?=C:025D
   EFM8integration:L002004?=C:0268
   EFM8integration:L005001?=C:02E5
   EFM8integration:L005004?=C:02E0
   EFM8integration:L005007?=C:02F0
   EFM8integration:L006001?=C:0305
   EFM8integration:L006005?=C:02FC
   EFM8integration:L006007?=C:0327
   EFM8integration:L006009?=C:032E
   EFM8integration:L006018?=C:0308
   EFM8integration:L007001?=C:0352
   EFM8integration:L007002?=C:035C
   EFM8integration:L007003?=C:0366
   EFM8integration:L007005?=C:036E
   EFM8integration:L007011?=C:033A
   EFM8integration:L007013?=C:033C
   EFM8integration:L007014?=C:0348
   EFM8integration:L007015?=C:034D
   EFM8integration:L009001?=C:0382
   EFM8integration:L010001?=C:0390
   EFM8integration:L017003?=C:04B2
   EFM8integration:L017006?=C:04E6
   EFM8integration:L017007?=C:04ED
   EFM8integration:L017011?=C:050D
   EFM8integration:L017013?=C:0495
   EFM8integration:L017014?=C:0497
   EFM8integration:L019002?=C:074B
   EFM8integration:L019003?=C:07B5
   EFM8integration:L019005?=C:086A
   EFM8integration:L021001?=C:093A
   EFM8integration:L021008?=C:093F
   EFM8integration:L022001?=C:094B
   EFM8integration:L022004?=C:096F
   EFM8integration:L023001?=C:0973
   EFM8integration:L023008?=C:0978
   EFM8integration:L024003?=C:0989
   EFM8integration:L024005?=C:09B2
   EFM8integration:L024012?=C:09A5
   EFM8integration:L025002?=C:09E2
   EFM8integration:L025004?=C:09C4
   EFM8integration:L027002?=C:0A2E
   EFM8integration:L027003?=C:0A0D
   EFM8integration:L027007?=C:0A04
   EFM8integration:L027009?=C:0A4B
   EFM8integration:L027011?=C:0A52
   EFM8integration:L027019?=C:0A10
   EFM8integration:L030002?=C:0BD9
   EFM8integration:L030006?=C:0BB7
   EFM8integration:L030010?=C:0B95
   EFM8integration:L030013?=C:0B7F
   EFM8integration:L030017?=C:0B5C
   EFM8integration:L030021?=C:0B39
   EFM8integration:L030024?=C:0C33
   EFM8integration:L030028?=C:0C10
   EFM8integration:L030031?=C:0BFA
   EFM8integration:L030034?=C:0C9C
   EFM8integration:L030038?=C:0C79
   EFM8integration:L030041?=C:0C71
   EFM8integration:L030044?=C:0C5F
   EFM8integration:L030047?=C:0D05
   EFM8integration:L030050?=C:0CEF
   EFM8integration:L030053?=C:0CDD
   EFM8integration:L030057?=C:0D6A
   EFM8integration:L030060?=C:0D55
   EFM8integration:L030063?=C:0D44
   EFM8integration:L030067?=C:0D6E
   EFM8integration:L030071?=C:0D0A
   EFM8integration:L030075?=C:0CA1
   EFM8integration:L030078?=C:0C38
   EFM8integration:L030081?=C:0BDE
   EFM8integration:L030082?=C:0D70
   EFM8integration:L030121?=C:0B14
   EFM8integration:L030122?=C:0B27
   EFM8integration:L031001?=C:0FDB
   EFM8integration:L031007?=C:1004
   EFM8integration:L031013?=C:1025
   EFM8integration:L031014?=C:107F
   EFM8integration:L031018?=C:112E
   EFM8integration:L031021?=C:111B
   EFM8integration:L031024?=C:1108
   EFM8integration:L031027?=C:10F5
   EFM8integration:L031030?=C:1146
   EFM8integration:L031037?=C:0E8B
   EFM8integration:L031060?=C:1057
   EFM8integration:L031062?=C:108F
   EFM8integration:L031063?=C:10D6
   EFM8integration:L031064?=C:10D9
   EFM8integration:L031065?=C:10E2
   EFM8integration:L031074?=C:1133
   EFM8integration:L031075?=C:1136
   EFM8integration:_GetPosition2_mid_x_1_120=D:003D
   EFM8integration:_GetPosition2_mid_y_1_120=D:0041
   EFM8integration:_GetPosition2_volts_1_119=D:003A
   EFM8integration:_GetPosition2_vx_1_120=D:0045
   EFM8integration:_GetPosition2_vy_1_120=D:0049
   EFM8integration:__str_0=C:009F
   EFM8integration:__str_10=C:0185
   EFM8integration:__str_11=C:018F
   EFM8integration:__str_12=C:0199
   EFM8integration:__str_13=C:01A2
   EFM8integration:__str_14=C:01AC
   EFM8integration:__str_15=C:01B6
   EFM8integration:__str_16=C:01EF
   EFM8integration:__str_17=C:01FF
   EFM8integration:__str_18=C:020D
   EFM8integration:__str_19=C:0212
   EFM8integration:__str_1=C:00AB
   EFM8integration:__str_20=C:0222
   EFM8integration:__str_21=C:022B
   EFM8integration:__str_22=C:022F
   EFM8integration:__str_23=C:023A
   EFM8integration:__str_2=C:00BA
   EFM8integration:__str_3=C:00BF
   EFM8integration:__str_4=C:00FC
   EFM8integration:__str_5=C:014F
   EFM8integration:__str_6=C:015B
   EFM8integration:__str_7=C:0164
   EFM8integration:__str_8=C:0172
   EFM8integration:__str_9=C:017B
   EFM8integration:_main_buff_x_1_161=X:0000
   EFM8integration:_main_buff_y_1_161=X:0011
   EFM8integration:_main_mid_1_161=D:005D
   EFM8integration:_main_temp_buff_1_161=X:0022
   EFM8integration:_main_v_1_161=D:004D
   EFM8integration:_main_xy_pos_1_161=D:0055
   crt0:PClearLoop?done?=C:0097
   crt0:PClearLoop?repeat?=C:0089
   crt0:XClearLoop?done?=C:007F
   crt0:XClearLoop?repeat?=C:0071
   crt0:XInitLoop?done?=C:0067
   crt0:XInitLoop?repeat?=C:0047
   crt0:__c51_init_data=C:003B
   crt0:__c51_program_startup=C:009A
   crt0:forever?home?=C:009D
   divulong:__divlong_dummy=C:116D
   divulong:exit=C:11D0
   divulong:in_lp=C:11A1
   divulong:loop=C:118E
   divulong:lp0=C:1175
   divulong:minus=C:11CE
   fs2sint:_dummy=C:11DE
   fs2sint:fs2sint_clr_a=C:11EC
   fs2sint:fs2sint_maxval_neg=C:11FE
   fs2sint:fs2sint_maxval_pos=C:120E
   fs2sint:fs2sint_neg=C:11F0
   fs2sint:fs2sint_not_zero=C:11ED
   fs2sint:fs2sint_pos=C:1202
   fs2slong:_dummy=C:159C
   fs2slong:fs2slong_clr_a=C:15CF
   fs2slong:fs2slong_int_ok=C:15A6
   fs2slong:fs2slong_maxval=C:15DF
   fs2slong:fs2slong_maxval_neg=C:15E2
   fs2slong:fs2slong_maxval_pos=C:15EC
   fs2slong:fs2slong_neg=C:15AE
   fs2slong:fs2slong_not_zero=C:15D0
   fs2slong:fs2slong_pos=C:15D4
   fsadd:L00005?=C:12F1
   fsadd:L00010?=C:12F6
   fsadd:L00011?=C:12FE
   fsadd:L00020?=C:1306
   fsadd:L00021?=C:131A
   fsadd:L00022?=C:131D
   fsadd:L00025?=C:1338
   fsadd:_dummy=C:12E5
   fscmp:_dummy=C:15F7
   fscmp:a_check=C:1615
   fscmp:a_not_neg_zero=C:1627
   fscmp:a_not_neg_zero_cleanup=C:1626
   fscmp:b_check=C:1627
   fscmp:b_not_neg_zero=C:163F
   fscmp:b_not_neg_zero_cleanup_1=C:163E
   fscmp:b_not_neg_zero_cleanup_2=C:163D
   fscmp:b_not_neg_zero_cleanup_3=C:163C
   fscmp:compare32_done=C:1614
   fsdiv:L00001?=C:144A
   fsdiv:L00002?=C:1453
   fsdiv:L00003?=C:1456
   fsdiv:L00004?=C:145C
   fsdiv:L00005?=C:1469
   fsdiv:L00006?=C:146C
   fsdiv:L00007?=C:1474
   fsdiv:L00008?=C:1480
   fsdiv:L00009?=C:1488
   fsdiv:L00010?=C:149E
   fsdiv:L00011?=C:14EE
   fsdiv:L00012?=C:1501
   fsdiv:L00013?=C:1550
   fsdiv:L00014?=C:155E
   fsdiv:_dummy=C:1442
   fsdiv:saved_b=D:0014
   fsdiv:saved_r5=D:0011
   fsdiv:saved_r6=D:0012
   fsdiv:saved_r7=D:0013
   fsget1arg:L00001?=C:20E6
   fsget1arg:_dummy=C:20D9
   fsget2args:L00001?=C:16CF
   fsget2args:L00002?=C:16EB
   fsget2args:_dummy=C:16C2
   fslt:_dummy=C:1212
   fslt:a_negative=C:1227
   fslt:a_positive=C:1220
   fslt:ab_different=C:1239
   fslt:ab_negative=C:1230
   fslt:ab_positive=C:122E
   fslt:skip_invert=C:123D
   fsmul:L00001?=C:1248
   fsmul:L00002?=C:124B
   fsmul:L00003?=C:1253
   fsmul:L00004?=C:125B
   fsmul:L00005?=C:1263
   fsmul:L00006?=C:126E
   fsmul:L00007?=C:1276
   fsmul:L00010?=C:12E2
   fsmul:_dummy=C:1242
   fsnormalize:L00001?=C:1692
   fsnormalize:L00002?=C:16A4
   fsnormalize:L00003?=C:16A5
   fsnormalize:L00004?=C:16A9
   fsnormalize:L00005?=C:16B0
   fsnormalize:L00006?=C:16BF
   fsnormalize:_dummy=C:168F
   fsreturnval:L00001?=C:1646
   fsreturnval:_dummy=C:1640
   fsrshift:L00001?=C:1713
   fsrshift:L00003?=C:1738
   fsrshift:L00005?=C:173D
   fsrshift:L00020?=C:174C
   fsrshift:_dummy=C:170A
   fssub:_dummy=C:1422
   fsswapargs:_dummy=C:16F0
   ftoa:ASCII_digits=C:21C6
   ftoa:ASCII_digits_loop=C:21C9
   ftoa:ASCII_exp=C:21F2
   ftoa:ASCII_exp_minus=C:21EE
   ftoa:ASCII_minus=C:21C4
   ftoa:BCD_to_ASCII=C:21B9
   ftoa:Conversion_Loop=C:2168
   ftoa:Convert_FP_to_BCD=C:2158
   ftoa:Divide_by_10_loop=C:21A4
   ftoa:FP_Adjust=C:2112
   ftoa:No_BCD_mantissa_overflow=C:21B7
   ftoa:No_Decimal_Point=C:21D7
   ftoa:Shift_Product_Right=C:2145
   ftoa:_Is_not_FP_zero=C:20FF
   gptrget:codeptr?=C:1168
   gptrget:dataptrrestore?=C:115F
   gptrget:pdataptr?=C:1165
   gptrget:xdataptr?=C:116B
   gptrput:codeptr?=C:1387
   gptrput:dataptrrestore?=C:1382
   gptrput:pdataptr?=C:1388
   gptrput:xdataptr?=C:138B
   print_format:L002003?=C:175E
   print_format:L002004?=C:1766
   print_format:L003004?=C:177B
   print_format:L005003?=C:17A4
   print_format:L005004?=C:17C8
   print_format:L006002?=C:17F2
   print_format:L006005?=C:1807
   print_format:L006010?=C:182B
   print_format:L006012?=C:183C
   print_format:L006016?=C:184A
   print_format:L006017?=C:184F
   print_format:L006018?=C:1861
   print_format:L006019?=C:1863
   print_format:L006025?=C:188A
   print_format:L006028?=C:187B
   print_format:L006029?=C:1897
   print_format:L006032?=C:18AA
   print_format:L006035?=C:18C3
   print_format:L006037?=C:18D9
   print_format:L006041?=C:18FB
   print_format:L006044?=C:18EC
   print_format:L006045?=C:1908
   print_format:L006054?=C:193F
   print_format:L006057?=C:192E
   print_format:L006058?=C:194E
   print_format:L006062?=C:191D
   print_format:L006063?=C:1961
   print_format:L006064?=C:1978
   print_format:L006072?=C:19CD
   print_format:L006073?=C:19AF
   print_format:L006079?=C:19AA
   print_format:L006080?=C:19D4
   print_format:L006084?=C:19E5
   print_format:L006085?=C:1A06
   print_format:L006090?=C:1966
   print_format:L006092?=C:1A19
   print_format:L006094?=C:1A1E
   print_format:L006096?=C:1A36
   print_format:L006097?=C:1A39
   print_format:L006102?=C:1A48
   print_format:L006149?=C:1829
   print_format:L006150?=C:1994
   print_format:L006151?=C:19D2
   print_format:L006160?=C:1858
   print_format:L006165?=C:1869
   print_format:L006172?=C:18B7
   print_format:L006185?=C:1973
   print_format:L006190?=C:19A2
   print_format:L006197?=C:1A04
   print_format:L007001?=C:1A50
   print_format:L007002?=C:1A5D
   print_format:L007003?=C:1A63
   print_format:L007008?=C:1A7C
   print_format:L007010?=C:1A7F
   print_format:L007014?=C:1A98
   print_format:L007017?=C:1AAE
   print_format:L007019?=C:1AC6
   print_format:L007021?=C:1AC8
   print_format:L007027?=C:1AE6
   print_format:L007028?=C:1AFC
   print_format:L007032?=C:1AE3
   print_format:L007033?=C:1B12
   print_format:L007038?=C:1A9A
   print_format:L007040?=C:1B0A
   print_format:L007041?=C:1B0F
   print_format:L007042?=C:1B2B
   print_format:L007071?=C:1AA6
   print_format:L008001?=C:1B86
   print_format:L008003?=C:1BA5
   print_format:L008007?=C:1BCB
   print_format:L008010?=C:1BDA
   print_format:L008015?=C:1BE7
   print_format:L008017?=C:1BFC
   print_format:L008018?=C:1BFE
   print_format:L008020?=C:1C6E
   print_format:L008021?=C:1C73
   print_format:L008022?=C:1C78
   print_format:L008023?=C:1C7D
   print_format:L008024?=C:1C82
   print_format:L008025?=C:1C87
   print_format:L008026?=C:1C8C
   print_format:L008028?=C:1C9F
   print_format:L008031?=C:1CBF
   print_format:L008034?=C:1CB1
   print_format:L008036?=C:1CD1
   print_format:L008038?=C:1CDE
   print_format:L008039?=C:1CED
   print_format:L008040?=C:1CF5
   print_format:L008042?=C:1D23
   print_format:L008043?=C:1D34
   print_format:L008050?=C:1D43
   print_format:L008052?=C:1D7C
   print_format:L008053?=C:1D93
   print_format:L008059?=C:1DA5
   print_format:L008061?=C:1DD7
   print_format:L008064?=C:1DCF
   print_format:L008067?=C:1DC6
   print_format:L008068?=C:1DD9
   print_format:L008070?=C:1E04
   print_format:L008073?=C:1E0C
   print_format:L008074?=C:1E13
   print_format:L008075?=C:1E18
   print_format:L008076?=C:1E1D
   print_format:L008077?=C:1E22
   print_format:L008078?=C:1E26
   print_format:L008079?=C:1E2A
   print_format:L008080?=C:1E2E
   print_format:L008081?=C:1E58
   print_format:L008082?=C:1E5D
   print_format:L008084?=C:1E9D
   print_format:L008086?=C:1EB9
   print_format:L008087?=C:1EC5
   print_format:L008091?=C:1EC7
   print_format:L008093?=C:1ED0
   print_format:L008100?=C:1F2F
   print_format:L008103?=C:1F0D
   print_format:L008104?=C:1F59
   print_format:L008106?=C:1F95
   print_format:L008111?=C:1F77
   print_format:L008114?=C:1F9F
   print_format:L008117?=C:1FC5
   print_format:L008120?=C:1FC7
   print_format:L008122?=C:1FE8
   print_format:L008123?=C:1FEA
   print_format:L008124?=C:1FCE
   print_format:L008128?=C:2001
   print_format:L008129?=C:2007
   print_format:L008133?=C:201E
   print_format:L008138?=C:2044
   print_format:L008143?=C:202F
   print_format:L008144?=C:2053
   print_format:L008145?=C:2056
   print_format:L008149?=C:2084
   print_format:L008152?=C:2074
   print_format:L008155?=C:209F
   print_format:L008156?=C:20A6
   print_format:L008157?=C:2089
   print_format:L008159?=C:20B2
   print_format:L008160?=C:20B8
   print_format:L008167?=C:1E66
   print_format:L008168?=C:1ED6
   print_format:L008173?=C:20CA
   print_format:L008175?=C:1B37
   print_format:L008177?=C:20D2
   print_format:L008180?=C:2067
   print_format:L008181?=C:2069
   print_format:L008271?=C:2087
   print_format:L008276?=C:1B59
   print_format:L008277?=C:1B5E
   print_format:L008278?=C:1B61
   print_format:L008281?=C:1BAA
   print_format:L008291?=C:1BEC
   print_format:L008294?=C:1C03
   print_format:L008295?=C:1C09
   print_format:L008296?=C:1C0F
   print_format:L008297?=C:1C14
   print_format:L008298?=C:1C19
   print_format:L008299?=C:1C1E
   print_format:L008300?=C:1C24
   print_format:L008301?=C:1C2A
   print_format:L008302?=C:1C30
   print_format:L008303?=C:1C36
   print_format:L008304?=C:1C3C
   print_format:L008305?=C:1C42
   print_format:L008306?=C:1C47
   print_format:L008307?=C:1C4D
   print_format:L008308?=C:1C53
   print_format:L008309?=C:1C59
   print_format:L008310?=C:1C5F
   print_format:L008311?=C:1C65
   print_format:L008312?=C:1C6B
   print_format:L008325?=C:1D74
   print_format:L008326?=C:1D82
   print_format:L008327?=C:1D8C
   print_format:L008328?=C:1D9D
   print_format:L008332?=C:1DF9
   print_format:L008333?=C:1DFE
   print_format:L008344?=C:1EDD
   print_format:L008374?=C:20B8
   print_format:L008375?=C:20C2
   print_format:__output_char=C:174D
   print_format:_calculate_digit=C:1797
   print_format:_char_argument=B:000A
   print_format:_charsOutputted=D:006C
   print_format:_decimals=D:0070
   print_format:_e_argument=B:0003
   print_format:_f_argument=B:0002
   print_format:_fflag=B:000E
   print_format:_g_argument=B:0004
   print_format:_i=D:0072
   print_format:_left_justify=B:0005
   print_format:_length=D:0071
   print_format:_long_argument=B:000B
   print_format:_lower_case=B:0001
   print_format:_lsd=B:000D
   print_format:_output_2digits=C:1780
   print_format:_output_char=D:0065
   print_format:_output_digit=C:1767
   print_format:_output_e=C:1A49
   print_format:_output_f=C:17D6
   print_format:_pound_argument=B:000C
   print_format:_prefix_sign=B:0007
   print_format:_prefix_space=B:0008
   print_format:_radix=D:006E
   print_format:_signed_argument=B:0009
   print_format:_value=D:0067
   print_format:_width=D:006F
   print_format:_zero_padding=B:0006
   putchar:L002001?=C:1432
   putchar:L002006?=C:143A
   putchar:L002017?=C:1437
   putchar:L002018?=C:143F
   sprintf:L002003?=C:13A7
   sprintf:_obuf=D:0009
   sprintf:_put_char_to_string=C:138D
   strlen:L002001?=C:156B
   strlen:L002003?=C:1584
   uint2fs:_dummy=C:11D2
   ulong2fs:_dummy=C:1589
   ulong2fs:long2fs_doit=C:1594
   vprintf:_put_char_to_stdout=C:133E
