Archive member included to satisfy reference by file (symbol)

C:\Users\hnyre\OneDrive\Desktop\13.2 Rel1\lib\gcc\arm-none-eabi\13.2.1\thumb\v6-m\nofp\libnosys.a(errno.o)
                              newlib_stubs.o (errno)
C:\Users\hnyre\OneDrive\Desktop\13.2 Rel1\lib\gcc\arm-none-eabi\13.2.1\thumb\v6-m\nofp\libgcc.a(_divsi3.o)
                              main.o (__aeabi_idiv)
C:\Users\hnyre\OneDrive\Desktop\13.2 Rel1\lib\gcc\arm-none-eabi\13.2.1\thumb\v6-m\nofp\libgcc.a(_dvmd_tls.o)
                              C:\Users\hnyre\OneDrive\Desktop\13.2 Rel1\lib\gcc\arm-none-eabi\13.2.1\thumb\v6-m\nofp\libgcc.a(_divsi3.o) (__aeabi_idiv0)
C:\Users\hnyre\OneDrive\Desktop\13.2 Rel1\lib\gcc\arm-none-eabi\13.2.1\thumb\v6-m\nofp\libgcc.a(addsf3.o)
                              main.o (__aeabi_fadd)
C:\Users\hnyre\OneDrive\Desktop\13.2 Rel1\lib\gcc\arm-none-eabi\13.2.1\thumb\v6-m\nofp\libgcc.a(divsf3.o)
                              main.o (__aeabi_fdiv)
C:\Users\hnyre\OneDrive\Desktop\13.2 Rel1\lib\gcc\arm-none-eabi\13.2.1\thumb\v6-m\nofp\libgcc.a(fixsfsi.o)
                              main.o (__aeabi_f2iz)
C:\Users\hnyre\OneDrive\Desktop\13.2 Rel1\lib\gcc\arm-none-eabi\13.2.1\thumb\v6-m\nofp\libgcc.a(floatsisf.o)
                              main.o (__aeabi_i2f)
C:\Users\hnyre\OneDrive\Desktop\13.2 Rel1\lib\gcc\arm-none-eabi\13.2.1\thumb\v6-m\nofp\libgcc.a(divdf3.o)
                              main.o (__aeabi_ddiv)
C:\Users\hnyre\OneDrive\Desktop\13.2 Rel1\lib\gcc\arm-none-eabi\13.2.1\thumb\v6-m\nofp\libgcc.a(muldf3.o)
                              main.o (__aeabi_dmul)
C:\Users\hnyre\OneDrive\Desktop\13.2 Rel1\lib\gcc\arm-none-eabi\13.2.1\thumb\v6-m\nofp\libgcc.a(fixdfsi.o)
                              main.o (__aeabi_d2iz)
C:\Users\hnyre\OneDrive\Desktop\13.2 Rel1\lib\gcc\arm-none-eabi\13.2.1\thumb\v6-m\nofp\libgcc.a(floatsidf.o)
                              main.o (__aeabi_i2d)
C:\Users\hnyre\OneDrive\Desktop\13.2 Rel1\lib\gcc\arm-none-eabi\13.2.1\thumb\v6-m\nofp\libgcc.a(truncdfsf2.o)
                              main.o (__aeabi_d2f)
C:\Users\hnyre\OneDrive\Desktop\13.2 Rel1\lib\gcc\arm-none-eabi\13.2.1\thumb\v6-m\nofp\libgcc.a(_udivsi3.o)
                              C:\Users\hnyre\OneDrive\Desktop\13.2 Rel1\lib\gcc\arm-none-eabi\13.2.1\thumb\v6-m\nofp\libgcc.a(divdf3.o) (__aeabi_uidivmod)
C:\Users\hnyre\OneDrive\Desktop\13.2 Rel1\lib\gcc\arm-none-eabi\13.2.1\thumb\v6-m\nofp\libgcc.a(_clzsi2.o)
                              C:\Users\hnyre\OneDrive\Desktop\13.2 Rel1\lib\gcc\arm-none-eabi\13.2.1\thumb\v6-m\nofp\libgcc.a(addsf3.o) (__clzsi2)
C:\Users\hnyre\OneDrive\Desktop\13.2 Rel1\lib\gcc\arm-none-eabi\13.2.1\thumb\v6-m\nofp\libc_nano.a(libc_a-nano-vfprintf_float.o)
                              (_printf_float)
C:\Users\hnyre\OneDrive\Desktop\13.2 Rel1\lib\gcc\arm-none-eabi\13.2.1\thumb\v6-m\nofp\libc_nano.a(libc_a-nano-vfprintf_i.o)
                              C:\Users\hnyre\OneDrive\Desktop\13.2 Rel1\lib\gcc\arm-none-eabi\13.2.1\thumb\v6-m\nofp\libc_nano.a(libc_a-nano-vfprintf_float.o) (_printf_common)
C:\Users\hnyre\OneDrive\Desktop\13.2 Rel1\lib\gcc\arm-none-eabi\13.2.1\thumb\v6-m\nofp\libc_nano.a(libc_a-printf.o)
                              main.o (printf)
C:\Users\hnyre\OneDrive\Desktop\13.2 Rel1\lib\gcc\arm-none-eabi\13.2.1\thumb\v6-m\nofp\libc_nano.a(libc_a-puts.o)
                              main.o (puts)
C:\Users\hnyre\OneDrive\Desktop\13.2 Rel1\lib\gcc\arm-none-eabi\13.2.1\thumb\v6-m\nofp\libc_nano.a(libc_a-sprintf.o)
                              main.o (sprintf)
C:\Users\hnyre\OneDrive\Desktop\13.2 Rel1\lib\gcc\arm-none-eabi\13.2.1\thumb\v6-m\nofp\libc_nano.a(libc_a-wbuf.o)
                              C:\Users\hnyre\OneDrive\Desktop\13.2 Rel1\lib\gcc\arm-none-eabi\13.2.1\thumb\v6-m\nofp\libc_nano.a(libc_a-puts.o) (__swbuf_r)
C:\Users\hnyre\OneDrive\Desktop\13.2 Rel1\lib\gcc\arm-none-eabi\13.2.1\thumb\v6-m\nofp\libc_nano.a(libc_a-wsetup.o)
                              C:\Users\hnyre\OneDrive\Desktop\13.2 Rel1\lib\gcc\arm-none-eabi\13.2.1\thumb\v6-m\nofp\libc_nano.a(libc_a-puts.o) (__swsetup_r)
C:\Users\hnyre\OneDrive\Desktop\13.2 Rel1\lib\gcc\arm-none-eabi\13.2.1\thumb\v6-m\nofp\libc_nano.a(libc_a-localeconv.o)
                              C:\Users\hnyre\OneDrive\Desktop\13.2 Rel1\lib\gcc\arm-none-eabi\13.2.1\thumb\v6-m\nofp\libc_nano.a(libc_a-nano-vfprintf_float.o) (_localeconv_r)
C:\Users\hnyre\OneDrive\Desktop\13.2 Rel1\lib\gcc\arm-none-eabi\13.2.1\thumb\v6-m\nofp\libc_nano.a(libc_a-impure.o)
                              C:\Users\hnyre\OneDrive\Desktop\13.2 Rel1\lib\gcc\arm-none-eabi\13.2.1\thumb\v6-m\nofp\libc_nano.a(libc_a-printf.o) (_impure_ptr)
C:\Users\hnyre\OneDrive\Desktop\13.2 Rel1\lib\gcc\arm-none-eabi\13.2.1\thumb\v6-m\nofp\libc_nano.a(libc_a-lock.o)
[...]
Memory Configuration

Name             Origin             Length             Attributes
flash            0x08000000         0x00010000
ram              0x20000000         0x00002000
*default*        0x00000000         0xffffffff

Linker script and memory map

LOAD main.o
LOAD serial.o
LOAD UART2.o
LOAD startup.o
LOAD newlib_stubs.o
LOAD C:\Users\hnyre\OneDrive\Desktop\13.2 Rel1\lib\gcc\arm-none-eabi\13.2.1\thumb\v6-m\nofp\libnosys.a
LOAD C:\Users\hnyre\OneDrive\Desktop\13.2 Rel1\lib\gcc\arm-none-eabi\13.2.1\thumb\v6-m\nofp\libgcc.a
START GROUP
LOAD C:\Users\hnyre\OneDrive\Desktop\13.2 Rel1\lib\gcc\arm-none-eabi\13.2.1\thumb\v6-m\nofp\libgcc.a
LOAD C:\Users\hnyre\OneDrive\Desktop\13.2 Rel1\lib\gcc\arm-none-eabi\13.2.1\thumb\v6-m\nofp\libc_nano.a
LOAD C:\Users\hnyre\OneDrive\Desktop\13.2 Rel1\lib\gcc\arm-none-eabi\13.2.1\thumb\v6-m\nofp\libm.a
END GROUP

.text           0x08000000     0x8de4
 *(.vectors)
 .vectors       0x08000000       0xb8 startup.o
                0x08000000                Vectors
 *(.after_vectors*)
 .after_vectors
                0x080000b8       0x28 startup.o
                0x080000b8                ResetInit
 *(.text*)
 .text          0x080000e0     0x14d8 main.o
                0x080000e0                Delay_us
                0x08000140                waitms
                0x0800018c                emergency_stop
                0x08000260                stopMotors
                0x080002a0                stopCar_ms
                0x080002cc                check_estop
                0x080002fa                forward
                0x080003a8                CW_turn
                0x08000454                CCW_turn
                0x08000500                diag_left
                0x080005ac                diag_right
                0x08000658                circle
                0x0800066c                square
                0x080006cc                figure8
                0x08000728                TIM2_Handler
                0x08000804                SendATCommand
                0x0800087c                setPWM
                0x08000b64                pathFindingDecoder
                0x08000f10                ButtonCommand
                0x08000f58                Hardware_Init
                0x08001128                GetPeriod
                0x08001224                MapFrequency
                0x080012a2                main
 .text          0x080015b8      0x5b4 serial.o
                0x080015b8                ReadCom
                0x0800162c                WriteCom
                0x080016cc                initUART
                0x0800181c                USART1_Handler
                0x08001848                usart_rx
                0x08001878                usart_tx
                0x080018e0                PutBuf
                0x08001942                GetBuf
                0x08001998                GetBufCount
                0x080019ac                eputs
                0x080019e8                eputc
                0x08001a06                egetc
                0x08001a20                egets
                0x08001aac                egetc_echo
                0x08001ad2                egets_echo
 .text          0x08001b6c      0x5c8 UART2.o
                0x08001b6c                ReadCom2
                0x08001be0                WriteCom2
                0x08001c80                initUART2
                0x08001dcc                USART2_Handler
                0x08001df8                usart_rx2
                0x08001e28                usart_tx2
                0x08001e90                PutBuf2
                0x08001ef2                GetBuf2
                0x08001f48                GetBufCount2
                0x08001f5c                eputs2
                0x08001f98                eputc2
                0x08001fb6                egetc2
                0x08001fd0                egets2
                0x0800205c                ReceivedBytes2
                0x08002074                egetc_echo2
                0x0800209a                egets_echo2
 .text          0x08002134      0x1a8 startup.o
                0x080021ac                initClock
                0x080022b4                EXTI2_3_Handler
                0x080022b4                TIM21_Handler
                0x080022b4                SysTick_Handler
                0x080022b4                I2C1_Handler
                0x080022b4                PendSV_Handler
                0x080022b4                NMI_Handler
                0x080022b4                WWDG_Handler
                0x080022b4                RTC_Handler
                0x080022b4                EXTI4_15_Handler
                0x080022b4                DMA_CH4_5_6_7_Handler
                0x080022b4                Default_Handler
                0x080022b4                LPUART1_Handler
                0x080022b4                FLASH_Handler
                0x080022b4                EXTI0_1_Handler
                0x080022b4                DMA_CH1_Handler
                0x080022b4                SPI2_Handler
                0x080022b4                DMA_CH2_3_Handler
                0x080022b4                I2C2_Handler
                0x080022b4                SVC_Handler
                0x080022b4                LPTIM1_Handler
                0x080022b4                SPI1_Handler
                0x080022b4                RCC_Handler
                0x080022b4                PVD_Handler
                0x080022b4                TIM6_Handler
                0x080022b4                TIM22_Handler
                0x080022b4                ADC_COMP_Handler
                0x080022c8                Hard_Fault_Handler
 .text          0x080022dc      0x29c newlib_stubs.o
                0x080022dc                _exit
                0x080022e6                _close
                0x080022fa                _execve
                0x0800231c                _fork
                0x08002334                _fstat
                0x08002350                _getpid
                0x0800235c                _kill
                0x0800237c                _link
                0x0800239c                _lseek
                0x080023b2                _stat
                0x080023ce                _times
                0x080023e2                _unlink
                0x08002400                _wait
                0x08002420                _isatty
                0x08002448                _sbrk
                0x080024ac                _read
                0x08002524                _write
 .text          0x08002578        0x0 C:\Users\hnyre\OneDrive\Desktop\13.2 Rel1\lib\gcc\arm-none-eabi\13.2.1\thumb\v6-m\nofp\libnosys.a(errno.o)
 .text          0x08002578      0x1d4 C:\Users\hnyre\OneDrive\Desktop\13.2 Rel1\lib\gcc\arm-none-eabi\13.2.1\thumb\v6-m\nofp\libgcc.a(_divsi3.o)
                0x08002578                __divsi3
                0x08002578                __aeabi_idiv
                0x08002744                __aeabi_idivmod
 .text          0x0800274c        0x4 C:\Users\hnyre\OneDrive\Desktop\13.2 Rel1\lib\gcc\arm-none-eabi\13.2.1\thumb\v6-m\nofp\libgcc.a(_dvmd_tls.o)
                0x0800274c                __aeabi_idiv0
                0x0800274c                __aeabi_ldiv0
 .text          0x08002750        0x0 C:\Users\hnyre\OneDrive\Desktop\13.2 Rel1\lib\gcc\arm-none-eabi\13.2.1\thumb\v6-m\nofp\libgcc.a(addsf3.o)
 .text.__aeabi_fadd
                0x08002750      0x340 C:\Users\hnyre\OneDrive\Desktop\13.2 Rel1\lib\gcc\arm-none-eabi\13.2.1\thumb\v6-m\nofp\libgcc.a(addsf3.o)
                0x08002750                __aeabi_fadd
 .text          0x08002a90        0x0 C:\Users\hnyre\OneDrive\Desktop\13.2 Rel1\lib\gcc\arm-none-eabi\13.2.1\thumb\v6-m\nofp\libgcc.a(divsf3.o)
 .text.__aeabi_fdiv
                0x08002a90      0x224 C:\Users\hnyre\OneDrive\Desktop\13.2 Rel1\lib\gcc\arm-none-eabi\13.2.1\thumb\v6-m\nofp\libgcc.a(divsf3.o)
                0x08002a90                __aeabi_fdiv
 .text          0x08002cb4        0x0 C:\Users\hnyre\OneDrive\Desktop\13.2 Rel1\lib\gcc\arm-none-eabi\13.2.1\thumb\v6-m\nofp\libgcc.a(fixsfsi.o)
 .text.__aeabi_f2iz
                0x08002cb4       0x40 C:\Users\hnyre\OneDrive\Desktop\13.2 Rel1\lib\gcc\arm-none-eabi\13.2.1\thumb\v6-m\nofp\libgcc.a(fixsfsi.o)
                0x08002cb4                __aeabi_f2iz
 .text          0x08002cf4        0x0 C:\Users\hnyre\OneDrive\Desktop\13.2 Rel1\lib\gcc\arm-none-eabi\13.2.1\thumb\v6-m\nofp\libgcc.a(floatsisf.o)
 .text.__aeabi_i2f
                0x08002cf4       0x94 C:\Users\hnyre\OneDrive\Desktop\13.2 Rel1\lib\gcc\arm-none-eabi\13.2.1\thumb\v6-m\nofp\libgcc.a(floatsisf.o)
                0x08002cf4                __aeabi_i2f
 .text          0x08002d88        0x0 C:\Users\hnyre\OneDrive\Desktop\13.2 Rel1\lib\gcc\arm-none-eabi\13.2.1\thumb\v6-m\nofp\libgcc.a(divdf3.o)
 .text.__aeabi_ddiv
                0x08002d88      0x604 C:\Users\hnyre\OneDrive\Desktop\13.2 Rel1\lib\gcc\arm-none-eabi\13.2.1\thumb\v6-m\nofp\libgcc.a(divdf3.o)
                0x08002d88                __aeabi_ddiv
 .text          0x0800338c        0x0 C:\Users\hnyre\OneDrive\Desktop\13.2 Rel1\lib\gcc\arm-none-eabi\13.2.1\thumb\v6-m\nofp\libgcc.a(muldf3.o)
 .text.__aeabi_dmul
                0x0800338c      0x598 C:\Users\hnyre\OneDrive\Desktop\13.2 Rel1\lib\gcc\arm-none-eabi\13.2.1\thumb\v6-m\nofp\libgcc.a(muldf3.o)
                0x0800338c                __aeabi_dmul
 .text          0x08003924        0x0 C:\Users\hnyre\OneDrive\Desktop\13.2 Rel1\lib\gcc\arm-none-eabi\13.2.1\thumb\v6-m\nofp\libgcc.a(fixdfsi.o)
 .text.__aeabi_d2iz
                0x08003924       0x78 C:\Users\hnyre\OneDrive\Desktop\13.2 Rel1\lib\gcc\arm-none-eabi\13.2.1\thumb\v6-m\nofp\libgcc.a(fixdfsi.o)
                0x08003924                __aeabi_d2iz
 .text          0x0800399c        0x0 C:\Users\hnyre\OneDrive\Desktop\13.2 Rel1\lib\gcc\arm-none-eabi\13.2.1\thumb\v6-m\nofp\libgcc.a(floatsidf.o)
 .text.__aeabi_i2d
                0x0800399c       0x5c C:\Users\hnyre\OneDrive\Desktop\13.2 Rel1\lib\gcc\arm-none-eabi\13.2.1\thumb\v6-m\nofp\libgcc.a(floatsidf.o)
                0x0800399c                __aeabi_i2d
 .text          0x080039f8        0x0 C:\Users\hnyre\OneDrive\Desktop\13.2 Rel1\lib\gcc\arm-none-eabi\13.2.1\thumb\v6-m\nofp\libgcc.a(truncdfsf2.o)
 .text.__aeabi_d2f
                0x080039f8      0x10c C:\Users\hnyre\OneDrive\Desktop\13.2 Rel1\lib\gcc\arm-none-eabi\13.2.1\thumb\v6-m\nofp\libgcc.a(truncdfsf2.o)
                0x080039f8                __aeabi_d2f
 .text          0x08003b04      0x114 C:\Users\hnyre\OneDrive\Desktop\13.2 Rel1\lib\gcc\arm-none-eabi\13.2.1\thumb\v6-m\nofp\libgcc.a(_udivsi3.o)
                0x08003b04                __aeabi_uidiv
                0x08003b04                __udivsi3
                0x08003c10                __aeabi_uidivmod
 .text          0x08003c18       0x3c C:\Users\hnyre\OneDrive\Desktop\13.2 Rel1\lib\gcc\arm-none-eabi\13.2.1\thumb\v6-m\nofp\libgcc.a(_clzsi2.o)
                0x08003c18                __clzsi2
 .text          0x08003c54        0x0 C:\Users\hnyre\OneDrive\Desktop\13.2 Rel1\lib\gcc\arm-none-eabi\13.2.1\thumb\v6-m\nofp\libc_nano.a(libc_a-nano-vfprintf_float.o)
 .text.__cvt    0x08003c54       0xcc C:\Users\hnyre\OneDrive\Desktop\13.2 Rel1\lib\gcc\arm-none-eabi\13.2.1\thumb\v6-m\nofp\libc_nano.a(libc_a-nano-vfprintf_float.o)
                0x08003c54                __cvt
 .text.__exponent
                0x08003d20       0x80 C:\Users\hnyre\OneDrive\Desktop\13.2 Rel1\lib\gcc\arm-none-eabi\13.2.1\thumb\v6-m\nofp\libc_nano.a(libc_a-nano-vfprintf_float.o)
                0x08003d20                __exponent
 .text._printf_float
                0x08003da0      0x47c C:\Users\hnyre\OneDrive\Desktop\13.2 Rel1\lib\gcc\arm-none-eabi\13.2.1\thumb\v6-m\nofp\libc_nano.a(libc_a-nano-vfprintf_float.o)
                0x08003da0                _printf_float
 .text          0x0800421c        0x0 C:\Users\hnyre\OneDrive\Desktop\13.2 Rel1\lib\gcc\arm-none-eabi\13.2.1\thumb\v6-m\nofp\libc_nano.a(libc_a-nano-vfprintf_i.o)
 .text._printf_common
                0x0800421c       0xde C:\Users\hnyre\OneDrive\Desktop\13.2 Rel1\lib\gcc\arm-none-eabi\13.2.1\thumb\v6-m\nofp\libc_nano.a(libc_a-nano-vfprintf_i.o)
                0x0800421c                _printf_common
 *fill*         0x080042fa        0x2 
 .text._printf_i
                0x080042fc      0x218 C:\Users\hnyre\OneDrive\Desktop\13.2 Rel1\lib\gcc\arm-none-eabi\13.2.1\thumb\v6-m\nofp\libc_nano.a(libc_a-nano-vfprintf_i.o)
                0x080042fc                _printf_i
 .text          0x08004514        0x0 C:\Users\hnyre\OneDrive\Desktop\13.2 Rel1\lib\gcc\arm-none-eabi\13.2.1\thumb\v6-m\nofp\libc_nano.a(libc_a-printf.o)
 .text._printf_r
                0x08004514       0x18 C:\Users\hnyre\OneDrive\Desktop\13.2 Rel1\lib\gcc\arm-none-eabi\13.2.1\thumb\v6-m\nofp\libc_nano.a(libc_a-printf.o)
                0x08004514                _iprintf_r
                0x08004514                _printf_r
 .text.printf   0x0800452c       0x20 C:\Users\hnyre\OneDrive\Desktop\13.2 Rel1\lib\gcc\arm-none-eabi\13.2.1\thumb\v6-m\nofp\libc_nano.a(libc_a-printf.o)
                0x0800452c                iprintf
                0x0800452c                printf
 .text          0x0800454c        0x0 C:\Users\hnyre\OneDrive\Desktop\13.2 Rel1\lib\gcc\arm-none-eabi\13.2.1\thumb\v6-m\nofp\libc_nano.a(libc_a-puts.o)
 .text._puts_r  0x0800454c       0xac C:\Users\hnyre\OneDrive\Desktop\13.2 Rel1\lib\gcc\arm-none-eabi\13.2.1\thumb\v6-m\nofp\libc_nano.a(libc_a-puts.o)
                0x0800454c                _puts_r
 .text.puts     0x080045f8       0x14 C:\Users\hnyre\OneDrive\Desktop\13.2 Rel1\lib\gcc\arm-none-eabi\13.2.1\thumb\v6-m\nofp\libc_nano.a(libc_a-puts.o)
                0x080045f8                puts
 .text          0x0800460c        0x0 C:\Users\hnyre\OneDrive\Desktop\13.2 Rel1\lib\gcc\arm-none-eabi\13.2.1\thumb\v6-m\nofp\libc_nano.a(libc_a-sprintf.o)
 .text._sprintf_r
                0x0800460c       0x38 C:\Users\hnyre\OneDrive\Desktop\13.2 Rel1\lib\gcc\arm-none-eabi\13.2.1\thumb\v6-m\nofp\libc_nano.a(libc_a-sprintf.o)
                0x0800460c                _sprintf_r
                0x0800460c                _siprintf_r
 .text.sprintf  0x08004644       0x40 C:\Users\hnyre\OneDrive\Desktop\13.2 Rel1\lib\gcc\arm-none-eabi\13.2.1\thumb\v6-m\nofp\libc_nano.a(libc_a-sprintf.o)
                0x08004644                siprintf
                0x08004644                sprintf
 .text          0x08004684        0x0 C:\Users\hnyre\OneDrive\Desktop\13.2 Rel1\lib\gcc\arm-none-eabi\13.2.1\thumb\v6-m\nofp\libc_nano.a(libc_a-wbuf.o)
 .text.__swbuf_r
                0x08004684       0x84 C:\Users\hnyre\OneDrive\Desktop\13.2 Rel1\lib\gcc\arm-none-eabi\13.2.1\thumb\v6-m\nofp\libc_nano.a(libc_a-wbuf.o)
                0x08004684                __swbuf_r
 .text.__swbuf  0x08004708       0x14 C:\Users\hnyre\OneDrive\Desktop\13.2 Rel1\lib\gcc\arm-none-eabi\13.2.1\thumb\v6-m\nofp\libc_nano.a(libc_a-wbuf.o)
                0x08004708                __swbuf
 .text          0x0800471c        0x0 C:\Users\hnyre\OneDrive\Desktop\13.2 Rel1\lib\gcc\arm-none-eabi\13.2.1\thumb\v6-m\nofp\libc_nano.a(libc_a-wsetup.o)
 .text.__swsetup_r
                0x0800471c       0xbc C:\Users\hnyre\OneDrive\Desktop\13.2 Rel1\lib\gcc\arm-none-eabi\13.2.1\thumb\v6-m\nofp\libc_nano.a(libc_a-wsetup.o)
                0x0800471c                __swsetup_r
 .text          0x080047d8        0x0 C:\Users\hnyre\OneDrive\Desktop\13.2 Rel1\lib\gcc\arm-none-eabi\13.2.1\thumb\v6-m\nofp\libc_nano.a(libc_a-localeconv.o)
 .text.__localeconv_l
                0x080047d8        0x4 C:\Users\hnyre\OneDrive\Desktop\13.2 Rel1\lib\gcc\arm-none-eabi\13.2.1\thumb\v6-m\nofp\libc_nano.a(libc_a-localeconv.o)
                0x080047d8                __localeconv_l
 .text._localeconv_r
                0x080047dc        0x8 C:\Users\hnyre\OneDrive\Desktop\13.2 Rel1\lib\gcc\arm-none-eabi\13.2.1\thumb\v6-m\nofp\libc_nano.a(libc_a-localeconv.o)
                0x080047dc                _localeconv_r
 .text.localeconv
                0x080047e4        0x8 C:\Users\hnyre\OneDrive\Desktop\13.2 Rel1\lib\gcc\arm-none-eabi\13.2.1\thumb\v6-m\nofp\libc_nano.a(libc_a-localeconv.o)
                0x080047e4                localeconv
 .text          0x080047ec        0x0 C:\Users\hnyre\OneDrive\Desktop\13.2 Rel1\lib\gcc\arm-none-eabi\13.2.1\thumb\v6-m\nofp\libc_nano.a(libc_a-impure.o)
 .text          0x080047ec        0x0 C:\Users\hnyre\OneDrive\Desktop\13.2 Rel1\lib\gcc\arm-none-eabi\13.2.1\thumb\v6-m\nofp\libc_nano.a(libc_a-lock.o)
 .text.__retarget_lock_init
                0x080047ec        0x2 C:\Users\hnyre\OneDrive\Desktop\13.2 Rel1\lib\gcc\arm-none-eabi\13.2.1\thumb\v6-m\nofp\libc_nano.a(libc_a-lock.o)
                0x080047ec                __retarget_lock_init
 .text.__retarget_lock_init_recursive
                0x080047ee        0x2 C:\Users\hnyre\OneDrive\Desktop\13.2 Rel1\lib\gcc\arm-none-eabi\13.2.1\thumb\v6-m\nofp\libc_nano.a(libc_a-lock.o)
                0x080047ee                __retarget_lock_init_recursive
 .text.__retarget_lock_close
                0x080047f0        0x2 C:\Users\hnyre\OneDrive\Desktop\13.2 Rel1\lib\gcc\arm-none-eabi\13.2.1\thumb\v6-m\nofp\libc_nano.a(libc_a-lock.o)
                0x080047f0                __retarget_lock_close
 .text.__retarget_lock_close_recursive
                0x080047f2        0x2 C:\Users\hnyre\OneDrive\Desktop\13.2 Rel1\lib\gcc\arm-none-eabi\13.2.1\thumb\v6-m\nofp\libc_nano.a(libc_a-lock.o)
                0x080047f2                __retarget_lock_close_recursive
 .text.__retarget_lock_acquire
                0x080047f4        0x2 C:\Users\hnyre\OneDrive\Desktop\13.2 Rel1\lib\gcc\arm-none-eabi\13.2.1\thumb\v6-m\nofp\libc_nano.a(libc_a-lock.o)
                0x080047f4                __retarget_lock_acquire
 .text.__retarget_lock_acquire_recursive
                0x080047f6        0x2 C:\Users\hnyre\OneDrive\Desktop\13.2 Rel1\lib\gcc\arm-none-eabi\13.2.1\thumb\v6-m\nofp\libc_nano.a(libc_a-lock.o)
                0x080047f6                __retarget_lock_acquire_recursive
 .text.__retarget_lock_try_acquire
                0x080047f8        0x4 C:\Users\hnyre\OneDrive\Desktop\13.2 Rel1\lib\gcc\arm-none-eabi\13.2.1\thumb\v6-m\nofp\libc_nano.a(libc_a-lock.o)
                0x080047f8                __retarget_lock_try_acquire
 .text.__retarget_lock_try_acquire_recursive
                0x080047fc        0x4 C:\Users\hnyre\OneDrive\Desktop\13.2 Rel1\lib\gcc\arm-none-eabi\13.2.1\thumb\v6-m\nofp\libc_nano.a(libc_a-lock.o)
                0x080047fc                __retarget_lock_try_acquire_recursive
 .text.__retarget_lock_release
                0x08004800        0x2 C:\Users\hnyre\OneDrive\Desktop\13.2 Rel1\lib\gcc\arm-none-eabi\13.2.1\thumb\v6-m\nofp\libc_nano.a(libc_a-lock.o)
                0x08004800                __retarget_lock_release
 .text.__retarget_lock_release_recursive
                0x08004802        0x2 C:\Users\hnyre\OneDrive\Desktop\13.2 Rel1\lib\gcc\arm-none-eabi\13.2.1\thumb\v6-m\nofp\libc_nano.a(libc_a-lock.o)
                0x08004802                __retarget_lock_release_recursive
 .text          0x08004804        0x0 C:\Users\hnyre\OneDrive\Desktop\13.2 Rel1\lib\gcc\arm-none-eabi\13.2.1\thumb\v6-m\nofp\libc_nano.a(libc_a-memchr-stub.o)
 .text.memchr   0x08004804       0x16 C:\Users\hnyre\OneDrive\Desktop\13.2 Rel1\lib\gcc\arm-none-eabi\13.2.1\thumb\v6-m\nofp\libc_nano.a(libc_a-memchr-stub.o)
                0x08004804                memchr
 .text          0x0800481a        0xe C:\Users\hnyre\OneDrive\Desktop\13.2 Rel1\lib\gcc\arm-none-eabi\13.2.1\thumb\v6-m\nofp\libc_nano.a(libc_a-strlen.o)
                0x0800481a                strlen
 .text          0x08004828        0x0 C:\Users\hnyre\OneDrive\Desktop\13.2 Rel1\lib\gcc\arm-none-eabi\13.2.1\thumb\v6-m\nofp\libc_nano.a(libc_a-dtoa.o)
 .text.quorem   0x08004828      0x10a C:\Users\hnyre\OneDrive\Desktop\13.2 Rel1\lib\gcc\arm-none-eabi\13.2.1\thumb\v6-m\nofp\libc_nano.a(libc_a-dtoa.o)
 *fill*         0x08004932        0x2 
 .text._dtoa_r  0x08004934      0xbd8 C:\Users\hnyre\OneDrive\Desktop\13.2 Rel1\lib\gcc\arm-none-eabi\13.2.1\thumb\v6-m\nofp\libc_nano.a(libc_a-dtoa.o)
                0x08004934                _dtoa_r
 .text          0x0800550c        0x0 C:\Users\hnyre\OneDrive\Desktop\13.2 Rel1\lib\gcc\arm-none-eabi\13.2.1\thumb\v6-m\nofp\libc_nano.a(libc_a-freer.o)
 .text._free_r  0x0800550c       0x94 C:\Users\hnyre\OneDrive\Desktop\13.2 Rel1\lib\gcc\arm-none-eabi\13.2.1\thumb\v6-m\nofp\libc_nano.a(libc_a-freer.o)
                0x0800550c                _free_r
 .text          0x080055a0        0x0 C:\Users\hnyre\OneDrive\Desktop\13.2 Rel1\lib\gcc\arm-none-eabi\13.2.1\thumb\v6-m\nofp\libc_nano.a(libc_a-malloc.o)
 .text.malloc   0x080055a0       0x14 C:\Users\hnyre\OneDrive\Desktop\13.2 Rel1\lib\gcc\arm-none-eabi\13.2.1\thumb\v6-m\nofp\libc_nano.a(libc_a-malloc.o)
                0x080055a0                malloc
 .text.free     0x080055b4       0x14 C:\Users\hnyre\OneDrive\Desktop\13.2 Rel1\lib\gcc\arm-none-eabi\13.2.1\thumb\v6-m\nofp\libc_nano.a(libc_a-malloc.o)
                0x080055b4                free
 .text          0x080055c8        0x0 C:\Users\hnyre\OneDrive\Desktop\13.2 Rel1\lib\gcc\arm-none-eabi\13.2.1\thumb\v6-m\nofp\libc_nano.a(libc_a-mallocr.o)
 .text.sbrk_aligned
                0x080055c8       0x44 C:\Users\hnyre\OneDrive\Desktop\13.2 Rel1\lib\gcc\arm-none-eabi\13.2.1\thumb\v6-m\nofp\libc_nano.a(libc_a-mallocr.o)
 .text._malloc_r
                0x0800560c      0x100 C:\Users\hnyre\OneDrive\Desktop\13.2 Rel1\lib\gcc\arm-none-eabi\13.2.1\thumb\v6-m\nofp\libc_nano.a(libc_a-mallocr.o)
                0x0800560c                _malloc_r
 .text          0x0800570c        0x0 C:\Users\hnyre\OneDrive\Desktop\13.2 Rel1\lib\gcc\arm-none-eabi\13.2.1\thumb\v6-m\nofp\libc_nano.a(libc_a-mlock.o)
 .text.__malloc_lock
                0x0800570c       0x10 C:\Users\hnyre\OneDrive\Desktop\13.2 Rel1\lib\gcc\arm-none-eabi\13.2.1\thumb\v6-m\nofp\libc_nano.a(libc_a-mlock.o)
                0x0800570c                __malloc_lock
 .text.__malloc_unlock
                0x0800571c       0x10 C:\Users\hnyre\OneDrive\Desktop\13.2 Rel1\lib\gcc\arm-none-eabi\13.2.1\thumb\v6-m\nofp\libc_nano.a(libc_a-mlock.o)
                0x0800571c                __malloc_unlock
 .text          0x0800572c        0x0 C:\Users\hnyre\OneDrive\Desktop\13.2 Rel1\lib\gcc\arm-none-eabi\13.2.1\thumb\v6-m\nofp\libc_nano.a(libc_a-mprec.o)
 .text._Balloc  0x0800572c       0x88 C:\Users\hnyre\OneDrive\Desktop\13.2 Rel1\lib\gcc\arm-none-eabi\13.2.1\thumb\v6-m\nofp\libc_nano.a(libc_a-mprec.o)
                0x0800572c                _Balloc
 .text._Bfree   0x080057b4       0x48 C:\Users\hnyre\OneDrive\Desktop\13.2 Rel1\lib\gcc\arm-none-eabi\13.2.1\thumb\v6-m\nofp\libc_nano.a(libc_a-mprec.o)
                0x080057b4                _Bfree
 .text.__multadd
                0x080057fc       0x88 C:\Users\hnyre\OneDrive\Desktop\13.2 Rel1\lib\gcc\arm-none-eabi\13.2.1\thumb\v6-m\nofp\libc_nano.a(libc_a-mprec.o)
                0x080057fc                __multadd
 .text.__s2b    0x08005884       0x98 C:\Users\hnyre\OneDrive\Desktop\13.2 Rel1\lib\gcc\arm-none-eabi\13.2.1\thumb\v6-m\nofp\libc_nano.a(libc_a-mprec.o)
                0x08005884                __s2b
 .text.__hi0bits
                0x0800591c       0x42 C:\Users\hnyre\OneDrive\Desktop\13.2 Rel1\lib\gcc\arm-none-eabi\13.2.1\thumb\v6-m\nofp\libc_nano.a(libc_a-mprec.o)
                0x0800591c                __hi0bits
 .text.__lo0bits
                0x0800595e       0x5c C:\Users\hnyre\OneDrive\Desktop\13.2 Rel1\lib\gcc\arm-none-eabi\13.2.1\thumb\v6-m\nofp\libc_nano.a(libc_a-mprec.o)
                0x0800595e                __lo0bits
 *fill*         0x080059ba        0x2 
 .text.__i2b    0x080059bc       0x30 C:\Users\hnyre\OneDrive\Desktop\13.2 Rel1\lib\gcc\arm-none-eabi\13.2.1\thumb\v6-m\nofp\libc_nano.a(libc_a-mprec.o)
                0x080059bc                __i2b
 .text.__multiply
                0x080059ec      0x154 C:\Users\hnyre\OneDrive\Desktop\13.2 Rel1\lib\gcc\arm-none-eabi\13.2.1\thumb\v6-m\nofp\libc_nano.a(libc_a-mprec.o)
                0x080059ec                __multiply
 .text.__pow5mult
                0x08005b40       0xb8 C:\Users\hnyre\OneDrive\Desktop\13.2 Rel1\lib\gcc\arm-none-eabi\13.2.1\thumb\v6-m\nofp\libc_nano.a(libc_a-mprec.o)
                0x08005b40                __pow5mult
 .text.__lshift
                0x08005bf8       0xd8 C:\Users\hnyre\OneDrive\Desktop\13.2 Rel1\lib\gcc\arm-none-eabi\13.2.1\thumb\v6-m\nofp\libc_nano.a(libc_a-mprec.o)
                0x08005bf8                __lshift
 .text.__mcmp   0x08005cd0       0x36 C:\Users\hnyre\OneDrive\Desktop\13.2 Rel1\lib\gcc\arm-none-eabi\13.2.1\thumb\v6-m\nofp\libc_nano.a(libc_a-mprec.o)
                0x08005cd0                __mcmp
 *fill*         0x08005d06        0x2 
 .text.__mdiff  0x08005d08      0x134 C:\Users\hnyre\OneDrive\Desktop\13.2 Rel1\lib\gcc\arm-none-eabi\13.2.1\thumb\v6-m\nofp\libc_nano.a(libc_a-mprec.o)
                0x08005d08                __mdiff
 .text.__ulp    0x08005e3c       0x40 C:\Users\hnyre\OneDrive\Desktop\13.2 Rel1\lib\gcc\arm-none-eabi\13.2.1\thumb\v6-m\nofp\libc_nano.a(libc_a-mprec.o)
                0x08005e3c                __ulp
 .text.__b2d    0x08005e7c       0x98 C:\Users\hnyre\OneDrive\Desktop\13.2 Rel1\lib\gcc\arm-none-eabi\13.2.1\thumb\v6-m\nofp\libc_nano.a(libc_a-mprec.o)
                0x08005e7c                __b2d
 .text.__d2b    0x08005f14       0xc0 C:\Users\hnyre\OneDrive\Desktop\13.2 Rel1\lib\gcc\arm-none-eabi\13.2.1\thumb\v6-m\nofp\libc_nano.a(libc_a-mprec.o)
                0x08005f14                __d2b
 .text.__ratio  0x08005fd4       0x54 C:\Users\hnyre\OneDrive\Desktop\13.2 Rel1\lib\gcc\arm-none-eabi\13.2.1\thumb\v6-m\nofp\libc_nano.a(libc_a-mprec.o)
                0x08005fd4                __ratio
 .text._mprec_log10
                0x08006028       0x34 C:\Users\hnyre\OneDrive\Desktop\13.2 Rel1\lib\gcc\arm-none-eabi\13.2.1\thumb\v6-m\nofp\libc_nano.a(libc_a-mprec.o)
                0x08006028                _mprec_log10
 .text.__copybits
                0x0800605c       0x42 C:\Users\hnyre\OneDrive\Desktop\13.2 Rel1\lib\gcc\arm-none-eabi\13.2.1\thumb\v6-m\nofp\libc_nano.a(libc_a-mprec.o)
                0x0800605c                __copybits
 .text.__any_on
                0x0800609e       0x46 C:\Users\hnyre\OneDrive\Desktop\13.2 Rel1\lib\gcc\arm-none-eabi\13.2.1\thumb\v6-m\nofp\libc_nano.a(libc_a-mprec.o)
                0x0800609e                __any_on
 .text          0x080060e4        0x0 C:\Users\hnyre\OneDrive\Desktop\13.2 Rel1\lib\gcc\arm-none-eabi\13.2.1\thumb\v6-m\nofp\libc_nano.a(libc_a-nano-svfprintf.o)
 .text.__ssputs_r
                0x080060e4       0xc0 C:\Users\hnyre\OneDrive\Desktop\13.2 Rel1\lib\gcc\arm-none-eabi\13.2.1\thumb\v6-m\nofp\libc_nano.a(libc_a-nano-svfprintf.o)
                0x080060e4                __ssputs_r
 .text.__ssprint_r
                0x080061a4      0x104 C:\Users\hnyre\OneDrive\Desktop\13.2 Rel1\lib\gcc\arm-none-eabi\13.2.1\thumb\v6-m\nofp\libc_nano.a(libc_a-nano-svfprintf.o)
                0x080061a4                __ssprint_r
 .text._svfprintf_r
                0x080062a8      0x1fc C:\Users\hnyre\OneDrive\Desktop\13.2 Rel1\lib\gcc\arm-none-eabi\13.2.1\thumb\v6-m\nofp\libc_nano.a(libc_a-nano-svfprintf.o)
                0x080062a8                _svfiprintf_r
                0x080062a8                _svfprintf_r
 .text          0x080064a4        0x0 C:\Users\hnyre\OneDrive\Desktop\13.2 Rel1\lib\gcc\arm-none-eabi\13.2.1\thumb\v6-m\nofp\libc_nano.a(libc_a-nano-vfprintf.o)
 .text.__sfputc_r
                0x080064a4       0x2a C:\Users\hnyre\OneDrive\Desktop\13.2 Rel1\lib\gcc\arm-none-eabi\13.2.1\thumb\v6-m\nofp\libc_nano.a(libc_a-nano-vfprintf.o)
 .text.__sfputs_r
                0x080064ce       0x24 C:\Users\hnyre\OneDrive\Desktop\13.2 Rel1\lib\gcc\arm-none-eabi\13.2.1\thumb\v6-m\nofp\libc_nano.a(libc_a-nano-vfprintf.o)
                0x080064ce                __sfputs_r
 .text.__sprint_r
                0x080064f2       0x20 C:\Users\hnyre\OneDrive\Desktop\13.2 Rel1\lib\gcc\arm-none-eabi\13.2.1\thumb\v6-m\nofp\libc_nano.a(libc_a-nano-vfprintf.o)
                0x080064f2                __sprint_r
 *fill*         0x08006512        0x2 
 .text._vfprintf_r
                0x08006514      0x238 C:\Users\hnyre\OneDrive\Desktop\13.2 Rel1\lib\gcc\arm-none-eabi\13.2.1\thumb\v6-m\nofp\libc_nano.a(libc_a-nano-vfprintf.o)
                0x08006514                _vfprintf_r
                0x08006514                _vfiprintf_r
 .text.vfprintf
                0x0800674c       0x18 C:\Users\hnyre\OneDrive\Desktop\13.2 Rel1\lib\gcc\arm-none-eabi\13.2.1\thumb\v6-m\nofp\libc_nano.a(libc_a-nano-vfprintf.o)
                0x0800674c                vfprintf
                0x0800674c                vfiprintf
 .text          0x08006764        0x0 C:\Users\hnyre\OneDrive\Desktop\13.2 Rel1\lib\gcc\arm-none-eabi\13.2.1\thumb\v6-m\nofp\libc_nano.a(libc_a-fflush.o)
 .text.__sflush_r
                0x08006764      0x10c C:\Users\hnyre\OneDrive\Desktop\13.2 Rel1\lib\gcc\arm-none-eabi\13.2.1\thumb\v6-m\nofp\libc_nano.a(libc_a-fflush.o)
                0x08006764                __sflush_r
 .text._fflush_r
                0x08006870       0x56 C:\Users\hnyre\OneDrive\Desktop\13.2 Rel1\lib\gcc\arm-none-eabi\13.2.1\thumb\v6-m\nofp\libc_nano.a(libc_a-fflush.o)
                0x08006870                _fflush_r
 *fill*         0x080068c6        0x2 
 .text.fflush   0x080068c8       0x30 C:\Users\hnyre\OneDrive\Desktop\13.2 Rel1\lib\gcc\arm-none-eabi\13.2.1\thumb\v6-m\nofp\libc_nano.a(libc_a-fflush.o)
                0x080068c8                fflush
 .text          0x080068f8        0x0 C:\Users\hnyre\OneDrive\Desktop\13.2 Rel1\lib\gcc\arm-none-eabi\13.2.1\thumb\v6-m\nofp\libc_nano.a(libc_a-findfp.o)
 .text.std      0x080068f8       0x6c C:\Users\hnyre\OneDrive\Desktop\13.2 Rel1\lib\gcc\arm-none-eabi\13.2.1\thumb\v6-m\nofp\libc_nano.a(libc_a-findfp.o)
 .text.stdio_exit_handler
                0x08006964       0x1c C:\Users\hnyre\OneDrive\Desktop\13.2 Rel1\lib\gcc\arm-none-eabi\13.2.1\thumb\v6-m\nofp\libc_nano.a(libc_a-findfp.o)
 .text.cleanup_stdio
                0x08006980       0x3c C:\Users\hnyre\OneDrive\Desktop\13.2 Rel1\lib\gcc\arm-none-eabi\13.2.1\thumb\v6-m\nofp\libc_nano.a(libc_a-findfp.o)
 .text.__fp_lock
                0x080069bc       0x18 C:\Users\hnyre\OneDrive\Desktop\13.2 Rel1\lib\gcc\arm-none-eabi\13.2.1\thumb\v6-m\nofp\libc_nano.a(libc_a-findfp.o)
 .text.__fp_unlock
                0x080069d4       0x18 C:\Users\hnyre\OneDrive\Desktop\13.2 Rel1\lib\gcc\arm-none-eabi\13.2.1\thumb\v6-m\nofp\libc_nano.a(libc_a-findfp.o)
 .text.global_stdio_init.part.0
                0x080069ec       0x3c C:\Users\hnyre\OneDrive\Desktop\13.2 Rel1\lib\gcc\arm-none-eabi\13.2.1\thumb\v6-m\nofp\libc_nano.a(libc_a-findfp.o)
 .text.__sfp_lock_acquire
                0x08006a28       0x10 C:\Users\hnyre\OneDrive\Desktop\13.2 Rel1\lib\gcc\arm-none-eabi\13.2.1\thumb\v6-m\nofp\libc_nano.a(libc_a-findfp.o)
                0x08006a28                __sfp_lock_acquire
 .text.__sfp_lock_release
                0x08006a38       0x10 C:\Users\hnyre\OneDrive\Desktop\13.2 Rel1\lib\gcc\arm-none-eabi\13.2.1\thumb\v6-m\nofp\libc_nano.a(libc_a-findfp.o)
                0x08006a38                __sfp_lock_release
 .text.__sfp    0x08006a48       0xa8 C:\Users\hnyre\OneDrive\Desktop\13.2 Rel1\lib\gcc\arm-none-eabi\13.2.1\thumb\v6-m\nofp\libc_nano.a(libc_a-findfp.o)
                0x08006a48                __sfp
 .text.__sinit  0x08006af0       0x30 C:\Users\hnyre\OneDrive\Desktop\13.2 Rel1\lib\gcc\arm-none-eabi\13.2.1\thumb\v6-m\nofp\libc_nano.a(libc_a-findfp.o)
                0x08006af0                __sinit
 .text.__fp_lock_all
                0x08006b20       0x1c C:\Users\hnyre\OneDrive\Desktop\13.2 Rel1\lib\gcc\arm-none-eabi\13.2.1\thumb\v6-m\nofp\libc_nano.a(libc_a-findfp.o)
                0x08006b20                __fp_lock_all
 .text.__fp_unlock_all
                0x08006b3c       0x1c C:\Users\hnyre\OneDrive\Desktop\13.2 Rel1\lib\gcc\arm-none-eabi\13.2.1\thumb\v6-m\nofp\libc_nano.a(libc_a-findfp.o)
                0x08006b3c                __fp_unlock_all
 .text          0x08006b58        0x0 C:\Users\hnyre\OneDrive\Desktop\13.2 Rel1\lib\gcc\arm-none-eabi\13.2.1\thumb\v6-m\nofp\libc_nano.a(libc_a-fvwrite.o)
 .text.__sfvwrite_r
                0x08006b58      0x2b4 C:\Users\hnyre\OneDrive\Desktop\13.2 Rel1\lib\gcc\arm-none-eabi\13.2.1\thumb\v6-m\nofp\libc_nano.a(libc_a-fvwrite.o)
                0x08006b58                __sfvwrite_r
 .text          0x08006e0c        0x0 C:\Users\hnyre\OneDrive\Desktop\13.2 Rel1\lib\gcc\arm-none-eabi\13.2.1\thumb\v6-m\nofp\libc_nano.a(libc_a-fwalk.o)
 .text._fwalk_sglue
                0x08006e0c       0x38 C:\Users\hnyre\OneDrive\Desktop\13.2 Rel1\lib\gcc\arm-none-eabi\13.2.1\thumb\v6-m\nofp\libc_nano.a(libc_a-fwalk.o)
                0x08006e0c                _fwalk_sglue
 .text          0x08006e44        0x0 C:\Users\hnyre\OneDrive\Desktop\13.2 Rel1\lib\gcc\arm-none-eabi\13.2.1\thumb\v6-m\nofp\libc_nano.a(libc_a-makebuf.o)
 .text.__swhatbuf_r
                0x08006e44       0x54 C:\Users\hnyre\OneDrive\Desktop\13.2 Rel1\lib\gcc\arm-none-eabi\13.2.1\thumb\v6-m\nofp\libc_nano.a(libc_a-makebuf.o)
                0x08006e44                __swhatbuf_r
 .text.__smakebuf_r
                0x08006e98       0x82 C:\Users\hnyre\OneDrive\Desktop\13.2 Rel1\lib\gcc\arm-none-eabi\13.2.1\thumb\v6-m\nofp\libc_nano.a(libc_a-makebuf.o)
                0x08006e98                __smakebuf_r
 .text          0x08006f1a        0x0 C:\Users\hnyre\OneDrive\Desktop\13.2 Rel1\lib\gcc\arm-none-eabi\13.2.1\thumb\v6-m\nofp\libc_nano.a(libc_a-stdio.o)
 *fill*         0x08006f1a        0x2 
 .text.__sread  0x08006f1c       0x28 C:\Users\hnyre\OneDrive\Desktop\13.2 Rel1\lib\gcc\arm-none-eabi\13.2.1\thumb\v6-m\nofp\libc_nano.a(libc_a-stdio.o)
                0x08006f1c                __sread
 .text.__seofread
                0x08006f44        0x4 C:\Users\hnyre\OneDrive\Desktop\13.2 Rel1\lib\gcc\arm-none-eabi\13.2.1\thumb\v6-m\nofp\libc_nano.a(libc_a-stdio.o)
                0x08006f44                __seofread
 .text.__swrite
                0x08006f48       0x38 C:\Users\hnyre\OneDrive\Desktop\13.2 Rel1\lib\gcc\arm-none-eabi\13.2.1\thumb\v6-m\nofp\libc_nano.a(libc_a-stdio.o)
                0x08006f48                __swrite
 .text.__sseek  0x08006f80       0x2c C:\Users\hnyre\OneDrive\Desktop\13.2 Rel1\lib\gcc\arm-none-eabi\13.2.1\thumb\v6-m\nofp\libc_nano.a(libc_a-stdio.o)
                0x08006f80                __sseek
 .text.__sclose
                0x08006fac        0xc C:\Users\hnyre\OneDrive\Desktop\13.2 Rel1\lib\gcc\arm-none-eabi\13.2.1\thumb\v6-m\nofp\libc_nano.a(libc_a-stdio.o)
                0x08006fac                __sclose
 .text          0x08006fb8        0x0 C:\Users\hnyre\OneDrive\Desktop\13.2 Rel1\lib\gcc\arm-none-eabi\13.2.1\thumb\v6-m\nofp\libc_nano.a(libc_a-memmove.o)
 .text.memmove  0x08006fb8       0x24 C:\Users\hnyre\OneDrive\Desktop\13.2 Rel1\lib\gcc\arm-none-eabi\13.2.1\thumb\v6-m\nofp\libc_nano.a(libc_a-memmove.o)
                0x08006fb8                memmove
 .text          0x08006fdc        0x0 C:\Users\hnyre\OneDrive\Desktop\13.2 Rel1\lib\gcc\arm-none-eabi\13.2.1\thumb\v6-m\nofp\libc_nano.a(libc_a-memset.o)
 .text.memset   0x08006fdc       0x10 C:\Users\hnyre\OneDrive\Desktop\13.2 Rel1\lib\gcc\arm-none-eabi\13.2.1\thumb\v6-m\nofp\libc_nano.a(libc_a-memset.o)
                0x08006fdc                memset
 .text          0x08006fec        0x0 C:\Users\hnyre\OneDrive\Desktop\13.2 Rel1\lib\gcc\arm-none-eabi\13.2.1\thumb\v6-m\nofp\libc_nano.a(libc_a-locale.o)
 .text._setlocale_r
                0x08006fec       0x40 C:\Users\hnyre\OneDrive\Desktop\13.2 Rel1\lib\gcc\arm-none-eabi\13.2.1\thumb\v6-m\nofp\libc_nano.a(libc_a-locale.o)
                0x08006fec                _setlocale_r
 .text.__locale_mb_cur_max
                0x0800702c       0x10 C:\Users\hnyre\OneDrive\Desktop\13.2 Rel1\lib\gcc\arm-none-eabi\13.2.1\thumb\v6-m\nofp\libc_nano.a(libc_a-locale.o)
                0x0800702c                __locale_mb_cur_max
 .text.setlocale
                0x0800703c       0x14 C:\Users\hnyre\OneDrive\Desktop\13.2 Rel1\lib\gcc\arm-none-eabi\13.2.1\thumb\v6-m\nofp\libc_nano.a(libc_a-locale.o)
                0x0800703c                setlocale
 .text          0x08007050        0x0 C:\Users\hnyre\OneDrive\Desktop\13.2 Rel1\lib\gcc\arm-none-eabi\13.2.1\thumb\v6-m\nofp\libc_nano.a(libc_a-closer.o)
 .text._close_r
                0x08007050       0x24 C:\Users\hnyre\OneDrive\Desktop\13.2 Rel1\lib\gcc\arm-none-eabi\13.2.1\thumb\v6-m\nofp\libc_nano.a(libc_a-closer.o)
                0x08007050                _close_r
 .text          0x08007074        0x0 C:\Users\hnyre\OneDrive\Desktop\13.2 Rel1\lib\gcc\arm-none-eabi\13.2.1\thumb\v6-m\nofp\libc_nano.a(libc_a-fstatr.o)
 .text._fstat_r
                0x08007074       0x24 C:\Users\hnyre\OneDrive\Desktop\13.2 Rel1\lib\gcc\arm-none-eabi\13.2.1\thumb\v6-m\nofp\libc_nano.a(libc_a-fstatr.o)
                0x08007074                _fstat_r
 .text          0x08007098        0x0 C:\Users\hnyre\OneDrive\Desktop\13.2 Rel1\lib\gcc\arm-none-eabi\13.2.1\thumb\v6-m\nofp\libc_nano.a(libc_a-isattyr.o)
 .text._isatty_r
                0x08007098       0x24 C:\Users\hnyre\OneDrive\Desktop\13.2 Rel1\lib\gcc\arm-none-eabi\13.2.1\thumb\v6-m\nofp\libc_nano.a(libc_a-isattyr.o)
                0x08007098                _isatty_r
 .text          0x080070bc        0x0 C:\Users\hnyre\OneDrive\Desktop\13.2 Rel1\lib\gcc\arm-none-eabi\13.2.1\thumb\v6-m\nofp\libc_nano.a(libc_a-lseekr.o)
 .text._lseek_r
                0x080070bc       0x28 C:\Users\hnyre\OneDrive\Desktop\13.2 Rel1\lib\gcc\arm-none-eabi\13.2.1\thumb\v6-m\nofp\libc_nano.a(libc_a-lseekr.o)
                0x080070bc                _lseek_r
 .text          0x080070e4        0x0 C:\Users\hnyre\OneDrive\Desktop\13.2 Rel1\lib\gcc\arm-none-eabi\13.2.1\thumb\v6-m\nofp\libc_nano.a(libc_a-readr.o)
 .text._read_r  0x080070e4       0x28 C:\Users\hnyre\OneDrive\Desktop\13.2 Rel1\lib\gcc\arm-none-eabi\13.2.1\thumb\v6-m\nofp\libc_nano.a(libc_a-readr.o)
                0x080070e4                _read_r
 .text          0x0800710c        0x0 C:\Users\hnyre\OneDrive\Desktop\13.2 Rel1\lib\gcc\arm-none-eabi\13.2.1\thumb\v6-m\nofp\libc_nano.a(libc_a-sbrkr.o)
 .text._sbrk_r  0x0800710c       0x24 C:\Users\hnyre\OneDrive\Desktop\13.2 Rel1\lib\gcc\arm-none-eabi\13.2.1\thumb\v6-m\nofp\libc_nano.a(libc_a-sbrkr.o)
                0x0800710c                _sbrk_r
 .text          0x08007130        0x0 C:\Users\hnyre\OneDrive\Desktop\13.2 Rel1\lib\gcc\arm-none-eabi\13.2.1\thumb\v6-m\nofp\libc_nano.a(libc_a-writer.o)
 .text._write_r
                0x08007130       0x28 C:\Users\hnyre\OneDrive\Desktop\13.2 Rel1\lib\gcc\arm-none-eabi\13.2.1\thumb\v6-m\nofp\libc_nano.a(libc_a-writer.o)
                0x08007130                _write_r
 .text          0x08007158       0x14 C:\Users\hnyre\OneDrive\Desktop\13.2 Rel1\lib\gcc\arm-none-eabi\13.2.1\thumb\v6-m\nofp\libc_nano.a(libc_a-strcmp.o)
                0x08007158                strcmp
 .text          0x0800716c        0x0 C:\Users\hnyre\OneDrive\Desktop\13.2 Rel1\lib\gcc\arm-none-eabi\13.2.1\thumb\v6-m\nofp\libc_nano.a(libc_a-memcpy-stub.o)
 .text.memcpy   0x0800716c       0x12 C:\Users\hnyre\OneDrive\Desktop\13.2 Rel1\lib\gcc\arm-none-eabi\13.2.1\thumb\v6-m\nofp\libc_nano.a(libc_a-memcpy-stub.o)
                0x0800716c                memcpy
 .text          0x0800717e        0x0 C:\Users\hnyre\OneDrive\Desktop\13.2 Rel1\lib\gcc\arm-none-eabi\13.2.1\thumb\v6-m\nofp\libc_nano.a(libc_a-assert.o)
 *fill*         0x0800717e        0x2 
 .text.__assert_func
                0x08007180       0x3c C:\Users\hnyre\OneDrive\Desktop\13.2 Rel1\lib\gcc\arm-none-eabi\13.2.1\thumb\v6-m\nofp\libc_nano.a(libc_a-assert.o)
                0x08007180                __assert_func
 .text.__assert
                0x080071bc        0xa C:\Users\hnyre\OneDrive\Desktop\13.2 Rel1\lib\gcc\arm-none-eabi\13.2.1\thumb\v6-m\nofp\libc_nano.a(libc_a-assert.o)
                0x080071bc                __assert
 .text          0x080071c6        0x0 C:\Users\hnyre\OneDrive\Desktop\13.2 Rel1\lib\gcc\arm-none-eabi\13.2.1\thumb\v6-m\nofp\libc_nano.a(libc_a-callocr.o)
 .text._calloc_r
                0x080071c6       0x5a C:\Users\hnyre\OneDrive\Desktop\13.2 Rel1\lib\gcc\arm-none-eabi\13.2.1\thumb\v6-m\nofp\libc_nano.a(libc_a-callocr.o)
                0x080071c6                _calloc_r
 .text          0x08007220        0x0 C:\Users\hnyre\OneDrive\Desktop\13.2 Rel1\lib\gcc\arm-none-eabi\13.2.1\thumb\v6-m\nofp\libc_nano.a(libc_a-mbtowc_r.o)
 .text._mbtowc_r
                0x08007220       0x14 C:\Users\hnyre\OneDrive\Desktop\13.2 Rel1\lib\gcc\arm-none-eabi\13.2.1\thumb\v6-m\nofp\libc_nano.a(libc_a-mbtowc_r.o)
                0x08007220                _mbtowc_r
 .text.__ascii_mbtowc
                0x08007234       0x24 C:\Users\hnyre\OneDrive\Desktop\13.2 Rel1\lib\gcc\arm-none-eabi\13.2.1\thumb\v6-m\nofp\libc_nano.a(libc_a-mbtowc_r.o)
                0x08007234                __ascii_mbtowc
 .text          0x08007258        0x0 C:\Users\hnyre\OneDrive\Desktop\13.2 Rel1\lib\gcc\arm-none-eabi\13.2.1\thumb\v6-m\nofp\libc_nano.a(libc_a-reallocr.o)
 .text._realloc_r
                0x08007258       0x60 C:\Users\hnyre\OneDrive\Desktop\13.2 Rel1\lib\gcc\arm-none-eabi\13.2.1\thumb\v6-m\nofp\libc_nano.a(libc_a-reallocr.o)
                0x08007258                _realloc_r
 .text          0x080072b8        0x0 C:\Users\hnyre\OneDrive\Desktop\13.2 Rel1\lib\gcc\arm-none-eabi\13.2.1\thumb\v6-m\nofp\libc_nano.a(libc_a-wctomb_r.o)
 .text._wctomb_r
                0x080072b8       0x10 C:\Users\hnyre\OneDrive\Desktop\13.2 Rel1\lib\gcc\arm-none-eabi\13.2.1\thumb\v6-m\nofp\libc_nano.a(libc_a-wctomb_r.o)
                0x080072b8                _wctomb_r
 .text.__ascii_wctomb
                0x080072c8       0x1a C:\Users\hnyre\OneDrive\Desktop\13.2 Rel1\lib\gcc\arm-none-eabi\13.2.1\thumb\v6-m\nofp\libc_nano.a(libc_a-wctomb_r.o)
                0x080072c8                __ascii_wctomb
 .text          0x080072e2        0x0 C:\Users\hnyre\OneDrive\Desktop\13.2 Rel1\lib\gcc\arm-none-eabi\13.2.1\thumb\v6-m\nofp\libc_nano.a(libc_a-ctype_.o)
 .text          0x080072e2        0x0 C:\Users\hnyre\OneDrive\Desktop\13.2 Rel1\lib\gcc\arm-none-eabi\13.2.1\thumb\v6-m\nofp\libc_nano.a(libc_a-fprintf.o)
 .text._fprintf_r
                0x080072e2       0x16 C:\Users\hnyre\OneDrive\Desktop\13.2 Rel1\lib\gcc\arm-none-eabi\13.2.1\thumb\v6-m\nofp\libc_nano.a(libc_a-fprintf.o)
                0x080072e2                _fiprintf_r
                0x080072e2                _fprintf_r
 .text.fprintf  0x080072f8       0x20 C:\Users\hnyre\OneDrive\Desktop\13.2 Rel1\lib\gcc\arm-none-eabi\13.2.1\thumb\v6-m\nofp\libc_nano.a(libc_a-fprintf.o)
                0x080072f8                fiprintf
                0x080072f8                fprintf
 .text          0x08007318        0x0 C:\Users\hnyre\OneDrive\Desktop\13.2 Rel1\lib\gcc\arm-none-eabi\13.2.1\thumb\v6-m\nofp\libc_nano.a(libc_a-abort.o)
 .text.abort    0x08007318        0xe C:\Users\hnyre\OneDrive\Desktop\13.2 Rel1\lib\gcc\arm-none-eabi\13.2.1\thumb\v6-m\nofp\libc_nano.a(libc_a-abort.o)
                0x08007318                abort
 .text          0x08007326        0x0 C:\Users\hnyre\OneDrive\Desktop\13.2 Rel1\lib\gcc\arm-none-eabi\13.2.1\thumb\v6-m\nofp\libc_nano.a(libc_a-msizer.o)
 .text._malloc_usable_size_r
                0x08007326       0x10 C:\Users\hnyre\OneDrive\Desktop\13.2 Rel1\lib\gcc\arm-none-eabi\13.2.1\thumb\v6-m\nofp\libc_nano.a(libc_a-msizer.o)
                0x08007326                _malloc_usable_size_r
 .text          0x08007336        0x0 C:\Users\hnyre\OneDrive\Desktop\13.2 Rel1\lib\gcc\arm-none-eabi\13.2.1\thumb\v6-m\nofp\libc_nano.a(libc_a-signal.o)
 .text._init_signal_r
                0x08007336       0x2a C:\Users\hnyre\OneDrive\Desktop\13.2 Rel1\lib\gcc\arm-none-eabi\13.2.1\thumb\v6-m\nofp\libc_nano.a(libc_a-signal.o)
                0x08007336                _init_signal_r
 .text._signal_r
                0x08007360       0x32 C:\Users\hnyre\OneDrive\Desktop\13.2 Rel1\lib\gcc\arm-none-eabi\13.2.1\thumb\v6-m\nofp\libc_nano.a(libc_a-signal.o)
                0x08007360                _signal_r
 .text._raise_r
                0x08007392       0x52 C:\Users\hnyre\OneDrive\Desktop\13.2 Rel1\lib\gcc\arm-none-eabi\13.2.1\thumb\v6-m\nofp\libc_nano.a(libc_a-signal.o)
                0x08007392                _raise_r
 .text.__sigtramp_r
                0x080073e4       0x46 C:\Users\hnyre\OneDrive\Desktop\13.2 Rel1\lib\gcc\arm-none-eabi\13.2.1\thumb\v6-m\nofp\libc_nano.a(libc_a-signal.o)
                0x080073e4                __sigtramp_r
 *fill*         0x0800742a        0x2 
 .text.raise    0x0800742c       0x14 C:\Users\hnyre\OneDrive\Desktop\13.2 Rel1\lib\gcc\arm-none-eabi\13.2.1\thumb\v6-m\nofp\libc_nano.a(libc_a-signal.o)
                0x0800742c                raise
 .text.signal   0x08007440       0x14 C:\Users\hnyre\OneDrive\Desktop\13.2 Rel1\lib\gcc\arm-none-eabi\13.2.1\thumb\v6-m\nofp\libc_nano.a(libc_a-signal.o)
                0x08007440                signal
 .text._init_signal
                0x08007454       0x10 C:\Users\hnyre\OneDrive\Desktop\13.2 Rel1\lib\gcc\arm-none-eabi\13.2.1\thumb\v6-m\nofp\libc_nano.a(libc_a-signal.o)
                0x08007454                _init_signal
 .text.__sigtramp
                0x08007464       0x14 C:\Users\hnyre\OneDrive\Desktop\13.2 Rel1\lib\gcc\arm-none-eabi\13.2.1\thumb\v6-m\nofp\libc_nano.a(libc_a-signal.o)
                0x08007464                __sigtramp
 .text          0x08007478        0x0 C:\Users\hnyre\OneDrive\Desktop\13.2 Rel1\lib\gcc\arm-none-eabi\13.2.1\thumb\v6-m\nofp\libc_nano.a(libc_a-signalr.o)
 .text._kill_r  0x08007478       0x24 C:\Users\hnyre\OneDrive\Desktop\13.2 Rel1\lib\gcc\arm-none-eabi\13.2.1\thumb\v6-m\nofp\libc_nano.a(libc_a-signalr.o)
                0x08007478                _kill_r
 .text._getpid_r
                0x0800749c        0x8 C:\Users\hnyre\OneDrive\Desktop\13.2 Rel1\lib\gcc\arm-none-eabi\13.2.1\thumb\v6-m\nofp\libc_nano.a(libc_a-signalr.o)
                0x0800749c                _getpid_r
 .text          0x080074a4       0x14 C:\Users\hnyre\OneDrive\Desktop\13.2 Rel1\lib\gcc\arm-none-eabi\13.2.1\thumb\v6-m\nofp\libgcc.a(_thumb1_case_uqi.o)
                0x080074a4                __gnu_thumb1_case_uqi
 .text          0x080074b8       0x14 C:\Users\hnyre\OneDrive\Desktop\13.2 Rel1\lib\gcc\arm-none-eabi\13.2.1\thumb\v6-m\nofp\libgcc.a(_thumb1_case_shi.o)
                0x080074b8                __gnu_thumb1_case_shi
 .text          0x080074cc       0x7c C:\Users\hnyre\OneDrive\Desktop\13.2 Rel1\lib\gcc\arm-none-eabi\13.2.1\thumb\v6-m\nofp\libgcc.a(_arm_cmpdf2.o)
                0x080074cc                __aeabi_cdrcmple
                0x080074dc                __aeabi_cdcmple
                0x080074dc                __aeabi_cdcmpeq
                0x080074ec                __aeabi_dcmpeq
                0x080074f8                __aeabi_dcmplt
                0x0800750c                __aeabi_dcmple
                0x08007520                __aeabi_dcmpgt
                0x08007534                __aeabi_dcmpge
 .text          0x08007548        0x0 C:\Users\hnyre\OneDrive\Desktop\13.2 Rel1\lib\gcc\arm-none-eabi\13.2.1\thumb\v6-m\nofp\libgcc.a(adddf3.o)
 .text.__aeabi_dadd
                0x08007548      0x730 C:\Users\hnyre\OneDrive\Desktop\13.2 Rel1\lib\gcc\arm-none-eabi\13.2.1\thumb\v6-m\nofp\libgcc.a(adddf3.o)
                0x08007548                __aeabi_dadd
 .text          0x08007c78        0x0 C:\Users\hnyre\OneDrive\Desktop\13.2 Rel1\lib\gcc\arm-none-eabi\13.2.1\thumb\v6-m\nofp\libgcc.a(eqdf2.o)
 .text.__eqdf2  0x08007c78       0x88 C:\Users\hnyre\OneDrive\Desktop\13.2 Rel1\lib\gcc\arm-none-eabi\13.2.1\thumb\v6-m\nofp\libgcc.a(eqdf2.o)
                0x08007c78                __nedf2
                0x08007c78                __eqdf2
 .text          0x08007d00        0x0 C:\Users\hnyre\OneDrive\Desktop\13.2 Rel1\lib\gcc\arm-none-eabi\13.2.1\thumb\v6-m\nofp\libgcc.a(gedf2.o)
 .text.__gedf2  0x08007d00       0xe0 C:\Users\hnyre\OneDrive\Desktop\13.2 Rel1\lib\gcc\arm-none-eabi\13.2.1\thumb\v6-m\nofp\libgcc.a(gedf2.o)
                0x08007d00                __gedf2
                0x08007d00                __gtdf2
 .text          0x08007de0        0x0 C:\Users\hnyre\OneDrive\Desktop\13.2 Rel1\lib\gcc\arm-none-eabi\13.2.1\thumb\v6-m\nofp\libgcc.a(ledf2.o)
 .text.__ledf2  0x08007de0       0xdc C:\Users\hnyre\OneDrive\Desktop\13.2 Rel1\lib\gcc\arm-none-eabi\13.2.1\thumb\v6-m\nofp\libgcc.a(ledf2.o)
                0x08007de0                __ledf2
                0x08007de0                __ltdf2
 .text          0x08007ebc        0x0 C:\Users\hnyre\OneDrive\Desktop\13.2 Rel1\lib\gcc\arm-none-eabi\13.2.1\thumb\v6-m\nofp\libgcc.a(subdf3.o)
 .text.__aeabi_dsub
                0x08007ebc      0x710 C:\Users\hnyre\OneDrive\Desktop\13.2 Rel1\lib\gcc\arm-none-eabi\13.2.1\thumb\v6-m\nofp\libgcc.a(subdf3.o)
                0x08007ebc                __aeabi_dsub
 .text          0x080085cc        0x0 C:\Users\hnyre\OneDrive\Desktop\13.2 Rel1\lib\gcc\arm-none-eabi\13.2.1\thumb\v6-m\nofp\libgcc.a(unorddf2.o)
 .text.__aeabi_dcmpun
                0x080085cc       0x44 C:\Users\hnyre\OneDrive\Desktop\13.2 Rel1\lib\gcc\arm-none-eabi\13.2.1\thumb\v6-m\nofp\libgcc.a(unorddf2.o)
                0x080085cc                __aeabi_dcmpun
 .text          0x08008610        0x0 C:\Users\hnyre\OneDrive\Desktop\13.2 Rel1\lib\gcc\arm-none-eabi\13.2.1\thumb\v6-m\nofp\libgcc.a(floatunsidf.o)
 .text.__aeabi_ui2d
                0x08008610       0x48 C:\Users\hnyre\OneDrive\Desktop\13.2 Rel1\lib\gcc\arm-none-eabi\13.2.1\thumb\v6-m\nofp\libgcc.a(floatunsidf.o)
                0x08008610                __aeabi_ui2d
 *(.rodata*)
 .rodata        0x08008658      0x2b1 main.o
 *fill*         0x08008909        0x3 
 .rodata        0x0800890c       0x7c startup.o
 .rodata.__aeabi_fdiv
                0x08008988       0x7c C:\Users\hnyre\OneDrive\Desktop\13.2 Rel1\lib\gcc\arm-none-eabi\13.2.1\thumb\v6-m\nofp\libgcc.a(divsf3.o)
 .rodata.__aeabi_ddiv
                0x08008a04       0x40 C:\Users\hnyre\OneDrive\Desktop\13.2 Rel1\lib\gcc\arm-none-eabi\13.2.1\thumb\v6-m\nofp\libgcc.a(divdf3.o)
 .rodata._printf_float.str1.1
                0x08008a44      0x173 C:\Users\hnyre\OneDrive\Desktop\13.2 Rel1\lib\gcc\arm-none-eabi\13.2.1\thumb\v6-m\nofp\libc_nano.a(libc_a-nano-vfprintf_float.o)
                                 0x12 (size before relaxing)
 .rodata._printf_i.str1.1
                0x08008bb7       0x22 C:\Users\hnyre\OneDrive\Desktop\13.2 Rel1\lib\gcc\arm-none-eabi\13.2.1\thumb\v6-m\nofp\libc_nano.a(libc_a-nano-vfprintf_i.o)
 .rodata._dtoa_r.str1.1
                0x08008bb7       0x90 C:\Users\hnyre\OneDrive\Desktop\13.2 Rel1\lib\gcc\arm-none-eabi\13.2.1\thumb\v6-m\nofp\libc_nano.a(libc_a-dtoa.o)
 .rodata._Balloc.str1.1
                0x08008bb7       0x71 C:\Users\hnyre\OneDrive\Desktop\13.2 Rel1\lib\gcc\arm-none-eabi\13.2.1\thumb\v6-m\nofp\libc_nano.a(libc_a-mprec.o)
 .rodata.__multadd.str1.1
                0x08008bb7       0x11 C:\Users\hnyre\OneDrive\Desktop\13.2 Rel1\lib\gcc\arm-none-eabi\13.2.1\thumb\v6-m\nofp\libc_nano.a(libc_a-mprec.o)
 *fill*         0x08008bb7        0x1 
 .rodata.p05.0  0x08008bb8        0xc C:\Users\hnyre\OneDrive\Desktop\13.2 Rel1\lib\gcc\arm-none-eabi\13.2.1\thumb\v6-m\nofp\libc_nano.a(libc_a-mprec.o)
 *fill*         0x08008bc4        0x4 
 .rodata.__mprec_tinytens
                0x08008bc8       0x28 C:\Users\hnyre\OneDrive\Desktop\13.2 Rel1\lib\gcc\arm-none-eabi\13.2.1\thumb\v6-m\nofp\libc_nano.a(libc_a-mprec.o)
                0x08008bc8                __mprec_tinytens
 .rodata.__mprec_bigtens
                0x08008bf0       0x28 C:\Users\hnyre\OneDrive\Desktop\13.2 Rel1\lib\gcc\arm-none-eabi\13.2.1\thumb\v6-m\nofp\libc_nano.a(libc_a-mprec.o)
                0x08008bf0                __mprec_bigtens
 .rodata.__mprec_tens
                0x08008c18       0xc8 C:\Users\hnyre\OneDrive\Desktop\13.2 Rel1\lib\gcc\arm-none-eabi\13.2.1\thumb\v6-m\nofp\libc_nano.a(libc_a-mprec.o)
                0x08008c18                __mprec_tens
 .rodata._svfprintf_r.str1.1
                0x08008ce0       0x11 C:\Users\hnyre\OneDrive\Desktop\13.2 Rel1\lib\gcc\arm-none-eabi\13.2.1\thumb\v6-m\nofp\libc_nano.a(libc_a-nano-svfprintf.o)
 .rodata._vfprintf_r.str1.1
                0x08008ce0       0x11 C:\Users\hnyre\OneDrive\Desktop\13.2 Rel1\lib\gcc\arm-none-eabi\13.2.1\thumb\v6-m\nofp\libc_nano.a(libc_a-nano-vfprintf.o)
 .rodata._setlocale_r.str1.1
                0x08008ce0        0x9 C:\Users\hnyre\OneDrive\Desktop\13.2 Rel1\lib\gcc\arm-none-eabi\13.2.1\thumb\v6-m\nofp\libc_nano.a(libc_a-locale.o)
 .rodata.str1.1
                0x08008ce0        0x2 C:\Users\hnyre\OneDrive\Desktop\13.2 Rel1\lib\gcc\arm-none-eabi\13.2.1\thumb\v6-m\nofp\libc_nano.a(libc_a-locale.o)
 .rodata.__assert_func.str1.1
                0x08008ce0       0x3d C:\Users\hnyre\OneDrive\Desktop\13.2 Rel1\lib\gcc\arm-none-eabi\13.2.1\thumb\v6-m\nofp\libc_nano.a(libc_a-assert.o)
 .rodata._ctype_
                0x08008ce0      0x101 C:\Users\hnyre\OneDrive\Desktop\13.2 Rel1\lib\gcc\arm-none-eabi\13.2.1\thumb\v6-m\nofp\libc_nano.a(libc_a-ctype_.o)
                0x08008ce0                _ctype_
                0x08008de4                        . = ALIGN (0x4)
 *fill*         0x08008de1        0x3 
                0x08008de4                        PROVIDE (__init_array_start = .)
 *(SORT_BY_NAME(.init_array.*))
 *(.init_array)
                0x08008de4                        PROVIDE (__init_array_end = .)
                0x08008de4                        . = ALIGN (0x4)
                0x08008de4                        _etext = .

.glue_7         0x08008de4        0x0
 .glue_7        0x08008de4        0x0 linker stubs

.glue_7t        0x08008de4        0x0
 .glue_7t       0x08008de4        0x0 linker stubs

.vfp11_veneer   0x08008de4        0x0
 .vfp11_veneer  0x08008de4        0x0 linker stubs

.v4_bx          0x08008de4        0x0
 .v4_bx         0x08008de4        0x0 linker stubs

.iplt           0x08008de4        0x0
 .iplt          0x08008de4        0x0 main.o

.rel.dyn        0x08008de4        0x0
 .rel.iplt      0x08008de4        0x0 main.o

.data           0x20000000      0x1cc load address 0x08008de4
                0x20000000                        . = ALIGN (0x4)
                0x20000000                        _data = .
 *(.data*)
 .data          0x20000000        0x0 main.o
 .data          0x20000000        0x0 serial.o
 .data          0x20000000        0x0 UART2.o
 .data          0x20000000        0x0 startup.o
 .data          0x20000000        0x4 newlib_stubs.o
                0x20000000                environ
 .data          0x20000004        0x0 C:\Users\hnyre\OneDrive\Desktop\13.2 Rel1\lib\gcc\arm-none-eabi\13.2.1\thumb\v6-m\nofp\libnosys.a(errno.o)
 .data          0x20000004        0x0 C:\Users\hnyre\OneDrive\Desktop\13.2 Rel1\lib\gcc\arm-none-eabi\13.2.1\thumb\v6-m\nofp\libgcc.a(_divsi3.o)
 .data          0x20000004        0x0 C:\Users\hnyre\OneDrive\Desktop\13.2 Rel1\lib\gcc\arm-none-eabi\13.2.1\thumb\v6-m\nofp\libgcc.a(_dvmd_tls.o)
 .data          0x20000004        0x0 C:\Users\hnyre\OneDrive\Desktop\13.2 Rel1\lib\gcc\arm-none-eabi\13.2.1\thumb\v6-m\nofp\libgcc.a(addsf3.o)
 .data          0x20000004        0x0 C:\Users\hnyre\OneDrive\Desktop\13.2 Rel1\lib\gcc\arm-none-eabi\13.2.1\thumb\v6-m\nofp\libgcc.a(divsf3.o)
 .data          0x20000004        0x0 C:\Users\hnyre\OneDrive\Desktop\13.2 Rel1\lib\gcc\arm-none-eabi\13.2.1\thumb\v6-m\nofp\libgcc.a(fixsfsi.o)
 .data          0x20000004        0x0 C:\Users\hnyre\OneDrive\Desktop\13.2 Rel1\lib\gcc\arm-none-eabi\13.2.1\thumb\v6-m\nofp\libgcc.a(floatsisf.o)
 .data          0x20000004        0x0 C:\Users\hnyre\OneDrive\Desktop\13.2 Rel1\lib\gcc\arm-none-eabi\13.2.1\thumb\v6-m\nofp\libgcc.a(divdf3.o)
 .data          0x20000004        0x0 C:\Users\hnyre\OneDrive\Desktop\13.2 Rel1\lib\gcc\arm-none-eabi\13.2.1\thumb\v6-m\nofp\libgcc.a(muldf3.o)
 .data          0x20000004        0x0 C:\Users\hnyre\OneDrive\Desktop\13.2 Rel1\lib\gcc\arm-none-eabi\13.2.1\thumb\v6-m\nofp\libgcc.a(fixdfsi.o)
 .data          0x20000004        0x0 C:\Users\hnyre\OneDrive\Desktop\13.2 Rel1\lib\gcc\arm-none-eabi\13.2.1\thumb\v6-m\nofp\libgcc.a(floatsidf.o)
 .data          0x20000004        0x0 C:\Users\hnyre\OneDrive\Desktop\13.2 Rel1\lib\gcc\arm-none-eabi\13.2.1\thumb\v6-m\nofp\libgcc.a(truncdfsf2.o)
 .data          0x20000004        0x0 C:\Users\hnyre\OneDrive\Desktop\13.2 Rel1\lib\gcc\arm-none-eabi\13.2.1\thumb\v6-m\nofp\libgcc.a(_udivsi3.o)
 .data          0x20000004        0x0 C:\Users\hnyre\OneDrive\Desktop\13.2 Rel1\lib\gcc\arm-none-eabi\13.2.1\thumb\v6-m\nofp\libgcc.a(_clzsi2.o)
 .data          0x20000004        0x0 C:\Users\hnyre\OneDrive\Desktop\13.2 Rel1\lib\gcc\arm-none-eabi\13.2.1\thumb\v6-m\nofp\libc_nano.a(libc_a-nano-vfprintf_float.o)
 .data          0x20000004        0x0 C:\Users\hnyre\OneDrive\Desktop\13.2 Rel1\lib\gcc\arm-none-eabi\13.2.1\thumb\v6-m\nofp\libc_nano.a(libc_a-nano-vfprintf_i.o)
 .data          0x20000004        0x0 C:\Users\hnyre\OneDrive\Desktop\13.2 Rel1\lib\gcc\arm-none-eabi\13.2.1\thumb\v6-m\nofp\libc_nano.a(libc_a-printf.o)
 .data          0x20000004        0x0 C:\Users\hnyre\OneDrive\Desktop\13.2 Rel1\lib\gcc\arm-none-eabi\13.2.1\thumb\v6-m\nofp\libc_nano.a(libc_a-puts.o)
 .data          0x20000004        0x0 C:\Users\hnyre\OneDrive\Desktop\13.2 Rel1\lib\gcc\arm-none-eabi\13.2.1\thumb\v6-m\nofp\libc_nano.a(libc_a-sprintf.o)
 .data          0x20000004        0x0 C:\Users\hnyre\OneDrive\Desktop\13.2 Rel1\lib\gcc\arm-none-eabi\13.2.1\thumb\v6-m\nofp\libc_nano.a(libc_a-wbuf.o)
 .data          0x20000004        0x0 C:\Users\hnyre\OneDrive\Desktop\13.2 Rel1\lib\gcc\arm-none-eabi\13.2.1\thumb\v6-m\nofp\libc_nano.a(libc_a-wsetup.o)
 .data          0x20000004        0x0 C:\Users\hnyre\OneDrive\Desktop\13.2 Rel1\lib\gcc\arm-none-eabi\13.2.1\thumb\v6-m\nofp\libc_nano.a(libc_a-localeconv.o)
 .data          0x20000004        0x0 C:\Users\hnyre\OneDrive\Desktop\13.2 Rel1\lib\gcc\arm-none-eabi\13.2.1\thumb\v6-m\nofp\libc_nano.a(libc_a-impure.o)
 .data._impure_ptr
                0x20000004        0x4 C:\Users\hnyre\OneDrive\Desktop\13.2 Rel1\lib\gcc\arm-none-eabi\13.2.1\thumb\v6-m\nofp\libc_nano.a(libc_a-impure.o)
                0x20000004                _impure_ptr
 .data._impure_data
                0x20000008       0x4c C:\Users\hnyre\OneDrive\Desktop\13.2 Rel1\lib\gcc\arm-none-eabi\13.2.1\thumb\v6-m\nofp\libc_nano.a(libc_a-impure.o)
                0x20000008                _impure_data
 .data          0x20000054        0x0 C:\Users\hnyre\OneDrive\Desktop\13.2 Rel1\lib\gcc\arm-none-eabi\13.2.1\thumb\v6-m\nofp\libc_nano.a(libc_a-lock.o)
 .data          0x20000054        0x0 C:\Users\hnyre\OneDrive\Desktop\13.2 Rel1\lib\gcc\arm-none-eabi\13.2.1\thumb\v6-m\nofp\libc_nano.a(libc_a-memchr-stub.o)
 .data          0x20000054        0x0 C:\Users\hnyre\OneDrive\Desktop\13.2 Rel1\lib\gcc\arm-none-eabi\13.2.1\thumb\v6-m\nofp\libc_nano.a(libc_a-strlen.o)
 .data          0x20000054        0x0 C:\Users\hnyre\OneDrive\Desktop\13.2 Rel1\lib\gcc\arm-none-eabi\13.2.1\thumb\v6-m\nofp\libc_nano.a(libc_a-dtoa.o)
 .data          0x20000054        0x0 C:\Users\hnyre\OneDrive\Desktop\13.2 Rel1\lib\gcc\arm-none-eabi\13.2.1\thumb\v6-m\nofp\libc_nano.a(libc_a-freer.o)
 .data          0x20000054        0x0 C:\Users\hnyre\OneDrive\Desktop\13.2 Rel1\lib\gcc\arm-none-eabi\13.2.1\thumb\v6-m\nofp\libc_nano.a(libc_a-malloc.o)
 .data          0x20000054        0x0 C:\Users\hnyre\OneDrive\Desktop\13.2 Rel1\lib\gcc\arm-none-eabi\13.2.1\thumb\v6-m\nofp\libc_nano.a(libc_a-mallocr.o)
 .data          0x20000054        0x0 C:\Users\hnyre\OneDrive\Desktop\13.2 Rel1\lib\gcc\arm-none-eabi\13.2.1\thumb\v6-m\nofp\libc_nano.a(libc_a-mlock.o)
 .data          0x20000054        0x0 C:\Users\hnyre\OneDrive\Desktop\13.2 Rel1\lib\gcc\arm-none-eabi\13.2.1\thumb\v6-m\nofp\libc_nano.a(libc_a-mprec.o)
 .data          0x20000054        0x0 C:\Users\hnyre\OneDrive\Desktop\13.2 Rel1\lib\gcc\arm-none-eabi\13.2.1\thumb\v6-m\nofp\libc_nano.a(libc_a-nano-svfprintf.o)
 .data          0x20000054        0x0 C:\Users\hnyre\OneDrive\Desktop\13.2 Rel1\lib\gcc\arm-none-eabi\13.2.1\thumb\v6-m\nofp\libc_nano.a(libc_a-nano-vfprintf.o)
 .data          0x20000054        0x0 C:\Users\hnyre\OneDrive\Desktop\13.2 Rel1\lib\gcc\arm-none-eabi\13.2.1\thumb\v6-m\nofp\libc_nano.a(libc_a-fflush.o)
 .data          0x20000054        0x0 C:\Users\hnyre\OneDrive\Desktop\13.2 Rel1\lib\gcc\arm-none-eabi\13.2.1\thumb\v6-m\nofp\libc_nano.a(libc_a-findfp.o)
 .data.__sglue  0x20000054        0xc C:\Users\hnyre\OneDrive\Desktop\13.2 Rel1\lib\gcc\arm-none-eabi\13.2.1\thumb\v6-m\nofp\libc_nano.a(libc_a-findfp.o)
                0x20000054                __sglue
 .data          0x20000060        0x0 C:\Users\hnyre\OneDrive\Desktop\13.2 Rel1\lib\gcc\arm-none-eabi\13.2.1\thumb\v6-m\nofp\libc_nano.a(libc_a-fvwrite.o)
 .data          0x20000060        0x0 C:\Users\hnyre\OneDrive\Desktop\13.2 Rel1\lib\gcc\arm-none-eabi\13.2.1\thumb\v6-m\nofp\libc_nano.a(libc_a-fwalk.o)
 .data          0x20000060        0x0 C:\Users\hnyre\OneDrive\Desktop\13.2 Rel1\lib\gcc\arm-none-eabi\13.2.1\thumb\v6-m\nofp\libc_nano.a(libc_a-makebuf.o)
 .data          0x20000060        0x0 C:\Users\hnyre\OneDrive\Desktop\13.2 Rel1\lib\gcc\arm-none-eabi\13.2.1\thumb\v6-m\nofp\libc_nano.a(libc_a-stdio.o)
 .data          0x20000060        0x0 C:\Users\hnyre\OneDrive\Desktop\13.2 Rel1\lib\gcc\arm-none-eabi\13.2.1\thumb\v6-m\nofp\libc_nano.a(libc_a-memmove.o)
 .data          0x20000060        0x0 C:\Users\hnyre\OneDrive\Desktop\13.2 Rel1\lib\gcc\arm-none-eabi\13.2.1\thumb\v6-m\nofp\libc_nano.a(libc_a-memset.o)
 .data          0x20000060        0x0 C:\Users\hnyre\OneDrive\Desktop\13.2 Rel1\lib\gcc\arm-none-eabi\13.2.1\thumb\v6-m\nofp\libc_nano.a(libc_a-locale.o)
 .data.__global_locale
                0x20000060      0x16c C:\Users\hnyre\OneDrive\Desktop\13.2 Rel1\lib\gcc\arm-none-eabi\13.2.1\thumb\v6-m\nofp\libc_nano.a(libc_a-locale.o)
                0x20000060                __global_locale
 .data          0x200001cc        0x0 C:\Users\hnyre\OneDrive\Desktop\13.2 Rel1\lib\gcc\arm-none-eabi\13.2.1\thumb\v6-m\nofp\libc_nano.a(libc_a-closer.o)
 .data          0x200001cc        0x0 C:\Users\hnyre\OneDrive\Desktop\13.2 Rel1\lib\gcc\arm-none-eabi\13.2.1\thumb\v6-m\nofp\libc_nano.a(libc_a-fstatr.o)
 .data          0x200001cc        0x0 C:\Users\hnyre\OneDrive\Desktop\13.2 Rel1\lib\gcc\arm-none-eabi\13.2.1\thumb\v6-m\nofp\libc_nano.a(libc_a-isattyr.o)
 .data          0x200001cc        0x0 C:\Users\hnyre\OneDrive\Desktop\13.2 Rel1\lib\gcc\arm-none-eabi\13.2.1\thumb\v6-m\nofp\libc_nano.a(libc_a-lseekr.o)
 .data          0x200001cc        0x0 C:\Users\hnyre\OneDrive\Desktop\13.2 Rel1\lib\gcc\arm-none-eabi\13.2.1\thumb\v6-m\nofp\libc_nano.a(libc_a-readr.o)
 .data          0x200001cc        0x0 C:\Users\hnyre\OneDrive\Desktop\13.2 Rel1\lib\gcc\arm-none-eabi\13.2.1\thumb\v6-m\nofp\libc_nano.a(libc_a-sbrkr.o)
 .data          0x200001cc        0x0 C:\Users\hnyre\OneDrive\Desktop\13.2 Rel1\lib\gcc\arm-none-eabi\13.2.1\thumb\v6-m\nofp\libc_nano.a(libc_a-writer.o)
 .data          0x200001cc        0x0 C:\Users\hnyre\OneDrive\Desktop\13.2 Rel1\lib\gcc\arm-none-eabi\13.2.1\thumb\v6-m\nofp\libc_nano.a(libc_a-strcmp.o)
 .data          0x200001cc        0x0 C:\Users\hnyre\OneDrive\Desktop\13.2 Rel1\lib\gcc\arm-none-eabi\13.2.1\thumb\v6-m\nofp\libc_nano.a(libc_a-memcpy-stub.o)
 .data          0x200001cc        0x0 C:\Users\hnyre\OneDrive\Desktop\13.2 Rel1\lib\gcc\arm-none-eabi\13.2.1\thumb\v6-m\nofp\libc_nano.a(libc_a-assert.o)
 .data          0x200001cc        0x0 C:\Users\hnyre\OneDrive\Desktop\13.2 Rel1\lib\gcc\arm-none-eabi\13.2.1\thumb\v6-m\nofp\libc_nano.a(libc_a-callocr.o)
 .data          0x200001cc        0x0 C:\Users\hnyre\OneDrive\Desktop\13.2 Rel1\lib\gcc\arm-none-eabi\13.2.1\thumb\v6-m\nofp\libc_nano.a(libc_a-mbtowc_r.o)
 .data          0x200001cc        0x0 C:\Users\hnyre\OneDrive\Desktop\13.2 Rel1\lib\gcc\arm-none-eabi\13.2.1\thumb\v6-m\nofp\libc_nano.a(libc_a-reallocr.o)
 .data          0x200001cc        0x0 C:\Users\hnyre\OneDrive\Desktop\13.2 Rel1\lib\gcc\arm-none-eabi\13.2.1\thumb\v6-m\nofp\libc_nano.a(libc_a-wctomb_r.o)
 .data          0x200001cc        0x0 C:\Users\hnyre\OneDrive\Desktop\13.2 Rel1\lib\gcc\arm-none-eabi\13.2.1\thumb\v6-m\nofp\libc_nano.a(libc_a-ctype_.o)
 .data          0x200001cc        0x0 C:\Users\hnyre\OneDrive\Desktop\13.2 Rel1\lib\gcc\arm-none-eabi\13.2.1\thumb\v6-m\nofp\libc_nano.a(libc_a-fprintf.o)
 .data          0x200001cc        0x0 C:\Users\hnyre\OneDrive\Desktop\13.2 Rel1\lib\gcc\arm-none-eabi\13.2.1\thumb\v6-m\nofp\libc_nano.a(libc_a-abort.o)
 .data          0x200001cc        0x0 C:\Users\hnyre\OneDrive\Desktop\13.2 Rel1\lib\gcc\arm-none-eabi\13.2.1\thumb\v6-m\nofp\libc_nano.a(libc_a-msizer.o)
 .data          0x200001cc        0x0 C:\Users\hnyre\OneDrive\Desktop\13.2 Rel1\lib\gcc\arm-none-eabi\13.2.1\thumb\v6-m\nofp\libc_nano.a(libc_a-signal.o)
 .data          0x200001cc        0x0 C:\Users\hnyre\OneDrive\Desktop\13.2 Rel1\lib\gcc\arm-none-eabi\13.2.1\thumb\v6-m\nofp\libc_nano.a(libc_a-signalr.o)
 .data          0x200001cc        0x0 C:\Users\hnyre\OneDrive\Desktop\13.2 Rel1\lib\gcc\arm-none-eabi\13.2.1\thumb\v6-m\nofp\libgcc.a(_thumb1_case_uqi.o)
 .data          0x200001cc        0x0 C:\Users\hnyre\OneDrive\Desktop\13.2 Rel1\lib\gcc\arm-none-eabi\13.2.1\thumb\v6-m\nofp\libgcc.a(_thumb1_case_shi.o)
 .data          0x200001cc        0x0 C:\Users\hnyre\OneDrive\Desktop\13.2 Rel1\lib\gcc\arm-none-eabi\13.2.1\thumb\v6-m\nofp\libgcc.a(_arm_cmpdf2.o)
 .data          0x200001cc        0x0 C:\Users\hnyre\OneDrive\Desktop\13.2 Rel1\lib\gcc\arm-none-eabi\13.2.1\thumb\v6-m\nofp\libgcc.a(adddf3.o)
 .data          0x200001cc        0x0 C:\Users\hnyre\OneDrive\Desktop\13.2 Rel1\lib\gcc\arm-none-eabi\13.2.1\thumb\v6-m\nofp\libgcc.a(eqdf2.o)
 .data          0x200001cc        0x0 C:\Users\hnyre\OneDrive\Desktop\13.2 Rel1\lib\gcc\arm-none-eabi\13.2.1\thumb\v6-m\nofp\libgcc.a(gedf2.o)
 .data          0x200001cc        0x0 C:\Users\hnyre\OneDrive\Desktop\13.2 Rel1\lib\gcc\arm-none-eabi\13.2.1\thumb\v6-m\nofp\libgcc.a(ledf2.o)
 .data          0x200001cc        0x0 C:\Users\hnyre\OneDrive\Desktop\13.2 Rel1\lib\gcc\arm-none-eabi\13.2.1\thumb\v6-m\nofp\libgcc.a(subdf3.o)
 .data          0x200001cc        0x0 C:\Users\hnyre\OneDrive\Desktop\13.2 Rel1\lib\gcc\arm-none-eabi\13.2.1\thumb\v6-m\nofp\libgcc.a(unorddf2.o)
 .data          0x200001cc        0x0 C:\Users\hnyre\OneDrive\Desktop\13.2 Rel1\lib\gcc\arm-none-eabi\13.2.1\thumb\v6-m\nofp\libgcc.a(floatunsidf.o)
                0x200001cc                        . = ALIGN (0x4)
                0x200001cc                        _edata = .

.igot.plt       0x200001cc        0x0 load address 0x08008fb0
 .igot.plt      0x200001cc        0x0 main.o

.bss            0x200001cc      0x2bc load address 0x08008fb0
                0x200001cc                        _bss = .
 *(.bss*)
 .bss           0x200001cc       0x18 main.o
                0x200001cc                PWM_Counter
                0x200001d0                pwm1
                0x200001d1                pwm2
                0x200001d4                timerCount_100us
                0x200001d8                timerCount_ms
                0x200001dc                PathFind_Flag
                0x200001e0                e_stopped
 .bss           0x200001e4       0xa4 serial.o
                0x200001e4                ComRXBuffer
                0x20000230                ComTXBuffer
                0x2000027c                ComOpen
                0x20000280                ComError
                0x20000284                ComBusy
 .bss           0x20000288       0xa4 UART2.o
                0x20000288                ComRXBuffer2
                0x200002d4                ComTXBuffer2
                0x20000320                ComOpen2
                0x20000324                ComError2
                0x20000328                ComBusy2
 .bss           0x2000032c        0x0 startup.o
 .bss           0x2000032c        0x8 newlib_stubs.o
                0x2000032c                __env
 .bss           0x20000334        0x0 C:\Users\hnyre\OneDrive\Desktop\13.2 Rel1\lib\gcc\arm-none-eabi\13.2.1\thumb\v6-m\nofp\libnosys.a(errno.o)
 .bss.errno     0x20000334        0x4 C:\Users\hnyre\OneDrive\Desktop\13.2 Rel1\lib\gcc\arm-none-eabi\13.2.1\thumb\v6-m\nofp\libnosys.a(errno.o)
                0x20000334                errno
 .bss           0x20000338        0x0 C:\Users\hnyre\OneDrive\Desktop\13.2 Rel1\lib\gcc\arm-none-eabi\13.2.1\thumb\v6-m\nofp\libgcc.a(_divsi3.o)
 .bss           0x20000338        0x0 C:\Users\hnyre\OneDrive\Desktop\13.2 Rel1\lib\gcc\arm-none-eabi\13.2.1\thumb\v6-m\nofp\libgcc.a(_dvmd_tls.o)
 .bss           0x20000338        0x0 C:\Users\hnyre\OneDrive\Desktop\13.2 Rel1\lib\gcc\arm-none-eabi\13.2.1\thumb\v6-m\nofp\libgcc.a(addsf3.o)
 .bss           0x20000338        0x0 C:\Users\hnyre\OneDrive\Desktop\13.2 Rel1\lib\gcc\arm-none-eabi\13.2.1\thumb\v6-m\nofp\libgcc.a(divsf3.o)
 .bss           0x20000338        0x0 C:\Users\hnyre\OneDrive\Desktop\13.2 Rel1\lib\gcc\arm-none-eabi\13.2.1\thumb\v6-m\nofp\libgcc.a(fixsfsi.o)
 .bss           0x20000338        0x0 C:\Users\hnyre\OneDrive\Desktop\13.2 Rel1\lib\gcc\arm-none-eabi\13.2.1\thumb\v6-m\nofp\libgcc.a(floatsisf.o)
 .bss           0x20000338        0x0 C:\Users\hnyre\OneDrive\Desktop\13.2 Rel1\lib\gcc\arm-none-eabi\13.2.1\thumb\v6-m\nofp\libgcc.a(divdf3.o)
 .bss           0x20000338        0x0 C:\Users\hnyre\OneDrive\Desktop\13.2 Rel1\lib\gcc\arm-none-eabi\13.2.1\thumb\v6-m\nofp\libgcc.a(muldf3.o)
 .bss           0x20000338        0x0 C:\Users\hnyre\OneDrive\Desktop\13.2 Rel1\lib\gcc\arm-none-eabi\13.2.1\thumb\v6-m\nofp\libgcc.a(fixdfsi.o)
 .bss           0x20000338        0x0 C:\Users\hnyre\OneDrive\Desktop\13.2 Rel1\lib\gcc\arm-none-eabi\13.2.1\thumb\v6-m\nofp\libgcc.a(floatsidf.o)
 .bss           0x20000338        0x0 C:\Users\hnyre\OneDrive\Desktop\13.2 Rel1\lib\gcc\arm-none-eabi\13.2.1\thumb\v6-m\nofp\libgcc.a(truncdfsf2.o)
 .bss           0x20000338        0x0 C:\Users\hnyre\OneDrive\Desktop\13.2 Rel1\lib\gcc\arm-none-eabi\13.2.1\thumb\v6-m\nofp\libgcc.a(_udivsi3.o)
 .bss           0x20000338        0x0 C:\Users\hnyre\OneDrive\Desktop\13.2 Rel1\lib\gcc\arm-none-eabi\13.2.1\thumb\v6-m\nofp\libgcc.a(_clzsi2.o)
 .bss           0x20000338        0x0 C:\Users\hnyre\OneDrive\Desktop\13.2 Rel1\lib\gcc\arm-none-eabi\13.2.1\thumb\v6-m\nofp\libc_nano.a(libc_a-nano-vfprintf_float.o)
 .bss           0x20000338        0x0 C:\Users\hnyre\OneDrive\Desktop\13.2 Rel1\lib\gcc\arm-none-eabi\13.2.1\thumb\v6-m\nofp\libc_nano.a(libc_a-nano-vfprintf_i.o)
 .bss           0x20000338        0x0 C:\Users\hnyre\OneDrive\Desktop\13.2 Rel1\lib\gcc\arm-none-eabi\13.2.1\thumb\v6-m\nofp\libc_nano.a(libc_a-printf.o)
 .bss           0x20000338        0x0 C:\Users\hnyre\OneDrive\Desktop\13.2 Rel1\lib\gcc\arm-none-eabi\13.2.1\thumb\v6-m\nofp\libc_nano.a(libc_a-puts.o)
 .bss           0x20000338        0x0 C:\Users\hnyre\OneDrive\Desktop\13.2 Rel1\lib\gcc\arm-none-eabi\13.2.1\thumb\v6-m\nofp\libc_nano.a(libc_a-sprintf.o)
 .bss           0x20000338        0x0 C:\Users\hnyre\OneDrive\Desktop\13.2 Rel1\lib\gcc\arm-none-eabi\13.2.1\thumb\v6-m\nofp\libc_nano.a(libc_a-wbuf.o)
 .bss           0x20000338        0x0 C:\Users\hnyre\OneDrive\Desktop\13.2 Rel1\lib\gcc\arm-none-eabi\13.2.1\thumb\v6-m\nofp\libc_nano.a(libc_a-wsetup.o)
 .bss           0x20000338        0x0 C:\Users\hnyre\OneDrive\Desktop\13.2 Rel1\lib\gcc\arm-none-eabi\13.2.1\thumb\v6-m\nofp\libc_nano.a(libc_a-localeconv.o)
 .bss           0x20000338        0x0 C:\Users\hnyre\OneDrive\Desktop\13.2 Rel1\lib\gcc\arm-none-eabi\13.2.1\thumb\v6-m\nofp\libc_nano.a(libc_a-impure.o)
 .bss           0x20000338        0x0 C:\Users\hnyre\OneDrive\Desktop\13.2 Rel1\lib\gcc\arm-none-eabi\13.2.1\thumb\v6-m\nofp\libc_nano.a(libc_a-lock.o)
 .bss.__lock___arc4random_mutex
                0x20000338        0x1 C:\Users\hnyre\OneDrive\Desktop\13.2 Rel1\lib\gcc\arm-none-eabi\13.2.1\thumb\v6-m\nofp\libc_nano.a(libc_a-lock.o)
                0x20000338                __lock___arc4random_mutex
 .bss.__lock___dd_hash_mutex
                0x20000339        0x1 C:\Users\hnyre\OneDrive\Desktop\13.2 Rel1\lib\gcc\arm-none-eabi\13.2.1\thumb\v6-m\nofp\libc_nano.a(libc_a-lock.o)
                0x20000339                __lock___dd_hash_mutex
 .bss.__lock___tz_mutex
                0x2000033a        0x1 C:\Users\hnyre\OneDrive\Desktop\13.2 Rel1\lib\gcc\arm-none-eabi\13.2.1\thumb\v6-m\nofp\libc_nano.a(libc_a-lock.o)
                0x2000033a                __lock___tz_mutex
 .bss.__lock___env_recursive_mutex
                0x2000033b        0x1 C:\Users\hnyre\OneDrive\Desktop\13.2 Rel1\lib\gcc\arm-none-eabi\13.2.1\thumb\v6-m\nofp\libc_nano.a(libc_a-lock.o)
                0x2000033b                __lock___env_recursive_mutex
 .bss.__lock___malloc_recursive_mutex
                0x2000033c        0x1 C:\Users\hnyre\OneDrive\Desktop\13.2 Rel1\lib\gcc\arm-none-eabi\13.2.1\thumb\v6-m\nofp\libc_nano.a(libc_a-lock.o)
                0x2000033c                __lock___malloc_recursive_mutex
 .bss.__lock___at_quick_exit_mutex
                0x2000033d        0x1 C:\Users\hnyre\OneDrive\Desktop\13.2 Rel1\lib\gcc\arm-none-eabi\13.2.1\thumb\v6-m\nofp\libc_nano.a(libc_a-lock.o)
                0x2000033d                __lock___at_quick_exit_mutex
 .bss.__lock___atexit_recursive_mutex
                0x2000033e        0x1 C:\Users\hnyre\OneDrive\Desktop\13.2 Rel1\lib\gcc\arm-none-eabi\13.2.1\thumb\v6-m\nofp\libc_nano.a(libc_a-lock.o)
                0x2000033e                __lock___atexit_recursive_mutex
 .bss.__lock___sfp_recursive_mutex
                0x2000033f        0x1 C:\Users\hnyre\OneDrive\Desktop\13.2 Rel1\lib\gcc\arm-none-eabi\13.2.1\thumb\v6-m\nofp\libc_nano.a(libc_a-lock.o)
                0x2000033f                __lock___sfp_recursive_mutex
 .bss           0x20000340        0x0 C:\Users\hnyre\OneDrive\Desktop\13.2 Rel1\lib\gcc\arm-none-eabi\13.2.1\thumb\v6-m\nofp\libc_nano.a(libc_a-memchr-stub.o)
 .bss           0x20000340        0x0 C:\Users\hnyre\OneDrive\Desktop\13.2 Rel1\lib\gcc\arm-none-eabi\13.2.1\thumb\v6-m\nofp\libc_nano.a(libc_a-strlen.o)
 .bss           0x20000340        0x0 C:\Users\hnyre\OneDrive\Desktop\13.2 Rel1\lib\gcc\arm-none-eabi\13.2.1\thumb\v6-m\nofp\libc_nano.a(libc_a-dtoa.o)
 .bss           0x20000340        0x0 C:\Users\hnyre\OneDrive\Desktop\13.2 Rel1\lib\gcc\arm-none-eabi\13.2.1\thumb\v6-m\nofp\libc_nano.a(libc_a-freer.o)
 .bss           0x20000340        0x0 C:\Users\hnyre\OneDrive\Desktop\13.2 Rel1\lib\gcc\arm-none-eabi\13.2.1\thumb\v6-m\nofp\libc_nano.a(libc_a-malloc.o)
 .bss           0x20000340        0x0 C:\Users\hnyre\OneDrive\Desktop\13.2 Rel1\lib\gcc\arm-none-eabi\13.2.1\thumb\v6-m\nofp\libc_nano.a(libc_a-mallocr.o)
 .bss.__malloc_sbrk_start
                0x20000340        0x4 C:\Users\hnyre\OneDrive\Desktop\13.2 Rel1\lib\gcc\arm-none-eabi\13.2.1\thumb\v6-m\nofp\libc_nano.a(libc_a-mallocr.o)
                0x20000340                __malloc_sbrk_start
 .bss.__malloc_free_list
                0x20000344        0x4 C:\Users\hnyre\OneDrive\Desktop\13.2 Rel1\lib\gcc\arm-none-eabi\13.2.1\thumb\v6-m\nofp\libc_nano.a(libc_a-mallocr.o)
                0x20000344                __malloc_free_list
 .bss           0x20000348        0x0 C:\Users\hnyre\OneDrive\Desktop\13.2 Rel1\lib\gcc\arm-none-eabi\13.2.1\thumb\v6-m\nofp\libc_nano.a(libc_a-mlock.o)
 .bss           0x20000348        0x0 C:\Users\hnyre\OneDrive\Desktop\13.2 Rel1\lib\gcc\arm-none-eabi\13.2.1\thumb\v6-m\nofp\libc_nano.a(libc_a-mprec.o)
 .bss           0x20000348        0x0 C:\Users\hnyre\OneDrive\Desktop\13.2 Rel1\lib\gcc\arm-none-eabi\13.2.1\thumb\v6-m\nofp\libc_nano.a(libc_a-nano-svfprintf.o)
 .bss           0x20000348        0x0 C:\Users\hnyre\OneDrive\Desktop\13.2 Rel1\lib\gcc\arm-none-eabi\13.2.1\thumb\v6-m\nofp\libc_nano.a(libc_a-nano-vfprintf.o)
 .bss           0x20000348        0x0 C:\Users\hnyre\OneDrive\Desktop\13.2 Rel1\lib\gcc\arm-none-eabi\13.2.1\thumb\v6-m\nofp\libc_nano.a(libc_a-fflush.o)
 .bss           0x20000348        0x0 C:\Users\hnyre\OneDrive\Desktop\13.2 Rel1\lib\gcc\arm-none-eabi\13.2.1\thumb\v6-m\nofp\libc_nano.a(libc_a-findfp.o)
 .bss.__sf      0x20000348      0x138 C:\Users\hnyre\OneDrive\Desktop\13.2 Rel1\lib\gcc\arm-none-eabi\13.2.1\thumb\v6-m\nofp\libc_nano.a(libc_a-findfp.o)
                0x20000348                __sf
 .bss.__stdio_exit_handler
                0x20000480        0x4 C:\Users\hnyre\OneDrive\Desktop\13.2 Rel1\lib\gcc\arm-none-eabi\13.2.1\thumb\v6-m\nofp\libc_nano.a(libc_a-findfp.o)
                0x20000480                __stdio_exit_handler
 .bss           0x20000484        0x0 C:\Users\hnyre\OneDrive\Desktop\13.2 Rel1\lib\gcc\arm-none-eabi\13.2.1\thumb\v6-m\nofp\libc_nano.a(libc_a-fvwrite.o)
 .bss           0x20000484        0x0 C:\Users\hnyre\OneDrive\Desktop\13.2 Rel1\lib\gcc\arm-none-eabi\13.2.1\thumb\v6-m\nofp\libc_nano.a(libc_a-fwalk.o)
 .bss           0x20000484        0x0 C:\Users\hnyre\OneDrive\Desktop\13.2 Rel1\lib\gcc\arm-none-eabi\13.2.1\thumb\v6-m\nofp\libc_nano.a(libc_a-makebuf.o)
 .bss           0x20000484        0x0 C:\Users\hnyre\OneDrive\Desktop\13.2 Rel1\lib\gcc\arm-none-eabi\13.2.1\thumb\v6-m\nofp\libc_nano.a(libc_a-stdio.o)
 .bss           0x20000484        0x0 C:\Users\hnyre\OneDrive\Desktop\13.2 Rel1\lib\gcc\arm-none-eabi\13.2.1\thumb\v6-m\nofp\libc_nano.a(libc_a-memmove.o)
 .bss           0x20000484        0x0 C:\Users\hnyre\OneDrive\Desktop\13.2 Rel1\lib\gcc\arm-none-eabi\13.2.1\thumb\v6-m\nofp\libc_nano.a(libc_a-memset.o)
 .bss           0x20000484        0x0 C:\Users\hnyre\OneDrive\Desktop\13.2 Rel1\lib\gcc\arm-none-eabi\13.2.1\thumb\v6-m\nofp\libc_nano.a(libc_a-locale.o)
 .bss._PathLocale
                0x20000484        0x4 C:\Users\hnyre\OneDrive\Desktop\13.2 Rel1\lib\gcc\arm-none-eabi\13.2.1\thumb\v6-m\nofp\libc_nano.a(libc_a-locale.o)
                0x20000484                _PathLocale
 .bss           0x20000488        0x0 C:\Users\hnyre\OneDrive\Desktop\13.2 Rel1\lib\gcc\arm-none-eabi\13.2.1\thumb\v6-m\nofp\libc_nano.a(libc_a-closer.o)
 .bss           0x20000488        0x0 C:\Users\hnyre\OneDrive\Desktop\13.2 Rel1\lib\gcc\arm-none-eabi\13.2.1\thumb\v6-m\nofp\libc_nano.a(libc_a-fstatr.o)
 .bss           0x20000488        0x0 C:\Users\hnyre\OneDrive\Desktop\13.2 Rel1\lib\gcc\arm-none-eabi\13.2.1\thumb\v6-m\nofp\libc_nano.a(libc_a-isattyr.o)
 .bss           0x20000488        0x0 C:\Users\hnyre\OneDrive\Desktop\13.2 Rel1\lib\gcc\arm-none-eabi\13.2.1\thumb\v6-m\nofp\libc_nano.a(libc_a-lseekr.o)
 .bss           0x20000488        0x0 C:\Users\hnyre\OneDrive\Desktop\13.2 Rel1\lib\gcc\arm-none-eabi\13.2.1\thumb\v6-m\nofp\libc_nano.a(libc_a-readr.o)
 .bss           0x20000488        0x0 C:\Users\hnyre\OneDrive\Desktop\13.2 Rel1\lib\gcc\arm-none-eabi\13.2.1\thumb\v6-m\nofp\libc_nano.a(libc_a-sbrkr.o)
 .bss           0x20000488        0x0 C:\Users\hnyre\OneDrive\Desktop\13.2 Rel1\lib\gcc\arm-none-eabi\13.2.1\thumb\v6-m\nofp\libc_nano.a(libc_a-writer.o)
 .bss           0x20000488        0x0 C:\Users\hnyre\OneDrive\Desktop\13.2 Rel1\lib\gcc\arm-none-eabi\13.2.1\thumb\v6-m\nofp\libc_nano.a(libc_a-strcmp.o)
 .bss           0x20000488        0x0 C:\Users\hnyre\OneDrive\Desktop\13.2 Rel1\lib\gcc\arm-none-eabi\13.2.1\thumb\v6-m\nofp\libc_nano.a(libc_a-memcpy-stub.o)
 .bss           0x20000488        0x0 C:\Users\hnyre\OneDrive\Desktop\13.2 Rel1\lib\gcc\arm-none-eabi\13.2.1\thumb\v6-m\nofp\libc_nano.a(libc_a-assert.o)
 .bss           0x20000488        0x0 C:\Users\hnyre\OneDrive\Desktop\13.2 Rel1\lib\gcc\arm-none-eabi\13.2.1\thumb\v6-m\nofp\libc_nano.a(libc_a-callocr.o)
 .bss           0x20000488        0x0 C:\Users\hnyre\OneDrive\Desktop\13.2 Rel1\lib\gcc\arm-none-eabi\13.2.1\thumb\v6-m\nofp\libc_nano.a(libc_a-mbtowc_r.o)
 .bss           0x20000488        0x0 C:\Users\hnyre\OneDrive\Desktop\13.2 Rel1\lib\gcc\arm-none-eabi\13.2.1\thumb\v6-m\nofp\libc_nano.a(libc_a-reallocr.o)
 .bss           0x20000488        0x0 C:\Users\hnyre\OneDrive\Desktop\13.2 Rel1\lib\gcc\arm-none-eabi\13.2.1\thumb\v6-m\nofp\libc_nano.a(libc_a-wctomb_r.o)
 .bss           0x20000488        0x0 C:\Users\hnyre\OneDrive\Desktop\13.2 Rel1\lib\gcc\arm-none-eabi\13.2.1\thumb\v6-m\nofp\libc_nano.a(libc_a-ctype_.o)
 .bss           0x20000488        0x0 C:\Users\hnyre\OneDrive\Desktop\13.2 Rel1\lib\gcc\arm-none-eabi\13.2.1\thumb\v6-m\nofp\libc_nano.a(libc_a-fprintf.o)
 .bss           0x20000488        0x0 C:\Users\hnyre\OneDrive\Desktop\13.2 Rel1\lib\gcc\arm-none-eabi\13.2.1\thumb\v6-m\nofp\libc_nano.a(libc_a-abort.o)
 .bss           0x20000488        0x0 C:\Users\hnyre\OneDrive\Desktop\13.2 Rel1\lib\gcc\arm-none-eabi\13.2.1\thumb\v6-m\nofp\libc_nano.a(libc_a-msizer.o)
 .bss           0x20000488        0x0 C:\Users\hnyre\OneDrive\Desktop\13.2 Rel1\lib\gcc\arm-none-eabi\13.2.1\thumb\v6-m\nofp\libc_nano.a(libc_a-signal.o)
 .bss           0x20000488        0x0 C:\Users\hnyre\OneDrive\Desktop\13.2 Rel1\lib\gcc\arm-none-eabi\13.2.1\thumb\v6-m\nofp\libc_nano.a(libc_a-signalr.o)
 .bss           0x20000488        0x0 C:\Users\hnyre\OneDrive\Desktop\13.2 Rel1\lib\gcc\arm-none-eabi\13.2.1\thumb\v6-m\nofp\libgcc.a(_thumb1_case_uqi.o)
 .bss           0x20000488        0x0 C:\Users\hnyre\OneDrive\Desktop\13.2 Rel1\lib\gcc\arm-none-eabi\13.2.1\thumb\v6-m\nofp\libgcc.a(_thumb1_case_shi.o)
 .bss           0x20000488        0x0 C:\Users\hnyre\OneDrive\Desktop\13.2 Rel1\lib\gcc\arm-none-eabi\13.2.1\thumb\v6-m\nofp\libgcc.a(_arm_cmpdf2.o)
 .bss           0x20000488        0x0 C:\Users\hnyre\OneDrive\Desktop\13.2 Rel1\lib\gcc\arm-none-eabi\13.2.1\thumb\v6-m\nofp\libgcc.a(adddf3.o)
 .bss           0x20000488        0x0 C:\Users\hnyre\OneDrive\Desktop\13.2 Rel1\lib\gcc\arm-none-eabi\13.2.1\thumb\v6-m\nofp\libgcc.a(eqdf2.o)
 .bss           0x20000488        0x0 C:\Users\hnyre\OneDrive\Desktop\13.2 Rel1\lib\gcc\arm-none-eabi\13.2.1\thumb\v6-m\nofp\libgcc.a(gedf2.o)
 .bss           0x20000488        0x0 C:\Users\hnyre\OneDrive\Desktop\13.2 Rel1\lib\gcc\arm-none-eabi\13.2.1\thumb\v6-m\nofp\libgcc.a(ledf2.o)
 .bss           0x20000488        0x0 C:\Users\hnyre\OneDrive\Desktop\13.2 Rel1\lib\gcc\arm-none-eabi\13.2.1\thumb\v6-m\nofp\libgcc.a(subdf3.o)
 .bss           0x20000488        0x0 C:\Users\hnyre\OneDrive\Desktop\13.2 Rel1\lib\gcc\arm-none-eabi\13.2.1\thumb\v6-m\nofp\libgcc.a(unorddf2.o)
 .bss           0x20000488        0x0 C:\Users\hnyre\OneDrive\Desktop\13.2 Rel1\lib\gcc\arm-none-eabi\13.2.1\thumb\v6-m\nofp\libgcc.a(floatunsidf.o)
 *(COMMON)
                0x20000488                        . = ALIGN (0x4)
                0x20000488                        _ebss = .
                [!provide]                        PROVIDE (end = .)
                0x20000488                        PROVIDE (_HeapStart = .)
                0x20002000                        PROVIDE (_StackTop = (ORIGIN (ram) + LENGTH (ram)))
OUTPUT(main.elf elf32-littlearm)
LOAD linker stubs

.debug_info     0x00000000     0x249e
 .debug_info    0x00000000      0xab7 main.o
 .debug_info    0x00000ab7      0x79e serial.o
 .debug_info    0x00001255      0x7b4 UART2.o
 .debug_info    0x00001a09      0x391 startup.o
 .debug_info    0x00001d9a      0x704 newlib_stubs.o

.debug_abbrev   0x00000000      0xb00
 .debug_abbrev  0x00000000      0x337 main.o
 .debug_abbrev  0x00000337      0x208 serial.o
 .debug_abbrev  0x0000053f      0x24c UART2.o
 .debug_abbrev  0x0000078b      0x1c2 startup.o
 .debug_abbrev  0x0000094d      0x1b3 newlib_stubs.o

.debug_aranges  0x00000000       0xa8
 .debug_aranges
                0x00000000       0x20 main.o
 .debug_aranges
                0x00000020       0x20 serial.o
 .debug_aranges
                0x00000040       0x20 UART2.o
 .debug_aranges
                0x00000060       0x28 startup.o
 .debug_aranges
                0x00000088       0x20 newlib_stubs.o

.debug_line     0x00000000     0x1aee
 .debug_line    0x00000000      0xbd1 main.o
 .debug_line    0x00000bd1      0x4f2 serial.o
 .debug_line    0x000010c3      0x4e3 UART2.o
 .debug_line    0x000015a6      0x293 startup.o
 .debug_line    0x00001839      0x2b5 newlib_stubs.o

.debug_str      0x00000000      0x9a0
 .debug_str     0x00000000      0x9a0 main.o
                                0x50e (size before relaxing)
 .debug_str     0x000009a0      0x3a3 serial.o
 .debug_str     0x000009a0      0x3b4 UART2.o
 .debug_str     0x000009a0      0x2e4 startup.o
 .debug_str     0x000009a0      0x3d5 newlib_stubs.o

.comment        0x00000000       0x44
 .comment       0x00000000       0x44 main.o
                                 0x45 (size before relaxing)
 .comment       0x00000044       0x45 serial.o
 .comment       0x00000044       0x45 UART2.o
 .comment       0x00000044       0x45 startup.o
 .comment       0x00000044       0x45 newlib_stubs.o

.ARM.attributes
                0x00000000       0x2a
 .ARM.attributes
                0x00000000       0x2c main.o
 .ARM.attributes
                0x0000002c       0x2c serial.o
 .ARM.attributes
                0x00000058       0x2c UART2.o
 .ARM.attributes
                0x00000084       0x2c startup.o
 .ARM.attributes
                0x000000b0       0x2c newlib_stubs.o
 .ARM.attributes
                0x000000dc       0x2c C:\Users\hnyre\OneDrive\Desktop\13.2 Rel1\lib\gcc\arm-none-eabi\13.2.1\thumb\v6-m\nofp\libnosys.a(errno.o)
 .ARM.attributes
                0x00000108       0x1e C:\Users\hnyre\OneDrive\Desktop\13.2 Rel1\lib\gcc\arm-none-eabi\13.2.1\thumb\v6-m\nofp\libgcc.a(_divsi3.o)
 .ARM.attributes
                0x00000126       0x1e C:\Users\hnyre\OneDrive\Desktop\13.2 Rel1\lib\gcc\arm-none-eabi\13.2.1\thumb\v6-m\nofp\libgcc.a(_dvmd_tls.o)
 .ARM.attributes
                0x00000144       0x2c C:\Users\hnyre\OneDrive\Desktop\13.2 Rel1\lib\gcc\arm-none-eabi\13.2.1\thumb\v6-m\nofp\libgcc.a(addsf3.o)
 .ARM.attributes
                0x00000170       0x2c C:\Users\hnyre\OneDrive\Desktop\13.2 Rel1\lib\gcc\arm-none-eabi\13.2.1\thumb\v6-m\nofp\libgcc.a(divsf3.o)
 .ARM.attributes
                0x0000019c       0x2c C:\Users\hnyre\OneDrive\Desktop\13.2 Rel1\lib\gcc\arm-none-eabi\13.2.1\thumb\v6-m\nofp\libgcc.a(fixsfsi.o)
 .ARM.attributes
                0x000001c8       0x2c C:\Users\hnyre\OneDrive\Desktop\13.2 Rel1\lib\gcc\arm-none-eabi\13.2.1\thumb\v6-m\nofp\libgcc.a(floatsisf.o)
 .ARM.attributes
                0x000001f4       0x2c C:\Users\hnyre\OneDrive\Desktop\13.2 Rel1\lib\gcc\arm-none-eabi\13.2.1\thumb\v6-m\nofp\libgcc.a(divdf3.o)
 .ARM.attributes
                0x00000220       0x2c C:\Users\hnyre\OneDrive\Desktop\13.2 Rel1\lib\gcc\arm-none-eabi\13.2.1\thumb\v6-m\nofp\libgcc.a(muldf3.o)
 .ARM.attributes
                0x0000024c       0x2c C:\Users\hnyre\OneDrive\Desktop\13.2 Rel1\lib\gcc\arm-none-eabi\13.2.1\thumb\v6-m\nofp\libgcc.a(fixdfsi.o)
 .ARM.attributes
                0x00000278       0x2c C:\Users\hnyre\OneDrive\Desktop\13.2 Rel1\lib\gcc\arm-none-eabi\13.2.1\thumb\v6-m\nofp\libgcc.a(floatsidf.o)
 .ARM.attributes
                0x000002a4       0x2c C:\Users\hnyre\OneDrive\Desktop\13.2 Rel1\lib\gcc\arm-none-eabi\13.2.1\thumb\v6-m\nofp\libgcc.a(truncdfsf2.o)
 .ARM.attributes
                0x000002d0       0x1e C:\Users\hnyre\OneDrive\Desktop\13.2 Rel1\lib\gcc\arm-none-eabi\13.2.1\thumb\v6-m\nofp\libgcc.a(_udivsi3.o)
 .ARM.attributes
                0x000002ee       0x1e C:\Users\hnyre\OneDrive\Desktop\13.2 Rel1\lib\gcc\arm-none-eabi\13.2.1\thumb\v6-m\nofp\libgcc.a(_clzsi2.o)
 .ARM.attributes
                0x0000030c       0x2c C:\Users\hnyre\OneDrive\Desktop\13.2 Rel1\lib\gcc\arm-none-eabi\13.2.1\thumb\v6-m\nofp\libc_nano.a(libc_a-nano-vfprintf_float.o)
 .ARM.attributes
                0x00000338       0x2c C:\Users\hnyre\OneDrive\Desktop\13.2 Rel1\lib\gcc\arm-none-eabi\13.2.1\thumb\v6-m\nofp\libc_nano.a(libc_a-nano-vfprintf_i.o)
 .ARM.attributes
                0x00000364       0x2c C:\Users\hnyre\OneDrive\Desktop\13.2 Rel1\lib\gcc\arm-none-eabi\13.2.1\thumb\v6-m\nofp\libc_nano.a(libc_a-printf.o)
 .ARM.attributes
                0x00000390       0x2c C:\Users\hnyre\OneDrive\Desktop\13.2 Rel1\lib\gcc\arm-none-eabi\13.2.1\thumb\v6-m\nofp\libc_nano.a(libc_a-puts.o)
 .ARM.attributes
                0x000003bc       0x2c C:\Users\hnyre\OneDrive\Desktop\13.2 Rel1\lib\gcc\arm-none-eabi\13.2.1\thumb\v6-m\nofp\libc_nano.a(libc_a-sprintf.o)
 .ARM.attributes
                0x000003e8       0x2c C:\Users\hnyre\OneDrive\Desktop\13.2 Rel1\lib\gcc\arm-none-eabi\13.2.1\thumb\v6-m\nofp\libc_nano.a(libc_a-wbuf.o)
 .ARM.attributes
                0x00000414       0x2c C:\Users\hnyre\OneDrive\Desktop\13.2 Rel1\lib\gcc\arm-none-eabi\13.2.1\thumb\v6-m\nofp\libc_nano.a(libc_a-wsetup.o)
 .ARM.attributes
                0x00000440       0x2c C:\Users\hnyre\OneDrive\Desktop\13.2 Rel1\lib\gcc\arm-none-eabi\13.2.1\thumb\v6-m\nofp\libc_nano.a(libc_a-localeconv.o)
 .ARM.attributes
                0x0000046c       0x2c C:\Users\hnyre\OneDrive\Desktop\13.2 Rel1\lib\gcc\arm-none-eabi\13.2.1\thumb\v6-m\nofp\libc_nano.a(libc_a-impure.o)
 .ARM.attributes
                0x00000498       0x2c C:\Users\hnyre\OneDrive\Desktop\13.2 Rel1\lib\gcc\arm-none-eabi\13.2.1\thumb\v6-m\nofp\libc_nano.a(libc_a-lock.o)
 .ARM.attributes
                0x000004c4       0x2c C:\Users\hnyre\OneDrive\Desktop\13.2 Rel1\lib\gcc\arm-none-eabi\13.2.1\thumb\v6-m\nofp\libc_nano.a(libc_a-memchr-stub.o)
 .ARM.attributes
                0x000004f0       0x1c C:\Users\hnyre\OneDrive\Desktop\13.2 Rel1\lib\gcc\arm-none-eabi\13.2.1\thumb\v6-m\nofp\libc_nano.a(libc_a-strlen.o)
 .ARM.attributes
                0x0000050c       0x2c C:\Users\hnyre\OneDrive\Desktop\13.2 Rel1\lib\gcc\arm-none-eabi\13.2.1\thumb\v6-m\nofp\libc_nano.a(libc_a-dtoa.o)
 .ARM.attributes
                0x00000538       0x2c C:\Users\hnyre\OneDrive\Desktop\13.2 Rel1\lib\gcc\arm-none-eabi\13.2.1\thumb\v6-m\nofp\libc_nano.a(libc_a-freer.o)
 .ARM.attributes
                0x00000564       0x2c C:\Users\hnyre\OneDrive\Desktop\13.2 Rel1\lib\gcc\arm-none-eabi\13.2.1\thumb\v6-m\nofp\libc_nano.a(libc_a-malloc.o)
 .ARM.attributes
                0x00000590       0x2c C:\Users\hnyre\OneDrive\Desktop\13.2 Rel1\lib\gcc\arm-none-eabi\13.2.1\thumb\v6-m\nofp\libc_nano.a(libc_a-mallocr.o)
 .ARM.attributes
                0x000005bc       0x2c C:\Users\hnyre\OneDrive\Desktop\13.2 Rel1\lib\gcc\arm-none-eabi\13.2.1\thumb\v6-m\nofp\libc_nano.a(libc_a-mlock.o)
 .ARM.attributes
                0x000005e8       0x2c C:\Users\hnyre\OneDrive\Desktop\13.2 Rel1\lib\gcc\arm-none-eabi\13.2.1\thumb\v6-m\nofp\libc_nano.a(libc_a-mprec.o)
 .ARM.attributes
                0x00000614       0x2c C:\Users\hnyre\OneDrive\Desktop\13.2 Rel1\lib\gcc\arm-none-eabi\13.2.1\thumb\v6-m\nofp\libc_nano.a(libc_a-nano-svfprintf.o)
 .ARM.attributes
                0x00000640       0x2c C:\Users\hnyre\OneDrive\Desktop\13.2 Rel1\lib\gcc\arm-none-eabi\13.2.1\thumb\v6-m\nofp\libc_nano.a(libc_a-nano-vfprintf.o)
 .ARM.attributes
                0x0000066c       0x2c C:\Users\hnyre\OneDrive\Desktop\13.2 Rel1\lib\gcc\arm-none-eabi\13.2.1\thumb\v6-m\nofp\libc_nano.a(libc_a-fflush.o)
 .ARM.attributes
                0x00000698       0x2c C:\Users\hnyre\OneDrive\Desktop\13.2 Rel1\lib\gcc\arm-none-eabi\13.2.1\thumb\v6-m\nofp\libc_nano.a(libc_a-findfp.o)
 .ARM.attributes
                0x000006c4       0x2c C:\Users\hnyre\OneDrive\Desktop\13.2 Rel1\lib\gcc\arm-none-eabi\13.2.1\thumb\v6-m\nofp\libc_nano.a(libc_a-fvwrite.o)
 .ARM.attributes
                0x000006f0       0x2c C:\Users\hnyre\OneDrive\Desktop\13.2 Rel1\lib\gcc\arm-none-eabi\13.2.1\thumb\v6-m\nofp\libc_nano.a(libc_a-fwalk.o)
 .ARM.attributes
                0x0000071c       0x2c C:\Users\hnyre\OneDrive\Desktop\13.2 Rel1\lib\gcc\arm-none-eabi\13.2.1\thumb\v6-m\nofp\libc_nano.a(libc_a-makebuf.o)
 .ARM.attributes
                0x00000748       0x2c C:\Users\hnyre\OneDrive\Desktop\13.2 Rel1\lib\gcc\arm-none-eabi\13.2.1\thumb\v6-m\nofp\libc_nano.a(libc_a-stdio.o)
 .ARM.attributes
                0x00000774       0x2c C:\Users\hnyre\OneDrive\Desktop\13.2 Rel1\lib\gcc\arm-none-eabi\13.2.1\thumb\v6-m\nofp\libc_nano.a(libc_a-memmove.o)
 .ARM.attributes
                0x000007a0       0x2c C:\Users\hnyre\OneDrive\Desktop\13.2 Rel1\lib\gcc\arm-none-eabi\13.2.1\thumb\v6-m\nofp\libc_nano.a(libc_a-memset.o)
 .ARM.attributes
                0x000007cc       0x2c C:\Users\hnyre\OneDrive\Desktop\13.2 Rel1\lib\gcc\arm-none-eabi\13.2.1\thumb\v6-m\nofp\libc_nano.a(libc_a-locale.o)
 .ARM.attributes
                0x000007f8       0x2c C:\Users\hnyre\OneDrive\Desktop\13.2 Rel1\lib\gcc\arm-none-eabi\13.2.1\thumb\v6-m\nofp\libc_nano.a(libc_a-closer.o)
 .ARM.attributes
                0x00000824       0x2c C:\Users\hnyre\OneDrive\Desktop\13.2 Rel1\lib\gcc\arm-none-eabi\13.2.1\thumb\v6-m\nofp\libc_nano.a(libc_a-fstatr.o)
 .ARM.attributes
                0x00000850       0x2c C:\Users\hnyre\OneDrive\Desktop\13.2 Rel1\lib\gcc\arm-none-eabi\13.2.1\thumb\v6-m\nofp\libc_nano.a(libc_a-isattyr.o)
 .ARM.attributes