Archive member included to satisfy reference by file (symbol)

C:\Users\keybo\Documents\gcc-arm-none-eabi-10.3-2021.10\arm-none-eabi\lib\thumb\v6-m\nofp\libnosys.a(errno.o)
                              newlib_stubs.o (errno)
C:\Users\keybo\Documents\gcc-arm-none-eabi-10.3-2021.10\lib\gcc\arm-none-eabi\10.3.1\thumb\v6-m\nofp\libgcc.a(_divsi3.o)
                              serial.o (__aeabi_idiv)
C:\Users\keybo\Documents\gcc-arm-none-eabi-10.3-2021.10\lib\gcc\arm-none-eabi\10.3.1\thumb\v6-m\nofp\libgcc.a(_dvmd_tls.o)
                              C:\Users\keybo\Documents\gcc-arm-none-eabi-10.3-2021.10\lib\gcc\arm-none-eabi\10.3.1\thumb\v6-m\nofp\libgcc.a(_divsi3.o) (__aeabi_idiv0)
C:\Users\keybo\Documents\gcc-arm-none-eabi-10.3-2021.10\lib\gcc\arm-none-eabi\10.3.1\thumb\v6-m\nofp\libgcc.a(_arm_cmpdf2.o)
                              motor.o (__aeabi_dcmplt)
C:\Users\keybo\Documents\gcc-arm-none-eabi-10.3-2021.10\lib\gcc\arm-none-eabi\10.3.1\thumb\v6-m\nofp\libgcc.a(_arm_cmpsf2.o)
                              motor.o (__aeabi_fcmpeq)
C:\Users\keybo\Documents\gcc-arm-none-eabi-10.3-2021.10\lib\gcc\arm-none-eabi\10.3.1\thumb\v6-m\nofp\libgcc.a(_fixunssfsi.o)
                              motor.o (__aeabi_f2uiz)
C:\Users\keybo\Documents\gcc-arm-none-eabi-10.3-2021.10\lib\gcc\arm-none-eabi\10.3.1\thumb\v6-m\nofp\libgcc.a(addsf3.o)
                              motor.o (__aeabi_fadd)
C:\Users\keybo\Documents\gcc-arm-none-eabi-10.3-2021.10\lib\gcc\arm-none-eabi\10.3.1\thumb\v6-m\nofp\libgcc.a(divsf3.o)
                              motor.o (__aeabi_fdiv)
C:\Users\keybo\Documents\gcc-arm-none-eabi-10.3-2021.10\lib\gcc\arm-none-eabi\10.3.1\thumb\v6-m\nofp\libgcc.a(eqsf2.o)
                              C:\Users\keybo\Documents\gcc-arm-none-eabi-10.3-2021.10\lib\gcc\arm-none-eabi\10.3.1\thumb\v6-m\nofp\libgcc.a(_arm_cmpsf2.o) (__eqsf2)
C:\Users\keybo\Documents\gcc-arm-none-eabi-10.3-2021.10\lib\gcc\arm-none-eabi\10.3.1\thumb\v6-m\nofp\libgcc.a(gesf2.o)
                              C:\Users\keybo\Documents\gcc-arm-none-eabi-10.3-2021.10\lib\gcc\arm-none-eabi\10.3.1\thumb\v6-m\nofp\libgcc.a(_arm_cmpsf2.o) (__gesf2)
C:\Users\keybo\Documents\gcc-arm-none-eabi-10.3-2021.10\lib\gcc\arm-none-eabi\10.3.1\thumb\v6-m\nofp\libgcc.a(lesf2.o)
                              C:\Users\keybo\Documents\gcc-arm-none-eabi-10.3-2021.10\lib\gcc\arm-none-eabi\10.3.1\thumb\v6-m\nofp\libgcc.a(_arm_cmpsf2.o) (__lesf2)
C:\Users\keybo\Documents\gcc-arm-none-eabi-10.3-2021.10\lib\gcc\arm-none-eabi\10.3.1\thumb\v6-m\nofp\libgcc.a(mulsf3.o)
                              motor.o (__aeabi_fmul)
C:\Users\keybo\Documents\gcc-arm-none-eabi-10.3-2021.10\lib\gcc\arm-none-eabi\10.3.1\thumb\v6-m\nofp\libgcc.a(subsf3.o)
                              C:\Users\keybo\Documents\gcc-arm-none-eabi-10.3-2021.10\lib\gcc\arm-none-eabi\10.3.1\thumb\v6-m\nofp\libgcc.a(_fixunssfsi.o) (__aeabi_fsub)
C:\Users\keybo\Documents\gcc-arm-none-eabi-10.3-2021.10\lib\gcc\arm-none-eabi\10.3.1\thumb\v6-m\nofp\libgcc.a(fixsfsi.o)
                              C:\Users\keybo\Documents\gcc-arm-none-eabi-10.3-2021.10\lib\gcc\arm-none-eabi\10.3.1\thumb\v6-m\nofp\libgcc.a(_fixunssfsi.o) (__aeabi_f2iz)
C:\Users\keybo\Documents\gcc-arm-none-eabi-10.3-2021.10\lib\gcc\arm-none-eabi\10.3.1\thumb\v6-m\nofp\libgcc.a(adddf3.o)
                              motor.o (__aeabi_dadd)
C:\Users\keybo\Documents\gcc-arm-none-eabi-10.3-2021.10\lib\gcc\arm-none-eabi\10.3.1\thumb\v6-m\nofp\libgcc.a(divdf3.o)
                              motor.o (__aeabi_ddiv)
C:\Users\keybo\Documents\gcc-arm-none-eabi-10.3-2021.10\lib\gcc\arm-none-eabi\10.3.1\thumb\v6-m\nofp\libgcc.a(eqdf2.o)
                              C:\Users\keybo\Documents\gcc-arm-none-eabi-10.3-2021.10\lib\gcc\arm-none-eabi\10.3.1\thumb\v6-m\nofp\libgcc.a(_arm_cmpdf2.o) (__eqdf2)
C:\Users\keybo\Documents\gcc-arm-none-eabi-10.3-2021.10\lib\gcc\arm-none-eabi\10.3.1\thumb\v6-m\nofp\libgcc.a(gedf2.o)
                              C:\Users\keybo\Documents\gcc-arm-none-eabi-10.3-2021.10\lib\gcc\arm-none-eabi\10.3.1\thumb\v6-m\nofp\libgcc.a(_arm_cmpdf2.o) (__gedf2)
C:\Users\keybo\Documents\gcc-arm-none-eabi-10.3-2021.10\lib\gcc\arm-none-eabi\10.3.1\thumb\v6-m\nofp\libgcc.a(ledf2.o)
                              C:\Users\keybo\Documents\gcc-arm-none-eabi-10.3-2021.10\lib\gcc\arm-none-eabi\10.3.1\thumb\v6-m\nofp\libgcc.a(_arm_cmpdf2.o) (__ledf2)
C:\Users\keybo\Documents\gcc-arm-none-eabi-10.3-2021.10\lib\gcc\arm-none-eabi\10.3.1\thumb\v6-m\nofp\libgcc.a(muldf3.o)
                              motor.o (__aeabi_dmul)
C:\Users\keybo\Documents\gcc-arm-none-eabi-10.3-2021.10\lib\gcc\arm-none-eabi\10.3.1\thumb\v6-m\nofp\libgcc.a(extendsfdf2.o)
                              motor.o (__aeabi_f2d)
C:\Users\keybo\Documents\gcc-arm-none-eabi-10.3-2021.10\lib\gcc\arm-none-eabi\10.3.1\thumb\v6-m\nofp\libgcc.a(truncdfsf2.o)
                              motor.o (__aeabi_d2f)
[...]
Memory Configuration

Name             Origin             Length             Attributes
flash            0x08000000         0x00010000
ram              0x20000000         0x00002000
*default*        0x00000000         0xffffffff

Linker script and memory map

LOAD motor.o
LOAD startup.o
LOAD serial.o
LOAD newlib_stubs.o
LOAD C:\Users\keybo\Documents\gcc-arm-none-eabi-10.3-2021.10\arm-none-eabi\lib\thumb\v6-m\nofp\libnosys.a
LOAD C:\Users\keybo\Documents\gcc-arm-none-eabi-10.3-2021.10\lib\gcc\arm-none-eabi\10.3.1\thumb\v6-m\nofp\libgcc.a
START GROUP
LOAD C:\Users\keybo\Documents\gcc-arm-none-eabi-10.3-2021.10\lib\gcc\arm-none-eabi\10.3.1\thumb\v6-m\nofp\libgcc.a
LOAD C:\Users\keybo\Documents\gcc-arm-none-eabi-10.3-2021.10\arm-none-eabi\lib\thumb\v6-m\nofp\libc_nano.a
LOAD C:\Users\keybo\Documents\gcc-arm-none-eabi-10.3-2021.10\arm-none-eabi\lib\thumb\v6-m\nofp\libm.a
END GROUP

.text           0x08000000     0xa718
 *(.vectors)
 .vectors       0x08000000       0xb8 startup.o
                0x08000000                Vectors
 *(.after_vectors*)
 .after_vectors
                0x080000b8       0x28 startup.o
                0x080000b8                ResetInit
 *(.text*)
 .text          0x080000e0      0x818 motor.o
                0x080000e0                wait_1ms
                0x08000118                delayms
                0x0800013a                TIM2_Handler
                0x08000200                Hardware_Init
                0x080002e4                LeftMotorAdjust_angle
                0x08000454                RightMotorAdjust_angle
                0x080005bc                get_PWM
                0x08000628                turnLeftMotor
                0x0800063a                turnRightMotor
                0x0800064e                main
 .text          0x080008f8      0x1a8 startup.o
                0x08000970                initClock
                0x08000a78                EXTI2_3_Handler
                0x08000a78                TIM21_Handler
                0x08000a78                SysTick_Handler
                0x08000a78                I2C1_Handler
                0x08000a78                PendSV_Handler
                0x08000a78                NMI_Handler
                0x08000a78                WWDG_Handler
                0x08000a78                RTC_Handler
                0x08000a78                EXTI4_15_Handler
                0x08000a78                DMA_CH4_5_6_7_Handler
                0x08000a78                Default_Handler
                0x08000a78                LPUART1_Handler
                0x08000a78                FLASH_Handler
                0x08000a78                EXTI0_1_Handler
                0x08000a78                DMA_CH1_Handler
                0x08000a78                SPI2_Handler
                0x08000a78                DMA_CH2_3_Handler
                0x08000a78                I2C2_Handler
                0x08000a78                SVC_Handler
                0x08000a78                LPTIM1_Handler
                0x08000a78                USART2_Handler
                0x08000a78                SPI1_Handler
                0x08000a78                RCC_Handler
                0x08000a78                PVD_Handler
                0x08000a78                TIM6_Handler
                0x08000a78                TIM22_Handler
                0x08000a78                ADC_COMP_Handler
                0x08000a8c                Hard_Fault_Handler
 .text          0x08000aa0      0x5b4 serial.o
                0x08000aa0                ReadCom
                0x08000b14                WriteCom
                0x08000bb4                initUART
                0x08000d04                USART1_Handler
                0x08000d30                usart_rx
                0x08000d60                usart_tx
                0x08000dc8                PutBuf
                0x08000e2a                GetBuf
                0x08000e80                GetBufCount
                0x08000e94                eputs
                0x08000ed0                eputc
                0x08000eee                egetc
                0x08000f08                egets
                0x08000f94                egetc_echo
                0x08000fba                egets_echo
 .text          0x08001054      0x29c newlib_stubs.o
                0x08001054                _exit
                0x0800105e                _close
                0x08001072                _execve
                0x08001094                _fork
                0x080010ac                _fstat
                0x080010c8                _getpid
                0x080010d4                _kill
                0x080010f4                _link
                0x08001114                _lseek
                0x0800112a                _stat
                0x08001146                _times
                0x0800115a                _unlink
                0x08001178                _wait
                0x08001198                _isatty
                0x080011c0                _sbrk
                0x08001224                _read
                0x0800129c                _write
 .text          0x080012f0        0x0 C:\Users\keybo\Documents\gcc-arm-none-eabi-10.3-2021.10\arm-none-eabi\lib\thumb\v6-m\nofp\libnosys.a(errno.o)
 .text          0x080012f0      0x1d4 C:\Users\keybo\Documents\gcc-arm-none-eabi-10.3-2021.10\lib\gcc\arm-none-eabi\10.3.1\thumb\v6-m\nofp\libgcc.a(_divsi3.o)
                0x080012f0                __divsi3
                0x080012f0                __aeabi_idiv
                0x080014bc                __aeabi_idivmod
 .text          0x080014c4        0x4 C:\Users\keybo\Documents\gcc-arm-none-eabi-10.3-2021.10\lib\gcc\arm-none-eabi\10.3.1\thumb\v6-m\nofp\libgcc.a(_dvmd_tls.o)
                0x080014c4                __aeabi_idiv0
                0x080014c4                __aeabi_ldiv0
 .text          0x080014c8       0x7c C:\Users\keybo\Documents\gcc-arm-none-eabi-10.3-2021.10\lib\gcc\arm-none-eabi\10.3.1\thumb\v6-m\nofp\libgcc.a(_arm_cmpdf2.o)
                0x080014c8                __aeabi_cdrcmple
                0x080014d8                __aeabi_cdcmple
                0x080014d8                __aeabi_cdcmpeq
                0x080014e8                __aeabi_dcmpeq
                0x080014f4                __aeabi_dcmplt
                0x08001508                __aeabi_dcmple
                0x0800151c                __aeabi_dcmpgt
                0x08001530                __aeabi_dcmpge
 .text          0x08001544       0x74 C:\Users\keybo\Documents\gcc-arm-none-eabi-10.3-2021.10\lib\gcc\arm-none-eabi\10.3.1\thumb\v6-m\nofp\libgcc.a(_arm_cmpsf2.o)
                0x08001544                __aeabi_cfrcmple
                0x0800154c                __aeabi_cfcmpeq
                0x0800154c                __aeabi_cfcmple
                0x0800155c                __aeabi_fcmpeq
                0x08001568                __aeabi_fcmplt
                0x0800157c                __aeabi_fcmple
                0x08001590                __aeabi_fcmpgt
                0x080015a4                __aeabi_fcmpge
 .text          0x080015b8       0x30 C:\Users\keybo\Documents\gcc-arm-none-eabi-10.3-2021.10\lib\gcc\arm-none-eabi\10.3.1\thumb\v6-m\nofp\libgcc.a(_fixunssfsi.o)
                0x080015b8                __fixunssfsi
                0x080015b8                __aeabi_f2uiz
 .text          0x080015e8      0x33c C:\Users\keybo\Documents\gcc-arm-none-eabi-10.3-2021.10\lib\gcc\arm-none-eabi\10.3.1\thumb\v6-m\nofp\libgcc.a(addsf3.o)
                0x080015e8                __aeabi_fadd
 .text          0x08001924      0x230 C:\Users\keybo\Documents\gcc-arm-none-eabi-10.3-2021.10\lib\gcc\arm-none-eabi\10.3.1\thumb\v6-m\nofp\libgcc.a(divsf3.o)
                0x08001924                __aeabi_fdiv
 .text          0x08001b54       0x4c C:\Users\keybo\Documents\gcc-arm-none-eabi-10.3-2021.10\lib\gcc\arm-none-eabi\10.3.1\thumb\v6-m\nofp\libgcc.a(eqsf2.o)
                0x08001b54                __eqsf2
                0x08001b54                __nesf2
 .text          0x08001ba0       0x8c C:\Users\keybo\Documents\gcc-arm-none-eabi-10.3-2021.10\lib\gcc\arm-none-eabi\10.3.1\thumb\v6-m\nofp\libgcc.a(gesf2.o)
                0x08001ba0                __gesf2
                0x08001ba0                __gtsf2
 .text          0x08001c2c       0x88 C:\Users\keybo\Documents\gcc-arm-none-eabi-10.3-2021.10\lib\gcc\arm-none-eabi\10.3.1\thumb\v6-m\nofp\libgcc.a(lesf2.o)
                0x08001c2c                __ltsf2
                0x08001c2c                __lesf2
 .text          0x08001cb4      0x24c C:\Users\keybo\Documents\gcc-arm-none-eabi-10.3-2021.10\lib\gcc\arm-none-eabi\10.3.1\thumb\v6-m\nofp\libgcc.a(mulsf3.o)
                0x08001cb4                __aeabi_fmul
 .text          0x08001f00      0x35c C:\Users\keybo\Documents\gcc-arm-none-eabi-10.3-2021.10\lib\gcc\arm-none-eabi\10.3.1\thumb\v6-m\nofp\libgcc.a(subsf3.o)
                0x08001f00                __aeabi_fsub
 .text          0x0800225c       0x40 C:\Users\keybo\Documents\gcc-arm-none-eabi-10.3-2021.10\lib\gcc\arm-none-eabi\10.3.1\thumb\v6-m\nofp\libgcc.a(fixsfsi.o)
                0x0800225c                __aeabi_f2iz
 .text          0x0800229c      0x678 C:\Users\keybo\Documents\gcc-arm-none-eabi-10.3-2021.10\lib\gcc\arm-none-eabi\10.3.1\thumb\v6-m\nofp\libgcc.a(adddf3.o)
                0x0800229c                __aeabi_dadd
 .text          0x08002914      0x5ec C:\Users\keybo\Documents\gcc-arm-none-eabi-10.3-2021.10\lib\gcc\arm-none-eabi\10.3.1\thumb\v6-m\nofp\libgcc.a(divdf3.o)
                0x08002914                __aeabi_ddiv
 .text          0x08002f00       0x84 C:\Users\keybo\Documents\gcc-arm-none-eabi-10.3-2021.10\lib\gcc\arm-none-eabi\10.3.1\thumb\v6-m\nofp\libgcc.a(eqdf2.o)
                0x08002f00                __nedf2
                0x08002f00                __eqdf2
 .text          0x08002f84       0xcc C:\Users\keybo\Documents\gcc-arm-none-eabi-10.3-2021.10\lib\gcc\arm-none-eabi\10.3.1\thumb\v6-m\nofp\libgcc.a(gedf2.o)
                0x08002f84                __gedf2
                0x08002f84                __gtdf2
 .text          0x08003050       0xc8 C:\Users\keybo\Documents\gcc-arm-none-eabi-10.3-2021.10\lib\gcc\arm-none-eabi\10.3.1\thumb\v6-m\nofp\libgcc.a(ledf2.o)
                0x08003050                __ledf2
                0x08003050                __ltdf2
 .text          0x08003118      0x4d8 C:\Users\keybo\Documents\gcc-arm-none-eabi-10.3-2021.10\lib\gcc\arm-none-eabi\10.3.1\thumb\v6-m\nofp\libgcc.a(muldf3.o)
                0x08003118                __aeabi_dmul
 .text          0x080035f0       0x90 C:\Users\keybo\Documents\gcc-arm-none-eabi-10.3-2021.10\lib\gcc\arm-none-eabi\10.3.1\thumb\v6-m\nofp\libgcc.a(extendsfdf2.o)
                0x080035f0                __aeabi_f2d
 .text          0x08003680      0x110 C:\Users\keybo\Documents\gcc-arm-none-eabi-10.3-2021.10\lib\gcc\arm-none-eabi\10.3.1\thumb\v6-m\nofp\libgcc.a(truncdfsf2.o)
                0x08003680                __aeabi_d2f
 .text          0x08003790      0x114 C:\Users\keybo\Documents\gcc-arm-none-eabi-10.3-2021.10\lib\gcc\arm-none-eabi\10.3.1\thumb\v6-m\nofp\libgcc.a(_udivsi3.o)
                0x08003790                __aeabi_uidiv
                0x08003790                __udivsi3
                0x0800389c                __aeabi_uidivmod
 .text          0x080038a4       0x3c C:\Users\keybo\Documents\gcc-arm-none-eabi-10.3-2021.10\lib\gcc\arm-none-eabi\10.3.1\thumb\v6-m\nofp\libgcc.a(_clzsi2.o)
                0x080038a4                __clzsi2
 .text          0x080038e0        0x0 C:\Users\keybo\Documents\gcc-arm-none-eabi-10.3-2021.10\arm-none-eabi\lib\thumb\v6-m\nofp\libc_nano.a(lib_a-nano-vfprintf_float.o)
 .text.__cvt    0x080038e0       0xc6 C:\Users\keybo\Documents\gcc-arm-none-eabi-10.3-2021.10\arm-none-eabi\lib\thumb\v6-m\nofp\libc_nano.a(lib_a-nano-vfprintf_float.o)
                0x080038e0                __cvt
 .text.__exponent
                0x080039a6       0x8e C:\Users\keybo\Documents\gcc-arm-none-eabi-10.3-2021.10\arm-none-eabi\lib\thumb\v6-m\nofp\libc_nano.a(lib_a-nano-vfprintf_float.o)
                0x080039a6                __exponent
 .text._printf_float
                0x08003a34      0x484 C:\Users\keybo\Documents\gcc-arm-none-eabi-10.3-2021.10\arm-none-eabi\lib\thumb\v6-m\nofp\libc_nano.a(lib_a-nano-vfprintf_float.o)
                0x08003a34                _printf_float
 .text          0x08003eb8        0x0 C:\Users\keybo\Documents\gcc-arm-none-eabi-10.3-2021.10\arm-none-eabi\lib\thumb\v6-m\nofp\libc_nano.a(lib_a-nano-vfprintf_i.o)
 .text._printf_common
                0x08003eb8       0xde C:\Users\keybo\Documents\gcc-arm-none-eabi-10.3-2021.10\arm-none-eabi\lib\thumb\v6-m\nofp\libc_nano.a(lib_a-nano-vfprintf_i.o)
                0x08003eb8                _printf_common
 *fill*         0x08003f96        0x2 
 .text._printf_i
                0x08003f98      0x224 C:\Users\keybo\Documents\gcc-arm-none-eabi-10.3-2021.10\arm-none-eabi\lib\thumb\v6-m\nofp\libc_nano.a(lib_a-nano-vfprintf_i.o)
                0x08003f98                _printf_i
 .text          0x080041bc        0x0 C:\Users\keybo\Documents\gcc-arm-none-eabi-10.3-2021.10\arm-none-eabi\lib\thumb\v6-m\nofp\libc_nano.a(lib_a-printf.o)
 .text._printf_r
                0x080041bc       0x28 C:\Users\keybo\Documents\gcc-arm-none-eabi-10.3-2021.10\arm-none-eabi\lib\thumb\v6-m\nofp\libc_nano.a(lib_a-printf.o)
                0x080041bc                _iprintf_r
                0x080041bc                _printf_r
 .text.printf   0x080041e4       0x34 C:\Users\keybo\Documents\gcc-arm-none-eabi-10.3-2021.10\arm-none-eabi\lib\thumb\v6-m\nofp\libc_nano.a(lib_a-printf.o)
                0x080041e4                iprintf
                0x080041e4                printf
 .text          0x08004218        0x0 C:\Users\keybo\Documents\gcc-arm-none-eabi-10.3-2021.10\arm-none-eabi\lib\thumb\v6-m\nofp\libc_nano.a(lib_a-puts.o)
 .text._puts_r  0x08004218       0xe4 C:\Users\keybo\Documents\gcc-arm-none-eabi-10.3-2021.10\arm-none-eabi\lib\thumb\v6-m\nofp\libc_nano.a(lib_a-puts.o)
                0x08004218                _puts_r
 .text.puts     0x080042fc       0x14 C:\Users\keybo\Documents\gcc-arm-none-eabi-10.3-2021.10\arm-none-eabi\lib\thumb\v6-m\nofp\libc_nano.a(lib_a-puts.o)
                0x080042fc                puts
 .text          0x08004310        0xe C:\Users\keybo\Documents\gcc-arm-none-eabi-10.3-2021.10\arm-none-eabi\lib\thumb\v6-m\nofp\libc_nano.a(lib_a-strlen.o)
                0x08004310                strlen
 .text          0x0800431e        0x0 C:\Users\keybo\Documents\gcc-arm-none-eabi-10.3-2021.10\arm-none-eabi\lib\thumb\v6-m\nofp\libc_nano.a(lib_a-wbuf.o)
 *fill*         0x0800431e        0x2 
 .text.__swbuf_r
                0x08004320       0xac C:\Users\keybo\Documents\gcc-arm-none-eabi-10.3-2021.10\arm-none-eabi\lib\thumb\v6-m\nofp\libc_nano.a(lib_a-wbuf.o)
                0x08004320                __swbuf_r
 .text.__swbuf  0x080043cc       0x14 C:\Users\keybo\Documents\gcc-arm-none-eabi-10.3-2021.10\arm-none-eabi\lib\thumb\v6-m\nofp\libc_nano.a(lib_a-wbuf.o)
                0x080043cc                __swbuf
 .text          0x080043e0        0x0 C:\Users\keybo\Documents\gcc-arm-none-eabi-10.3-2021.10\arm-none-eabi\lib\thumb\v6-m\nofp\libc_nano.a(lib_a-wsetup.o)
 .text.__swsetup_r
                0x080043e0       0xf0 C:\Users\keybo\Documents\gcc-arm-none-eabi-10.3-2021.10\arm-none-eabi\lib\thumb\v6-m\nofp\libc_nano.a(lib_a-wsetup.o)
                0x080043e0                __swsetup_r
 .text          0x080044d0        0x0 C:\Users\keybo\Documents\gcc-arm-none-eabi-10.3-2021.10\arm-none-eabi\lib\thumb\v6-m\nofp\libc_nano.a(lib_a-dtoa.o)
 .text.quorem   0x080044d0      0x116 C:\Users\keybo\Documents\gcc-arm-none-eabi-10.3-2021.10\arm-none-eabi\lib\thumb\v6-m\nofp\libc_nano.a(lib_a-dtoa.o)
 *fill*         0x080045e6        0x2 
 .text._dtoa_r  0x080045e8      0xc34 C:\Users\keybo\Documents\gcc-arm-none-eabi-10.3-2021.10\arm-none-eabi\lib\thumb\v6-m\nofp\libc_nano.a(lib_a-dtoa.o)
                0x080045e8                _dtoa_r
 .text          0x0800521c        0x0 C:\Users\keybo\Documents\gcc-arm-none-eabi-10.3-2021.10\arm-none-eabi\lib\thumb\v6-m\nofp\libc_nano.a(lib_a-fflush.o)
 .text.__sflush_r
                0x0800521c      0x118 C:\Users\keybo\Documents\gcc-arm-none-eabi-10.3-2021.10\arm-none-eabi\lib\thumb\v6-m\nofp\libc_nano.a(lib_a-fflush.o)
                0x0800521c                __sflush_r
 .text._fflush_r
                0x08005334       0x80 C:\Users\keybo\Documents\gcc-arm-none-eabi-10.3-2021.10\arm-none-eabi\lib\thumb\v6-m\nofp\libc_nano.a(lib_a-fflush.o)
                0x08005334                _fflush_r
 .text.fflush   0x080053b4       0x2c C:\Users\keybo\Documents\gcc-arm-none-eabi-10.3-2021.10\arm-none-eabi\lib\thumb\v6-m\nofp\libc_nano.a(lib_a-fflush.o)
                0x080053b4                fflush
 .text          0x080053e0        0x0 C:\Users\keybo\Documents\gcc-arm-none-eabi-10.3-2021.10\arm-none-eabi\lib\thumb\v6-m\nofp\libc_nano.a(lib_a-findfp.o)
 .text.std      0x080053e0       0x48 C:\Users\keybo\Documents\gcc-arm-none-eabi-10.3-2021.10\arm-none-eabi\lib\thumb\v6-m\nofp\libc_nano.a(lib_a-findfp.o)
 .text._cleanup_r
                0x08005428       0x10 C:\Users\keybo\Documents\gcc-arm-none-eabi-10.3-2021.10\arm-none-eabi\lib\thumb\v6-m\nofp\libc_nano.a(lib_a-findfp.o)
                0x08005428                _cleanup_r
 .text.__fp_lock
                0x08005438       0x18 C:\Users\keybo\Documents\gcc-arm-none-eabi-10.3-2021.10\arm-none-eabi\lib\thumb\v6-m\nofp\libc_nano.a(lib_a-findfp.o)
 .text.__fp_unlock
                0x08005450       0x18 C:\Users\keybo\Documents\gcc-arm-none-eabi-10.3-2021.10\arm-none-eabi\lib\thumb\v6-m\nofp\libc_nano.a(lib_a-findfp.o)
 .text.__sfmoreglue
                0x08005468       0x2c C:\Users\keybo\Documents\gcc-arm-none-eabi-10.3-2021.10\arm-none-eabi\lib\thumb\v6-m\nofp\libc_nano.a(lib_a-findfp.o)
                0x08005468                __sfmoreglue
 .text._cleanup
                0x08005494       0x10 C:\Users\keybo\Documents\gcc-arm-none-eabi-10.3-2021.10\arm-none-eabi\lib\thumb\v6-m\nofp\libc_nano.a(lib_a-findfp.o)
                0x08005494                _cleanup
 .text.__sfp_lock_acquire
                0x080054a4       0x10 C:\Users\keybo\Documents\gcc-arm-none-eabi-10.3-2021.10\arm-none-eabi\lib\thumb\v6-m\nofp\libc_nano.a(lib_a-findfp.o)
                0x080054a4                __sfp_lock_acquire
 .text.__sfp_lock_release
                0x080054b4       0x10 C:\Users\keybo\Documents\gcc-arm-none-eabi-10.3-2021.10\arm-none-eabi\lib\thumb\v6-m\nofp\libc_nano.a(lib_a-findfp.o)
                0x080054b4                __sfp_lock_release
 .text.__sinit_lock_acquire
                0x080054c4       0x10 C:\Users\keybo\Documents\gcc-arm-none-eabi-10.3-2021.10\arm-none-eabi\lib\thumb\v6-m\nofp\libc_nano.a(lib_a-findfp.o)
                0x080054c4                __sinit_lock_acquire
 .text.__sinit_lock_release
                0x080054d4       0x10 C:\Users\keybo\Documents\gcc-arm-none-eabi-10.3-2021.10\arm-none-eabi\lib\thumb\v6-m\nofp\libc_nano.a(lib_a-findfp.o)
                0x080054d4                __sinit_lock_release
 .text.__sinit  0x080054e4       0x70 C:\Users\keybo\Documents\gcc-arm-none-eabi-10.3-2021.10\arm-none-eabi\lib\thumb\v6-m\nofp\libc_nano.a(lib_a-findfp.o)
                0x080054e4                __sinit
 .text.__sfp    0x08005554       0x90 C:\Users\keybo\Documents\gcc-arm-none-eabi-10.3-2021.10\arm-none-eabi\lib\thumb\v6-m\nofp\libc_nano.a(lib_a-findfp.o)
                0x08005554                __sfp
 .text.__fp_lock_all
                0x080055e4       0x1c C:\Users\keybo\Documents\gcc-arm-none-eabi-10.3-2021.10\arm-none-eabi\lib\thumb\v6-m\nofp\libc_nano.a(lib_a-findfp.o)
                0x080055e4                __fp_lock_all
 .text.__fp_unlock_all
                0x08005600       0x1c C:\Users\keybo\Documents\gcc-arm-none-eabi-10.3-2021.10\arm-none-eabi\lib\thumb\v6-m\nofp\libc_nano.a(lib_a-findfp.o)
                0x08005600                __fp_unlock_all
 .text          0x0800561c        0x0 C:\Users\keybo\Documents\gcc-arm-none-eabi-10.3-2021.10\arm-none-eabi\lib\thumb\v6-m\nofp\libc_nano.a(lib_a-fwalk.o)
 .text._fwalk   0x0800561c       0x36 C:\Users\keybo\Documents\gcc-arm-none-eabi-10.3-2021.10\arm-none-eabi\lib\thumb\v6-m\nofp\libc_nano.a(lib_a-fwalk.o)
                0x0800561c                _fwalk
 .text._fwalk_reent
                0x08005652       0x40 C:\Users\keybo\Documents\gcc-arm-none-eabi-10.3-2021.10\arm-none-eabi\lib\thumb\v6-m\nofp\libc_nano.a(lib_a-fwalk.o)
                0x08005652                _fwalk_reent
 .text          0x08005692        0x0 C:\Users\keybo\Documents\gcc-arm-none-eabi-10.3-2021.10\arm-none-eabi\lib\thumb\v6-m\nofp\libc_nano.a(lib_a-impure.o)
 .text          0x08005692        0x0 C:\Users\keybo\Documents\gcc-arm-none-eabi-10.3-2021.10\arm-none-eabi\lib\thumb\v6-m\nofp\libc_nano.a(lib_a-localeconv.o)
 .text.__localeconv_l
                0x08005692        0x4 C:\Users\keybo\Documents\gcc-arm-none-eabi-10.3-2021.10\arm-none-eabi\lib\thumb\v6-m\nofp\libc_nano.a(lib_a-localeconv.o)
                0x08005692                __localeconv_l
 *fill*         0x08005696        0x2 
 .text._localeconv_r
                0x08005698        0x8 C:\Users\keybo\Documents\gcc-arm-none-eabi-10.3-2021.10\arm-none-eabi\lib\thumb\v6-m\nofp\libc_nano.a(lib_a-localeconv.o)
                0x08005698                _localeconv_r
 .text.localeconv
                0x080056a0        0x8 C:\Users\keybo\Documents\gcc-arm-none-eabi-10.3-2021.10\arm-none-eabi\lib\thumb\v6-m\nofp\libc_nano.a(lib_a-localeconv.o)
                0x080056a0                localeconv
 .text          0x080056a8        0x0 C:\Users\keybo\Documents\gcc-arm-none-eabi-10.3-2021.10\arm-none-eabi\lib\thumb\v6-m\nofp\libc_nano.a(lib_a-lock.o)
 .text.__retarget_lock_init
                0x080056a8        0x2 C:\Users\keybo\Documents\gcc-arm-none-eabi-10.3-2021.10\arm-none-eabi\lib\thumb\v6-m\nofp\libc_nano.a(lib_a-lock.o)
                0x080056a8                __retarget_lock_init
 .text.__retarget_lock_init_recursive
                0x080056aa        0x2 C:\Users\keybo\Documents\gcc-arm-none-eabi-10.3-2021.10\arm-none-eabi\lib\thumb\v6-m\nofp\libc_nano.a(lib_a-lock.o)
                0x080056aa                __retarget_lock_init_recursive
 .text.__retarget_lock_close
                0x080056ac        0x2 C:\Users\keybo\Documents\gcc-arm-none-eabi-10.3-2021.10\arm-none-eabi\lib\thumb\v6-m\nofp\libc_nano.a(lib_a-lock.o)
                0x080056ac                __retarget_lock_close
 .text.__retarget_lock_close_recursive
                0x080056ae        0x2 C:\Users\keybo\Documents\gcc-arm-none-eabi-10.3-2021.10\arm-none-eabi\lib\thumb\v6-m\nofp\libc_nano.a(lib_a-lock.o)
                0x080056ae                __retarget_lock_close_recursive
 .text.__retarget_lock_acquire
                0x080056b0        0x2 C:\Users\keybo\Documents\gcc-arm-none-eabi-10.3-2021.10\arm-none-eabi\lib\thumb\v6-m\nofp\libc_nano.a(lib_a-lock.o)
                0x080056b0                __retarget_lock_acquire
 .text.__retarget_lock_acquire_recursive
                0x080056b2        0x2 C:\Users\keybo\Documents\gcc-arm-none-eabi-10.3-2021.10\arm-none-eabi\lib\thumb\v6-m\nofp\libc_nano.a(lib_a-lock.o)
                0x080056b2                __retarget_lock_acquire_recursive
 .text.__retarget_lock_try_acquire
                0x080056b4        0x4 C:\Users\keybo\Documents\gcc-arm-none-eabi-10.3-2021.10\arm-none-eabi\lib\thumb\v6-m\nofp\libc_nano.a(lib_a-lock.o)
                0x080056b4                __retarget_lock_try_acquire
 .text.__retarget_lock_try_acquire_recursive
                0x080056b8        0x4 C:\Users\keybo\Documents\gcc-arm-none-eabi-10.3-2021.10\arm-none-eabi\lib\thumb\v6-m\nofp\libc_nano.a(lib_a-lock.o)
                0x080056b8                __retarget_lock_try_acquire_recursive
 .text.__retarget_lock_release
                0x080056bc        0x2 C:\Users\keybo\Documents\gcc-arm-none-eabi-10.3-2021.10\arm-none-eabi\lib\thumb\v6-m\nofp\libc_nano.a(lib_a-lock.o)
                0x080056bc                __retarget_lock_release
 .text.__retarget_lock_release_recursive
                0x080056be        0x2 C:\Users\keybo\Documents\gcc-arm-none-eabi-10.3-2021.10\arm-none-eabi\lib\thumb\v6-m\nofp\libc_nano.a(lib_a-lock.o)
                0x080056be                __retarget_lock_release_recursive
 .text          0x080056c0        0x0 C:\Users\keybo\Documents\gcc-arm-none-eabi-10.3-2021.10\arm-none-eabi\lib\thumb\v6-m\nofp\libc_nano.a(lib_a-makebuf.o)
 .text.__swhatbuf_r
                0x080056c0       0x50 C:\Users\keybo\Documents\gcc-arm-none-eabi-10.3-2021.10\arm-none-eabi\lib\thumb\v6-m\nofp\libc_nano.a(lib_a-makebuf.o)
                0x080056c0                __swhatbuf_r
 .text.__smakebuf_r
                0x08005710       0x88 C:\Users\keybo\Documents\gcc-arm-none-eabi-10.3-2021.10\arm-none-eabi\lib\thumb\v6-m\nofp\libc_nano.a(lib_a-makebuf.o)
                0x08005710                __smakebuf_r
 .text          0x08005798        0x0 C:\Users\keybo\Documents\gcc-arm-none-eabi-10.3-2021.10\arm-none-eabi\lib\thumb\v6-m\nofp\libc_nano.a(lib_a-malloc.o)
 .text.malloc   0x08005798       0x14 C:\Users\keybo\Documents\gcc-arm-none-eabi-10.3-2021.10\arm-none-eabi\lib\thumb\v6-m\nofp\libc_nano.a(lib_a-malloc.o)
                0x08005798                malloc
 .text.free     0x080057ac       0x14 C:\Users\keybo\Documents\gcc-arm-none-eabi-10.3-2021.10\arm-none-eabi\lib\thumb\v6-m\nofp\libc_nano.a(lib_a-malloc.o)
                0x080057ac                free
 .text          0x080057c0        0x0 C:\Users\keybo\Documents\gcc-arm-none-eabi-10.3-2021.10\arm-none-eabi\lib\thumb\v6-m\nofp\libc_nano.a(lib_a-memchr-stub.o)
 .text.memchr   0x080057c0       0x16 C:\Users\keybo\Documents\gcc-arm-none-eabi-10.3-2021.10\arm-none-eabi\lib\thumb\v6-m\nofp\libc_nano.a(lib_a-memchr-stub.o)
                0x080057c0                memchr
 .text          0x080057d6        0x0 C:\Users\keybo\Documents\gcc-arm-none-eabi-10.3-2021.10\arm-none-eabi\lib\thumb\v6-m\nofp\libc_nano.a(lib_a-memcpy-stub.o)
 .text.memcpy   0x080057d6       0x12 C:\Users\keybo\Documents\gcc-arm-none-eabi-10.3-2021.10\arm-none-eabi\lib\thumb\v6-m\nofp\libc_nano.a(lib_a-memcpy-stub.o)
                0x080057d6                memcpy
 .text          0x080057e8        0x0 C:\Users\keybo\Documents\gcc-arm-none-eabi-10.3-2021.10\arm-none-eabi\lib\thumb\v6-m\nofp\libc_nano.a(lib_a-memset.o)
 .text.memset   0x080057e8       0x10 C:\Users\keybo\Documents\gcc-arm-none-eabi-10.3-2021.10\arm-none-eabi\lib\thumb\v6-m\nofp\libc_nano.a(lib_a-memset.o)
                0x080057e8                memset
 .text          0x080057f8        0x0 C:\Users\keybo\Documents\gcc-arm-none-eabi-10.3-2021.10\arm-none-eabi\lib\thumb\v6-m\nofp\libc_nano.a(lib_a-mprec.o)
 .text._Balloc  0x080057f8       0x88 C:\Users\keybo\Documents\gcc-arm-none-eabi-10.3-2021.10\arm-none-eabi\lib\thumb\v6-m\nofp\libc_nano.a(lib_a-mprec.o)
                0x080057f8                _Balloc
 .text._Bfree   0x08005880       0x48 C:\Users\keybo\Documents\gcc-arm-none-eabi-10.3-2021.10\arm-none-eabi\lib\thumb\v6-m\nofp\libc_nano.a(lib_a-mprec.o)
                0x08005880                _Bfree
 .text.__multadd
                0x080058c8       0x88 C:\Users\keybo\Documents\gcc-arm-none-eabi-10.3-2021.10\arm-none-eabi\lib\thumb\v6-m\nofp\libc_nano.a(lib_a-mprec.o)
                0x080058c8                __multadd
 .text.__s2b    0x08005950       0x98 C:\Users\keybo\Documents\gcc-arm-none-eabi-10.3-2021.10\arm-none-eabi\lib\thumb\v6-m\nofp\libc_nano.a(lib_a-mprec.o)
                0x08005950                __s2b
 .text.__hi0bits
                0x080059e8       0x34 C:\Users\keybo\Documents\gcc-arm-none-eabi-10.3-2021.10\arm-none-eabi\lib\thumb\v6-m\nofp\libc_nano.a(lib_a-mprec.o)
                0x080059e8                __hi0bits
 .text.__lo0bits
                0x08005a1c       0x5c C:\Users\keybo\Documents\gcc-arm-none-eabi-10.3-2021.10\arm-none-eabi\lib\thumb\v6-m\nofp\libc_nano.a(lib_a-mprec.o)
                0x08005a1c                __lo0bits
 .text.__i2b    0x08005a78       0x2c C:\Users\keybo\Documents\gcc-arm-none-eabi-10.3-2021.10\arm-none-eabi\lib\thumb\v6-m\nofp\libc_nano.a(lib_a-mprec.o)
                0x08005a78                __i2b
 .text.__multiply
                0x08005aa4      0x160 C:\Users\keybo\Documents\gcc-arm-none-eabi-10.3-2021.10\arm-none-eabi\lib\thumb\v6-m\nofp\libc_nano.a(lib_a-mprec.o)
                0x08005aa4                __multiply
 .text.__pow5mult
                0x08005c04       0xb8 C:\Users\keybo\Documents\gcc-arm-none-eabi-10.3-2021.10\arm-none-eabi\lib\thumb\v6-m\nofp\libc_nano.a(lib_a-mprec.o)
                0x08005c04                __pow5mult
 .text.__lshift
                0x08005cbc       0xdc C:\Users\keybo\Documents\gcc-arm-none-eabi-10.3-2021.10\arm-none-eabi\lib\thumb\v6-m\nofp\libc_nano.a(lib_a-mprec.o)
                0x08005cbc                __lshift
 .text.__mcmp   0x08005d98       0x36 C:\Users\keybo\Documents\gcc-arm-none-eabi-10.3-2021.10\arm-none-eabi\lib\thumb\v6-m\nofp\libc_nano.a(lib_a-mprec.o)
                0x08005d98                __mcmp
 *fill*         0x08005dce        0x2 
 .text.__mdiff  0x08005dd0      0x130 C:\Users\keybo\Documents\gcc-arm-none-eabi-10.3-2021.10\arm-none-eabi\lib\thumb\v6-m\nofp\libc_nano.a(lib_a-mprec.o)
                0x08005dd0                __mdiff
 .text.__ulp    0x08005f00       0x48 C:\Users\keybo\Documents\gcc-arm-none-eabi-10.3-2021.10\arm-none-eabi\lib\thumb\v6-m\nofp\libc_nano.a(lib_a-mprec.o)
                0x08005f00                __ulp
 .text.__b2d    0x08005f48       0xa0 C:\Users\keybo\Documents\gcc-arm-none-eabi-10.3-2021.10\arm-none-eabi\lib\thumb\v6-m\nofp\libc_nano.a(lib_a-mprec.o)
                0x08005f48                __b2d
 .text.__d2b    0x08005fe8       0xc8 C:\Users\keybo\Documents\gcc-arm-none-eabi-10.3-2021.10\arm-none-eabi\lib\thumb\v6-m\nofp\libc_nano.a(lib_a-mprec.o)
                0x08005fe8                __d2b
 .text.__ratio  0x080060b0       0x52 C:\Users\keybo\Documents\gcc-arm-none-eabi-10.3-2021.10\arm-none-eabi\lib\thumb\v6-m\nofp\libc_nano.a(lib_a-mprec.o)
                0x080060b0                __ratio
 *fill*         0x08006102        0x2 
 .text._mprec_log10
                0x08006104       0x34 C:\Users\keybo\Documents\gcc-arm-none-eabi-10.3-2021.10\arm-none-eabi\lib\thumb\v6-m\nofp\libc_nano.a(lib_a-mprec.o)
                0x08006104                _mprec_log10
 .text.__copybits
                0x08006138       0x42 C:\Users\keybo\Documents\gcc-arm-none-eabi-10.3-2021.10\arm-none-eabi\lib\thumb\v6-m\nofp\libc_nano.a(lib_a-mprec.o)
                0x08006138                __copybits
 .text.__any_on
                0x0800617a       0x46 C:\Users\keybo\Documents\gcc-arm-none-eabi-10.3-2021.10\arm-none-eabi\lib\thumb\v6-m\nofp\libc_nano.a(lib_a-mprec.o)
                0x0800617a                __any_on
 .text          0x080061c0        0x0 C:\Users\keybo\Documents\gcc-arm-none-eabi-10.3-2021.10\arm-none-eabi\lib\thumb\v6-m\nofp\libc_nano.a(lib_a-nano-callocr.o)
 .text._calloc_r
                0x080061c0       0x58 C:\Users\keybo\Documents\gcc-arm-none-eabi-10.3-2021.10\arm-none-eabi\lib\thumb\v6-m\nofp\libc_nano.a(lib_a-nano-callocr.o)
                0x080061c0                _calloc_r
 .text          0x08006218        0x0 C:\Users\keybo\Documents\gcc-arm-none-eabi-10.3-2021.10\arm-none-eabi\lib\thumb\v6-m\nofp\libc_nano.a(lib_a-nano-freer.o)
 .text._free_r  0x08006218       0x94 C:\Users\keybo\Documents\gcc-arm-none-eabi-10.3-2021.10\arm-none-eabi\lib\thumb\v6-m\nofp\libc_nano.a(lib_a-nano-freer.o)
                0x08006218                _free_r
 .text          0x080062ac        0x0 C:\Users\keybo\Documents\gcc-arm-none-eabi-10.3-2021.10\arm-none-eabi\lib\thumb\v6-m\nofp\libc_nano.a(lib_a-nano-mallocr.o)
 .text.sbrk_aligned
                0x080062ac       0x44 C:\Users\keybo\Documents\gcc-arm-none-eabi-10.3-2021.10\arm-none-eabi\lib\thumb\v6-m\nofp\libc_nano.a(lib_a-nano-mallocr.o)
 .text._malloc_r
                0x080062f0       0xec C:\Users\keybo\Documents\gcc-arm-none-eabi-10.3-2021.10\arm-none-eabi\lib\thumb\v6-m\nofp\libc_nano.a(lib_a-nano-mallocr.o)
                0x080062f0                _malloc_r
 .text          0x080063dc        0x0 C:\Users\keybo\Documents\gcc-arm-none-eabi-10.3-2021.10\arm-none-eabi\lib\thumb\v6-m\nofp\libc_nano.a(lib_a-nano-vfprintf.o)
 .text.__sfputc_r
                0x080063dc       0x2a C:\Users\keybo\Documents\gcc-arm-none-eabi-10.3-2021.10\arm-none-eabi\lib\thumb\v6-m\nofp\libc_nano.a(lib_a-nano-vfprintf.o)
 .text.__sfputs_r
                0x08006406       0x24 C:\Users\keybo\Documents\gcc-arm-none-eabi-10.3-2021.10\arm-none-eabi\lib\thumb\v6-m\nofp\libc_nano.a(lib_a-nano-vfprintf.o)
                0x08006406                __sfputs_r
 .text.__sprint_r
                0x0800642a       0x1c C:\Users\keybo\Documents\gcc-arm-none-eabi-10.3-2021.10\arm-none-eabi\lib\thumb\v6-m\nofp\libc_nano.a(lib_a-nano-vfprintf.o)
                0x0800642a                __sprint_r
 *fill*         0x08006446        0x2 
 .text._vfprintf_r
                0x08006448      0x274 C:\Users\keybo\Documents\gcc-arm-none-eabi-10.3-2021.10\arm-none-eabi\lib\thumb\v6-m\nofp\libc_nano.a(lib_a-nano-vfprintf.o)
                0x08006448                _vfprintf_r
                0x08006448                _vfiprintf_r
 .text.vfprintf
                0x080066bc       0x18 C:\Users\keybo\Documents\gcc-arm-none-eabi-10.3-2021.10\arm-none-eabi\lib\thumb\v6-m\nofp\libc_nano.a(lib_a-nano-vfprintf.o)
                0x080066bc                vfprintf
                0x080066bc                vfiprintf
 .text          0x080066d4        0x0 C:\Users\keybo\Documents\gcc-arm-none-eabi-10.3-2021.10\arm-none-eabi\lib\thumb\v6-m\nofp\libc_nano.a(lib_a-sbrkr.o)
 .text._sbrk_r  0x080066d4       0x24 C:\Users\keybo\Documents\gcc-arm-none-eabi-10.3-2021.10\arm-none-eabi\lib\thumb\v6-m\nofp\libc_nano.a(lib_a-sbrkr.o)
                0x080066d4                _sbrk_r
 .text          0x080066f8        0x0 C:\Users\keybo\Documents\gcc-arm-none-eabi-10.3-2021.10\arm-none-eabi\lib\thumb\v6-m\nofp\libc_nano.a(lib_a-stdio.o)
 .text.__sread  0x080066f8       0x28 C:\Users\keybo\Documents\gcc-arm-none-eabi-10.3-2021.10\arm-none-eabi\lib\thumb\v6-m\nofp\libc_nano.a(lib_a-stdio.o)
                0x080066f8                __sread
 .text.__seofread
                0x08006720        0x4 C:\Users\keybo\Documents\gcc-arm-none-eabi-10.3-2021.10\arm-none-eabi\lib\thumb\v6-m\nofp\libc_nano.a(lib_a-stdio.o)
                0x08006720                __seofread
 .text.__swrite
                0x08006724       0x38 C:\Users\keybo\Documents\gcc-arm-none-eabi-10.3-2021.10\arm-none-eabi\lib\thumb\v6-m\nofp\libc_nano.a(lib_a-stdio.o)
                0x08006724                __swrite
 .text.__sseek  0x0800675c       0x2c C:\Users\keybo\Documents\gcc-arm-none-eabi-10.3-2021.10\arm-none-eabi\lib\thumb\v6-m\nofp\libc_nano.a(lib_a-stdio.o)
                0x0800675c                __sseek
 .text.__sclose
                0x08006788        0xc C:\Users\keybo\Documents\gcc-arm-none-eabi-10.3-2021.10\arm-none-eabi\lib\thumb\v6-m\nofp\libc_nano.a(lib_a-stdio.o)
                0x08006788                __sclose
 .text          0x08006794        0x0 C:\Users\keybo\Documents\gcc-arm-none-eabi-10.3-2021.10\arm-none-eabi\lib\thumb\v6-m\nofp\libc_nano.a(lib_a-writer.o)
 .text._write_r
                0x08006794       0x28 C:\Users\keybo\Documents\gcc-arm-none-eabi-10.3-2021.10\arm-none-eabi\lib\thumb\v6-m\nofp\libc_nano.a(lib_a-writer.o)
                0x08006794                _write_r
 .text          0x080067bc        0x0 C:\Users\keybo\Documents\gcc-arm-none-eabi-10.3-2021.10\arm-none-eabi\lib\thumb\v6-m\nofp\libc_nano.a(lib_a-assert.o)
 .text.__assert_func
                0x080067bc       0x3c C:\Users\keybo\Documents\gcc-arm-none-eabi-10.3-2021.10\arm-none-eabi\lib\thumb\v6-m\nofp\libc_nano.a(lib_a-assert.o)
                0x080067bc                __assert_func
 .text.__assert
                0x080067f8        0xa C:\Users\keybo\Documents\gcc-arm-none-eabi-10.3-2021.10\arm-none-eabi\lib\thumb\v6-m\nofp\libc_nano.a(lib_a-assert.o)
                0x080067f8                __assert
 .text          0x08006802        0x0 C:\Users\keybo\Documents\gcc-arm-none-eabi-10.3-2021.10\arm-none-eabi\lib\thumb\v6-m\nofp\libc_nano.a(lib_a-closer.o)
 *fill*         0x08006802        0x2 
 .text._close_r
                0x08006804       0x24 C:\Users\keybo\Documents\gcc-arm-none-eabi-10.3-2021.10\arm-none-eabi\lib\thumb\v6-m\nofp\libc_nano.a(lib_a-closer.o)
                0x08006804                _close_r
 .text          0x08006828        0x0 C:\Users\keybo\Documents\gcc-arm-none-eabi-10.3-2021.10\arm-none-eabi\lib\thumb\v6-m\nofp\libc_nano.a(lib_a-fprintf.o)
 .text._fprintf_r
                0x08006828       0x16 C:\Users\keybo\Documents\gcc-arm-none-eabi-10.3-2021.10\arm-none-eabi\lib\thumb\v6-m\nofp\libc_nano.a(lib_a-fprintf.o)
                0x08006828                _fiprintf_r
                0x08006828                _fprintf_r
 *fill*         0x0800683e        0x2 
 .text.fprintf  0x08006840       0x20 C:\Users\keybo\Documents\gcc-arm-none-eabi-10.3-2021.10\arm-none-eabi\lib\thumb\v6-m\nofp\libc_nano.a(lib_a-fprintf.o)
                0x08006840                fiprintf
                0x08006840                fprintf
 .text          0x08006860        0x0 C:\Users\keybo\Documents\gcc-arm-none-eabi-10.3-2021.10\arm-none-eabi\lib\thumb\v6-m\nofp\libc_nano.a(lib_a-fstatr.o)
 .text._fstat_r
                0x08006860       0x24 C:\Users\keybo\Documents\gcc-arm-none-eabi-10.3-2021.10\arm-none-eabi\lib\thumb\v6-m\nofp\libc_nano.a(lib_a-fstatr.o)
                0x08006860                _fstat_r
 .text          0x08006884        0x0 C:\Users\keybo\Documents\gcc-arm-none-eabi-10.3-2021.10\arm-none-eabi\lib\thumb\v6-m\nofp\libc_nano.a(lib_a-fvwrite.o)
 .text.__sfvwrite_r
                0x08006884      0x2d0 C:\Users\keybo\Documents\gcc-arm-none-eabi-10.3-2021.10\arm-none-eabi\lib\thumb\v6-m\nofp\libc_nano.a(lib_a-fvwrite.o)
                0x08006884                __sfvwrite_r
 .text          0x08006b54        0x0 C:\Users\keybo\Documents\gcc-arm-none-eabi-10.3-2021.10\arm-none-eabi\lib\thumb\v6-m\nofp\libc_nano.a(lib_a-isattyr.o)
 .text._isatty_r
                0x08006b54       0x24 C:\Users\keybo\Documents\gcc-arm-none-eabi-10.3-2021.10\arm-none-eabi\lib\thumb\v6-m\nofp\libc_nano.a(lib_a-isattyr.o)
                0x08006b54                _isatty_r
 .text          0x08006b78        0x0 C:\Users\keybo\Documents\gcc-arm-none-eabi-10.3-2021.10\arm-none-eabi\lib\thumb\v6-m\nofp\libc_nano.a(lib_a-locale.o)
 .text._setlocale_r
                0x08006b78       0x40 C:\Users\keybo\Documents\gcc-arm-none-eabi-10.3-2021.10\arm-none-eabi\lib\thumb\v6-m\nofp\libc_nano.a(lib_a-locale.o)
                0x08006b78                _setlocale_r
 .text.__locale_mb_cur_max
                0x08006bb8       0x10 C:\Users\keybo\Documents\gcc-arm-none-eabi-10.3-2021.10\arm-none-eabi\lib\thumb\v6-m\nofp\libc_nano.a(lib_a-locale.o)
                0x08006bb8                __locale_mb_cur_max
 .text.setlocale
                0x08006bc8       0x14 C:\Users\keybo\Documents\gcc-arm-none-eabi-10.3-2021.10\arm-none-eabi\lib\thumb\v6-m\nofp\libc_nano.a(lib_a-locale.o)
                0x08006bc8                setlocale
 .text          0x08006bdc        0x0 C:\Users\keybo\Documents\gcc-arm-none-eabi-10.3-2021.10\arm-none-eabi\lib\thumb\v6-m\nofp\libc_nano.a(lib_a-lseekr.o)
 .text._lseek_r
                0x08006bdc       0x28 C:\Users\keybo\Documents\gcc-arm-none-eabi-10.3-2021.10\arm-none-eabi\lib\thumb\v6-m\nofp\libc_nano.a(lib_a-lseekr.o)
                0x08006bdc                _lseek_r
 .text          0x08006c04        0x0 C:\Users\keybo\Documents\gcc-arm-none-eabi-10.3-2021.10\arm-none-eabi\lib\thumb\v6-m\nofp\libc_nano.a(lib_a-mbtowc_r.o)
 .text._mbtowc_r
                0x08006c04       0x14 C:\Users\keybo\Documents\gcc-arm-none-eabi-10.3-2021.10\arm-none-eabi\lib\thumb\v6-m\nofp\libc_nano.a(lib_a-mbtowc_r.o)
                0x08006c04                _mbtowc_r
 .text.__ascii_mbtowc
                0x08006c18       0x24 C:\Users\keybo\Documents\gcc-arm-none-eabi-10.3-2021.10\arm-none-eabi\lib\thumb\v6-m\nofp\libc_nano.a(lib_a-mbtowc_r.o)
                0x08006c18                __ascii_mbtowc
 .text          0x08006c3c        0x0 C:\Users\keybo\Documents\gcc-arm-none-eabi-10.3-2021.10\arm-none-eabi\lib\thumb\v6-m\nofp\libc_nano.a(lib_a-memmove.o)
 .text.memmove  0x08006c3c       0x26 C:\Users\keybo\Documents\gcc-arm-none-eabi-10.3-2021.10\arm-none-eabi\lib\thumb\v6-m\nofp\libc_nano.a(lib_a-memmove.o)
                0x08006c3c                memmove
 .text          0x08006c62        0x0 C:\Users\keybo\Documents\gcc-arm-none-eabi-10.3-2021.10\arm-none-eabi\lib\thumb\v6-m\nofp\libc_nano.a(lib_a-mlock.o)
 *fill*         0x08006c62        0x2 
 .text.__malloc_lock
                0x08006c64       0x10 C:\Users\keybo\Documents\gcc-arm-none-eabi-10.3-2021.10\arm-none-eabi\lib\thumb\v6-m\nofp\libc_nano.a(lib_a-mlock.o)
                0x08006c64                __malloc_lock
 .text.__malloc_unlock
                0x08006c74       0x10 C:\Users\keybo\Documents\gcc-arm-none-eabi-10.3-2021.10\arm-none-eabi\lib\thumb\v6-m\nofp\libc_nano.a(lib_a-mlock.o)
                0x08006c74                __malloc_unlock
 .text          0x08006c84        0x0 C:\Users\keybo\Documents\gcc-arm-none-eabi-10.3-2021.10\arm-none-eabi\lib\thumb\v6-m\nofp\libc_nano.a(lib_a-nano-reallocr.o)
 .text._realloc_r
                0x08006c84       0x5e C:\Users\keybo\Documents\gcc-arm-none-eabi-10.3-2021.10\arm-none-eabi\lib\thumb\v6-m\nofp\libc_nano.a(lib_a-nano-reallocr.o)
                0x08006c84                _realloc_r
 .text          0x08006ce2        0x0 C:\Users\keybo\Documents\gcc-arm-none-eabi-10.3-2021.10\arm-none-eabi\lib\thumb\v6-m\nofp\libc_nano.a(lib_a-readr.o)
 *fill*         0x08006ce2        0x2 
 .text._read_r  0x08006ce4       0x28 C:\Users\keybo\Documents\gcc-arm-none-eabi-10.3-2021.10\arm-none-eabi\lib\thumb\v6-m\nofp\libc_nano.a(lib_a-readr.o)
                0x08006ce4                _read_r
 .text          0x08006d0c       0x14 C:\Users\keybo\Documents\gcc-arm-none-eabi-10.3-2021.10\arm-none-eabi\lib\thumb\v6-m\nofp\libc_nano.a(lib_a-strcmp.o)
                0x08006d0c                strcmp
 .text          0x08006d20        0x0 C:\Users\keybo\Documents\gcc-arm-none-eabi-10.3-2021.10\arm-none-eabi\lib\thumb\v6-m\nofp\libc_nano.a(lib_a-wctomb_r.o)
 .text._wctomb_r
                0x08006d20       0x10 C:\Users\keybo\Documents\gcc-arm-none-eabi-10.3-2021.10\arm-none-eabi\lib\thumb\v6-m\nofp\libc_nano.a(lib_a-wctomb_r.o)
                0x08006d20                _wctomb_r
 .text.__ascii_wctomb
                0x08006d30       0x1a C:\Users\keybo\Documents\gcc-arm-none-eabi-10.3-2021.10\arm-none-eabi\lib\thumb\v6-m\nofp\libc_nano.a(lib_a-wctomb_r.o)
                0x08006d30                __ascii_wctomb
 .text          0x08006d4a        0x0 C:\Users\keybo\Documents\gcc-arm-none-eabi-10.3-2021.10\arm-none-eabi\lib\thumb\v6-m\nofp\libc_nano.a(lib_a-abort.o)
 .text.abort    0x08006d4a        0xe C:\Users\keybo\Documents\gcc-arm-none-eabi-10.3-2021.10\arm-none-eabi\lib\thumb\v6-m\nofp\libc_nano.a(lib_a-abort.o)
                0x08006d4a                abort
 .text          0x08006d58        0x0 C:\Users\keybo\Documents\gcc-arm-none-eabi-10.3-2021.10\arm-none-eabi\lib\thumb\v6-m\nofp\libc_nano.a(lib_a-ctype_.o)
 .text          0x08006d58        0x0 C:\Users\keybo\Documents\gcc-arm-none-eabi-10.3-2021.10\arm-none-eabi\lib\thumb\v6-m\nofp\libc_nano.a(lib_a-nano-msizer.o)
 .text._malloc_usable_size_r
                0x08006d58       0x10 C:\Users\keybo\Documents\gcc-arm-none-eabi-10.3-2021.10\arm-none-eabi\lib\thumb\v6-m\nofp\libc_nano.a(lib_a-nano-msizer.o)
                0x08006d58                _malloc_usable_size_r
 .text          0x08006d68        0x0 C:\Users\keybo\Documents\gcc-arm-none-eabi-10.3-2021.10\arm-none-eabi\lib\thumb\v6-m\nofp\libc_nano.a(lib_a-signal.o)
 .text._init_signal_r
                0x08006d68       0x2a C:\Users\keybo\Documents\gcc-arm-none-eabi-10.3-2021.10\arm-none-eabi\lib\thumb\v6-m\nofp\libc_nano.a(lib_a-signal.o)
                0x08006d68                _init_signal_r
 .text._signal_r
                0x08006d92       0x32 C:\Users\keybo\Documents\gcc-arm-none-eabi-10.3-2021.10\arm-none-eabi\lib\thumb\v6-m\nofp\libc_nano.a(lib_a-signal.o)
                0x08006d92                _signal_r
 .text._raise_r
                0x08006dc4       0x54 C:\Users\keybo\Documents\gcc-arm-none-eabi-10.3-2021.10\arm-none-eabi\lib\thumb\v6-m\nofp\libc_nano.a(lib_a-signal.o)
                0x08006dc4                _raise_r
 .text.__sigtramp_r
                0x08006e18       0x46 C:\Users\keybo\Documents\gcc-arm-none-eabi-10.3-2021.10\arm-none-eabi\lib\thumb\v6-m\nofp\libc_nano.a(lib_a-signal.o)
                0x08006e18                __sigtramp_r
 *fill*         0x08006e5e        0x2 
 .text.raise    0x08006e60       0x14 C:\Users\keybo\Documents\gcc-arm-none-eabi-10.3-2021.10\arm-none-eabi\lib\thumb\v6-m\nofp\libc_nano.a(lib_a-signal.o)
                0x08006e60                raise
 .text.signal   0x08006e74       0x14 C:\Users\keybo\Documents\gcc-arm-none-eabi-10.3-2021.10\arm-none-eabi\lib\thumb\v6-m\nofp\libc_nano.a(lib_a-signal.o)
                0x08006e74                signal
 .text._init_signal
                0x08006e88       0x10 C:\Users\keybo\Documents\gcc-arm-none-eabi-10.3-2021.10\arm-none-eabi\lib\thumb\v6-m\nofp\libc_nano.a(lib_a-signal.o)
                0x08006e88                _init_signal
 .text.__sigtramp
                0x08006e98       0x14 C:\Users\keybo\Documents\gcc-arm-none-eabi-10.3-2021.10\arm-none-eabi\lib\thumb\v6-m\nofp\libc_nano.a(lib_a-signal.o)
                0x08006e98                __sigtramp
 .text          0x08006eac        0x0 C:\Users\keybo\Documents\gcc-arm-none-eabi-10.3-2021.10\arm-none-eabi\lib\thumb\v6-m\nofp\libc_nano.a(lib_a-signalr.o)
 .text._kill_r  0x08006eac       0x24 C:\Users\keybo\Documents\gcc-arm-none-eabi-10.3-2021.10\arm-none-eabi\lib\thumb\v6-m\nofp\libc_nano.a(lib_a-signalr.o)
                0x08006eac                _kill_r
 .text._getpid_r
                0x08006ed0        0x8 C:\Users\keybo\Documents\gcc-arm-none-eabi-10.3-2021.10\arm-none-eabi\lib\thumb\v6-m\nofp\libc_nano.a(lib_a-signalr.o)
                0x08006ed0                _getpid_r
 .text          0x08006ed8        0x0 C:\Users\keybo\Documents\gcc-arm-none-eabi-10.3-2021.10\arm-none-eabi\lib\thumb\v6-m\nofp\libm.a(lib_a-s_cos.o)
 .text.cos      0x08006ed8       0xa0 C:\Users\keybo\Documents\gcc-arm-none-eabi-10.3-2021.10\arm-none-eabi\lib\thumb\v6-m\nofp\libm.a(lib_a-s_cos.o)
                0x08006ed8                cos
 .text          0x08006f78        0x0 C:\Users\keybo\Documents\gcc-arm-none-eabi-10.3-2021.10\arm-none-eabi\lib\thumb\v6-m\nofp\libm.a(lib_a-s_sin.o)
 .text.sin      0x08006f78       0xa4 C:\Users\keybo\Documents\gcc-arm-none-eabi-10.3-2021.10\arm-none-eabi\lib\thumb\v6-m\nofp\libm.a(lib_a-s_sin.o)
                0x08006f78                sin
 .text          0x0800701c        0x0 C:\Users\keybo\Documents\gcc-arm-none-eabi-10.3-2021.10\arm-none-eabi\lib\thumb\v6-m\nofp\libm.a(lib_a-w_pow.o)
 .text.pow      0x0800701c       0xe8 C:\Users\keybo\Documents\gcc-arm-none-eabi-10.3-2021.10\arm-none-eabi\lib\thumb\v6-m\nofp\libm.a(lib_a-w_pow.o)
                0x0800701c                pow
 .text          0x08007104        0x0 C:\Users\keybo\Documents\gcc-arm-none-eabi-10.3-2021.10\arm-none-eabi\lib\thumb\v6-m\nofp\libm.a(lib_a-w_sqrt.o)
 .text.sqrt     0x08007104       0x50 C:\Users\keybo\Documents\gcc-arm-none-eabi-10.3-2021.10\arm-none-eabi\lib\thumb\v6-m\nofp\libm.a(lib_a-w_sqrt.o)
                0x08007104                sqrt
 .text          0x08007154        0x0 C:\Users\keybo\Documents\gcc-arm-none-eabi-10.3-2021.10\arm-none-eabi\lib\thumb\v6-m\nofp\libm.a(lib_a-wf_atan2.o)
 .text.atan2f   0x08007154        0x8 C:\Users\keybo\Documents\gcc-arm-none-eabi-10.3-2021.10\arm-none-eabi\lib\thumb\v6-m\nofp\libm.a(lib_a-wf_atan2.o)
                0x08007154                atan2f
 .text          0x0800715c        0x0 C:\Users\keybo\Documents\gcc-arm-none-eabi-10.3-2021.10\arm-none-eabi\lib\thumb\v6-m\nofp\libm.a(lib_a-e_pow.o)
 .text.__ieee754_pow
                0x0800715c      0xb1c C:\Users\keybo\Documents\gcc-arm-none-eabi-10.3-2021.10\arm-none-eabi\lib\thumb\v6-m\nofp\libm.a(lib_a-e_pow.o)
                0x0800715c                __ieee754_pow
 .text          0x08007c78        0x0 C:\Users\keybo\Documents\gcc-arm-none-eabi-10.3-2021.10\arm-none-eabi\lib\thumb\v6-m\nofp\libm.a(lib_a-e_rem_pio2.o)
 .text.__ieee754_rem_pio2
                0x08007c78      0x410 C:\Users\keybo\Documents\gcc-arm-none-eabi-10.3-2021.10\arm-none-eabi\lib\thumb\v6-m\nofp\libm.a(lib_a-e_rem_pio2.o)
                0x08007c78                __ieee754_rem_pio2
 .text          0x08008088        0x0 C:\Users\keybo\Documents\gcc-arm-none-eabi-10.3-2021.10\arm-none-eabi\lib\thumb\v6-m\nofp\libm.a(lib_a-e_sqrt.o)
 .text.__ieee754_sqrt
                0x08008088      0x1b0 C:\Users\keybo\Documents\gcc-arm-none-eabi-10.3-2021.10\arm-none-eabi\lib\thumb\v6-m\nofp\libm.a(lib_a-e_sqrt.o)
                0x08008088                __ieee754_sqrt
 .text          0x08008238        0x0 C:\Users\keybo\Documents\gcc-arm-none-eabi-10.3-2021.10\arm-none-eabi\lib\thumb\v6-m\nofp\libm.a(lib_a-ef_atan2.o)
 .text.__ieee754_atan2f
                0x08008238      0x110 C:\Users\keybo\Documents\gcc-arm-none-eabi-10.3-2021.10\arm-none-eabi\lib\thumb\v6-m\nofp\libm.a(lib_a-ef_atan2.o)
                0x08008238                __ieee754_atan2f
 .text          0x08008348        0x0 C:\Users\keybo\Documents\gcc-arm-none-eabi-10.3-2021.10\arm-none-eabi\lib\thumb\v6-m\nofp\libm.a(lib_a-k_cos.o)
 .text.__kernel_cos
                0x08008348      0x230 C:\Users\keybo\Documents\gcc-arm-none-eabi-10.3-2021.10\arm-none-eabi\lib\thumb\v6-m\nofp\libm.a(lib_a-k_cos.o)
                0x08008348                __kernel_cos
 .text          0x08008578        0x0 C:\Users\keybo\Documents\gcc-arm-none-eabi-10.3-2021.10\arm-none-eabi\lib\thumb\v6-m\nofp\libm.a(lib_a-k_rem_pio2.o)
 .text.__kernel_rem_pio2
                0x08008578      0x8c4 C:\Users\keybo\Documents\gcc-arm-none-eabi-10.3-2021.10\arm-none-eabi\lib\thumb\v6-m\nofp\libm.a(lib_a-k_rem_pio2.o)
                0x08008578                __kernel_rem_pio2
 .text          0x08008e3c        0x0 C:\Users\keybo\Documents\gcc-arm-none-eabi-10.3-2021.10\arm-none-eabi\lib\thumb\v6-m\nofp\libm.a(lib_a-k_sin.o)
 .text.__kernel_sin
                0x08008e3c      0x16c C:\Users\keybo\Documents\gcc-arm-none-eabi-10.3-2021.10\arm-none-eabi\lib\thumb\v6-m\nofp\libm.a(lib_a-k_sin.o)
                0x08008e3c                __kernel_sin
 .text          0x08008fa8        0x0 C:\Users\keybo\Documents\gcc-arm-none-eabi-10.3-2021.10\arm-none-eabi\lib\thumb\v6-m\nofp\libm.a(lib_a-math_err.o)
 .text.with_errno
                0x08008fa8       0x14 C:\Users\keybo\Documents\gcc-arm-none-eabi-10.3-2021.10\arm-none-eabi\lib\thumb\v6-m\nofp\libm.a(lib_a-math_err.o)
 .text.xflow    0x08008fbc       0x30 C:\Users\keybo\Documents\gcc-arm-none-eabi-10.3-2021.10\arm-none-eabi\lib\thumb\v6-m\nofp\libm.a(lib_a-math_err.o)
 .text.__math_uflow
                0x08008fec       0x10 C:\Users\keybo\Documents\gcc-arm-none-eabi-10.3-2021.10\arm-none-eabi\lib\thumb\v6-m\nofp\libm.a(lib_a-math_err.o)
                0x08008fec                __math_uflow
 .text.__math_may_uflow
                0x08008ffc       0x10 C:\Users\keybo\Documents\gcc-arm-none-eabi-10.3-2021.10\arm-none-eabi\lib\thumb\v6-m\nofp\libm.a(lib_a-math_err.o)
                0x08008ffc                __math_may_uflow
 .text.__math_oflow
                0x0800900c       0x10 C:\Users\keybo\Documents\gcc-arm-none-eabi-10.3-2021.10\arm-none-eabi\lib\thumb\v6-m\nofp\libm.a(lib_a-math_err.o)
                0x0800900c                __math_oflow
 .text.__math_divzero
                0x0800901c       0x34 C:\Users\keybo\Documents\gcc-arm-none-eabi-10.3-2021.10\arm-none-eabi\lib\thumb\v6-m\nofp\libm.a(lib_a-math_err.o)
                0x0800901c                __math_divzero
 .text.__math_invalid
                0x08009050       0x40 C:\Users\keybo\Documents\gcc-arm-none-eabi-10.3-2021.10\arm-none-eabi\lib\thumb\v6-m\nofp\libm.a(lib_a-math_err.o)
                0x08009050                __math_invalid
 .text.__math_check_uflow
                0x08009090       0x28 C:\Users\keybo\Documents\gcc-arm-none-eabi-10.3-2021.10\arm-none-eabi\lib\thumb\v6-m\nofp\libm.a(lib_a-math_err.o)
                0x08009090                __math_check_uflow
 .text.__math_check_oflow
                0x080090b8       0x48 C:\Users\keybo\Documents\gcc-arm-none-eabi-10.3-2021.10\arm-none-eabi\lib\thumb\v6-m\nofp\libm.a(lib_a-math_err.o)
                0x080090b8                __math_check_oflow
 .text          0x08009100        0x0 C:\Users\keybo\Documents\gcc-arm-none-eabi-10.3-2021.10\arm-none-eabi\lib\thumb\v6-m\nofp\libm.a(lib_a-s_fabs.o)
 .text.fabs     0x08009100        0x8 C:\Users\keybo\Documents\gcc-arm-none-eabi-10.3-2021.10\arm-none-eabi\lib\thumb\v6-m\nofp\libm.a(lib_a-s_fabs.o)
                0x08009100                fabs
 .text          0x08009108        0x0 C:\Users\keybo\Documents\gcc-arm-none-eabi-10.3-2021.10\arm-none-eabi\lib\thumb\v6-m\nofp\libm.a(lib_a-s_finite.o)
 .text.finite   0x08009108       0x14 C:\Users\keybo\Documents\gcc-arm-none-eabi-10.3-2021.10\arm-none-eabi\lib\thumb\v6-m\nofp\libm.a(lib_a-s_finite.o)
                0x08009108                finite
 .text          0x0800911c        0x0 C:\Users\keybo\Documents\gcc-arm-none-eabi-10.3-2021.10\arm-none-eabi\lib\thumb\v6-m\nofp\libm.a(lib_a-s_floor.o)
 .text.floor    0x0800911c      0x138 C:\Users\keybo\Documents\gcc-arm-none-eabi-10.3-2021.10\arm-none-eabi\lib\thumb\v6-m\nofp\libm.a(lib_a-s_floor.o)
                0x0800911c                floor
 .text          0x08009254        0x0 C:\Users\keybo\Documents\gcc-arm-none-eabi-10.3-2021.10\arm-none-eabi\lib\thumb\v6-m\nofp\libm.a(lib_a-s_scalbn.o)
 .text.scalbn   0x08009254       0xf8 C:\Users\keybo\Documents\gcc-arm-none-eabi-10.3-2021.10\arm-none-eabi\lib\thumb\v6-m\nofp\libm.a(lib_a-s_scalbn.o)
                0x08009254                scalbn
 .text          0x0800934c        0x0 C:\Users\keybo\Documents\gcc-arm-none-eabi-10.3-2021.10\arm-none-eabi\lib\thumb\v6-m\nofp\libm.a(lib_a-sf_atan.o)
 .text.atanf    0x0800934c      0x248 C:\Users\keybo\Documents\gcc-arm-none-eabi-10.3-2021.10\arm-none-eabi\lib\thumb\v6-m\nofp\libm.a(lib_a-sf_atan.o)
                0x0800934c                atanf
 .text          0x08009594        0x0 C:\Users\keybo\Documents\gcc-arm-none-eabi-10.3-2021.10\arm-none-eabi\lib\thumb\v6-m\nofp\libm.a(lib_a-sf_fabs.o)
 .text.fabsf    0x08009594        0x8 C:\Users\keybo\Documents\gcc-arm-none-eabi-10.3-2021.10\arm-none-eabi\lib\thumb\v6-m\nofp\libm.a(lib_a-sf_fabs.o)
                0x08009594                fabsf
 .text          0x0800959c       0x14 C:\Users\keybo\Documents\gcc-arm-none-eabi-10.3-2021.10\lib\gcc\arm-none-eabi\10.3.1\thumb\v6-m\nofp\libgcc.a(_thumb1_case_uqi.o)
                0x0800959c                __gnu_thumb1_case_uqi
 .text          0x080095b0       0x14 C:\Users\keybo\Documents\gcc-arm-none-eabi-10.3-2021.10\lib\gcc\arm-none-eabi\10.3.1\thumb\v6-m\nofp\libgcc.a(_thumb1_case_shi.o)
                0x080095b0                __gnu_thumb1_case_shi
 .text          0x080095c4      0x724 C:\Users\keybo\Documents\gcc-arm-none-eabi-10.3-2021.10\lib\gcc\arm-none-eabi\10.3.1\thumb\v6-m\nofp\libgcc.a(subdf3.o)
                0x080095c4                __aeabi_dsub
 .text          0x08009ce8       0x3c C:\Users\keybo\Documents\gcc-arm-none-eabi-10.3-2021.10\lib\gcc\arm-none-eabi\10.3.1\thumb\v6-m\nofp\libgcc.a(unorddf2.o)
                0x08009ce8                __aeabi_dcmpun
 .text          0x08009d24       0x6c C:\Users\keybo\Documents\gcc-arm-none-eabi-10.3-2021.10\lib\gcc\arm-none-eabi\10.3.1\thumb\v6-m\nofp\libgcc.a(fixdfsi.o)
                0x08009d24                __aeabi_d2iz
 .text          0x08009d90       0x60 C:\Users\keybo\Documents\gcc-arm-none-eabi-10.3-2021.10\lib\gcc\arm-none-eabi\10.3.1\thumb\v6-m\nofp\libgcc.a(floatsidf.o)
                0x08009d90                __aeabi_i2d
 .text          0x08009df0       0x4c C:\Users\keybo\Documents\gcc-arm-none-eabi-10.3-2021.10\lib\gcc\arm-none-eabi\10.3.1\thumb\v6-m\nofp\libgcc.a(floatunsidf.o)
                0x08009df0                __aeabi_ui2d
 .text          0x08009e3c        0x0 C:\Users\keybo\Documents\gcc-arm-none-eabi-10.3-2021.10\arm-none-eabi\lib\thumb\v6-m\nofp\libc_nano.a(lib_a-errno.o)
 .text.__errno  0x08009e3c        0xc C:\Users\keybo\Documents\gcc-arm-none-eabi-10.3-2021.10\arm-none-eabi\lib\thumb\v6-m\nofp\libc_nano.a(lib_a-errno.o)
                0x08009e3c                __errno
 *(.rodata*)
 .rodata        0x08009e48       0xb8 motor.o
 .rodata        0x08009f00       0x7c startup.o
 .rodata        0x08009f7c       0x80 C:\Users\keybo\Documents\gcc-arm-none-eabi-10.3-2021.10\lib\gcc\arm-none-eabi\10.3.1\thumb\v6-m\nofp\libgcc.a(divsf3.o)
 .rodata        0x08009ffc       0x40 C:\Users\keybo\Documents\gcc-arm-none-eabi-10.3-2021.10\lib\gcc\arm-none-eabi\10.3.1\thumb\v6-m\nofp\libgcc.a(mulsf3.o)
 .rodata        0x0800a03c       0x40 C:\Users\keybo\Documents\gcc-arm-none-eabi-10.3-2021.10\lib\gcc\arm-none-eabi\10.3.1\thumb\v6-m\nofp\libgcc.a(divdf3.o)
 .rodata        0x0800a07c       0x40 C:\Users\keybo\Documents\gcc-arm-none-eabi-10.3-2021.10\lib\gcc\arm-none-eabi\10.3.1\thumb\v6-m\nofp\libgcc.a(muldf3.o)
 .rodata._printf_float.str1.1
                0x0800a0bc       0x12 C:\Users\keybo\Documents\gcc-arm-none-eabi-10.3-2021.10\arm-none-eabi\lib\thumb\v6-m\nofp\libc_nano.a(lib_a-nano-vfprintf_float.o)
 .rodata._printf_i.str1.1
                0x0800a0ce       0x22 C:\Users\keybo\Documents\gcc-arm-none-eabi-10.3-2021.10\arm-none-eabi\lib\thumb\v6-m\nofp\libc_nano.a(lib_a-nano-vfprintf_i.o)
 .rodata._dtoa_r.str1.1
                0x0800a0f0       0xb3 C:\Users\keybo\Documents\gcc-arm-none-eabi-10.3-2021.10\arm-none-eabi\lib\thumb\v6-m\nofp\libc_nano.a(lib_a-dtoa.o)
                                 0xb5 (size before relaxing)
 *fill*         0x0800a1a3        0x1 
 .rodata.__sf_fake_stderr
                0x0800a1a4       0x20 C:\Users\keybo\Documents\gcc-arm-none-eabi-10.3-2021.10\arm-none-eabi\lib\thumb\v6-m\nofp\libc_nano.a(lib_a-findfp.o)
                0x0800a1a4                __sf_fake_stderr
 .rodata.__sf_fake_stdin
                0x0800a1c4       0x20 C:\Users\keybo\Documents\gcc-arm-none-eabi-10.3-2021.10\arm-none-eabi\lib\thumb\v6-m\nofp\libc_nano.a(lib_a-findfp.o)
                0x0800a1c4                __sf_fake_stdin
 .rodata.__sf_fake_stdout
                0x0800a1e4       0x20 C:\Users\keybo\Documents\gcc-arm-none-eabi-10.3-2021.10\arm-none-eabi\lib\thumb\v6-m\nofp\libc_nano.a(lib_a-findfp.o)
                0x0800a1e4                __sf_fake_stdout
 .rodata._global_impure_ptr
                0x0800a204        0x4 C:\Users\keybo\Documents\gcc-arm-none-eabi-10.3-2021.10\arm-none-eabi\lib\thumb\v6-m\nofp\libc_nano.a(lib_a-impure.o)
                0x0800a204                _global_impure_ptr
 .rodata._Balloc.str1.1
                0x0800a208       0x7f C:\Users\keybo\Documents\gcc-arm-none-eabi-10.3-2021.10\arm-none-eabi\lib\thumb\v6-m\nofp\libc_nano.a(lib_a-mprec.o)
                                 0x96 (size before relaxing)
 .rodata.__multadd.str1.1
                0x0800a287       0x11 C:\Users\keybo\Documents\gcc-arm-none-eabi-10.3-2021.10\arm-none-eabi\lib\thumb\v6-m\nofp\libc_nano.a(lib_a-mprec.o)
 *fill*         0x0800a287        0x1 
 .rodata.__mprec_bigtens
                0x0800a288       0x28 C:\Users\keybo\Documents\gcc-arm-none-eabi-10.3-2021.10\arm-none-eabi\lib\thumb\v6-m\nofp\libc_nano.a(lib_a-mprec.o)
                0x0800a288                __mprec_bigtens
 .rodata.__mprec_tens
                0x0800a2b0       0xc8 C:\Users\keybo\Documents\gcc-arm-none-eabi-10.3-2021.10\arm-none-eabi\lib\thumb\v6-m\nofp\libc_nano.a(lib_a-mprec.o)
                0x0800a2b0                __mprec_tens
 .rodata.__mprec_tinytens
                0x0800a378       0x28 C:\Users\keybo\Documents\gcc-arm-none-eabi-10.3-2021.10\arm-none-eabi\lib\thumb\v6-m\nofp\libc_nano.a(lib_a-mprec.o)
                0x0800a378                __mprec_tinytens
 .rodata.p05.0  0x0800a3a0        0xc C:\Users\keybo\Documents\gcc-arm-none-eabi-10.3-2021.10\arm-none-eabi\lib\thumb\v6-m\nofp\libc_nano.a(lib_a-mprec.o)
 .rodata._vfprintf_r.str1.1
                0x0800a3ac       0x11 C:\Users\keybo\Documents\gcc-arm-none-eabi-10.3-2021.10\arm-none-eabi\lib\thumb\v6-m\nofp\libc_nano.a(lib_a-nano-vfprintf.o)
 .rodata.__assert_func.str1.1
                0x0800a3bd       0x3c C:\Users\keybo\Documents\gcc-arm-none-eabi-10.3-2021.10\arm-none-eabi\lib\thumb\v6-m\nofp\libc_nano.a(lib_a-assert.o)
                                 0x3d (size before relaxing)
 .rodata._setlocale_r.str1.1
                0x0800a3f9        0x8 C:\Users\keybo\Documents\gcc-arm-none-eabi-10.3-2021.10\arm-none-eabi\lib\thumb\v6-m\nofp\libc_nano.a(lib_a-locale.o)
                                  0x9 (size before relaxing)
 .rodata.str1.1
                0x0800a401        0x2 C:\Users\keybo\Documents\gcc-arm-none-eabi-10.3-2021.10\arm-none-eabi\lib\thumb\v6-m\nofp\libc_nano.a(lib_a-locale.o)
 .rodata._ctype_
                0x0800a403      0x101 C:\Users\keybo\Documents\gcc-arm-none-eabi-10.3-2021.10\arm-none-eabi\lib\thumb\v6-m\nofp\libc_nano.a(lib_a-ctype_.o)
                0x0800a403                _ctype_
 .rodata.npio2_hw
                0x0800a504       0x80 C:\Users\keybo\Documents\gcc-arm-none-eabi-10.3-2021.10\arm-none-eabi\lib\thumb\v6-m\nofp\libm.a(lib_a-e_rem_pio2.o)
 .rodata.two_over_pi
                0x0800a584      0x108 C:\Users\keybo\Documents\gcc-arm-none-eabi-10.3-2021.10\arm-none-eabi\lib\thumb\v6-m\nofp\libm.a(lib_a-e_rem_pio2.o)
 .rodata.CSWTCH.8
                0x0800a68c        0xc C:\Users\keybo\Documents\gcc-arm-none-eabi-10.3-2021.10\arm-none-eabi\lib\thumb\v6-m\nofp\libm.a(lib_a-ef_atan2.o)
 .rodata.CSWTCH.9
                0x0800a698        0xc C:\Users\keybo\Documents\gcc-arm-none-eabi-10.3-2021.10\arm-none-eabi\lib\thumb\v6-m\nofp\libm.a(lib_a-ef_atan2.o)
 *fill*         0x0800a6a4        0x4 
 .rodata.PIo2   0x0800a6a8       0x40 C:\Users\keybo\Documents\gcc-arm-none-eabi-10.3-2021.10\arm-none-eabi\lib\thumb\v6-m\nofp\libm.a(lib_a-k_rem_pio2.o)
 .rodata.init_jk
                0x0800a6e8       0x10 C:\Users\keybo\Documents\gcc-arm-none-eabi-10.3-2021.10\arm-none-eabi\lib\thumb\v6-m\nofp\libm.a(lib_a-k_rem_pio2.o)
 .rodata.atanhi
                0x0800a6f8       0x10 C:\Users\keybo\Documents\gcc-arm-none-eabi-10.3-2021.10\arm-none-eabi\lib\thumb\v6-m\nofp\libm.a(lib_a-sf_atan.o)
 .rodata.atanlo
                0x0800a708       0x10 C:\Users\keybo\Documents\gcc-arm-none-eabi-10.3-2021.10\arm-none-eabi\lib\thumb\v6-m\nofp\libm.a(lib_a-sf_atan.o)
                0x0800a718                . = ALIGN (0x4)
                0x0800a718                PROVIDE (__init_array_start = .)
 *(SORT_BY_NAME(.init_array.*))
 *(.init_array)
                0x0800a718                PROVIDE (__init_array_end = .)
                0x0800a718                . = ALIGN (0x4)
                0x0800a718                _etext = .

.glue_7         0x0800a718        0x0
 .glue_7        0x0800a718        0x0 linker stubs

.glue_7t        0x0800a718        0x0
 .glue_7t       0x0800a718        0x0 linker stubs

.vfp11_veneer   0x0800a718        0x0
 .vfp11_veneer  0x0800a718        0x0 linker stubs

.v4_bx          0x0800a718        0x0
 .v4_bx         0x0800a718        0x0 linker stubs

.iplt           0x0800a718        0x0
 .iplt          0x0800a718        0x0 motor.o

.rel.dyn        0x0800a718        0x0
 .rel.iplt      0x0800a718        0x0 motor.o

.data           0x20000000      0x1d8 load address 0x0800a718
                0x20000000                . = ALIGN (0x4)
                0x20000000                _data = .
 *(.data*)
 .data          0x20000000        0x2 motor.o
                0x20000000                pwm1
                0x20000001                pwm2
 .data          0x20000002        0x0 startup.o
 .data          0x20000002        0x0 serial.o
 *fill*         0x20000002        0x2 
 .data          0x20000004        0x4 newlib_stubs.o
                0x20000004                environ
 .data          0x20000008        0x0 C:\Users\keybo\Documents\gcc-arm-none-eabi-10.3-2021.10\arm-none-eabi\lib\thumb\v6-m\nofp\libnosys.a(errno.o)
 .data          0x20000008        0x0 C:\Users\keybo\Documents\gcc-arm-none-eabi-10.3-2021.10\lib\gcc\arm-none-eabi\10.3.1\thumb\v6-m\nofp\libgcc.a(_divsi3.o)
 .data          0x20000008        0x0 C:\Users\keybo\Documents\gcc-arm-none-eabi-10.3-2021.10\lib\gcc\arm-none-eabi\10.3.1\thumb\v6-m\nofp\libgcc.a(_dvmd_tls.o)
 .data          0x20000008        0x0 C:\Users\keybo\Documents\gcc-arm-none-eabi-10.3-2021.10\lib\gcc\arm-none-eabi\10.3.1\thumb\v6-m\nofp\libgcc.a(_arm_cmpdf2.o)
 .data          0x20000008        0x0 C:\Users\keybo\Documents\gcc-arm-none-eabi-10.3-2021.10\lib\gcc\arm-none-eabi\10.3.1\thumb\v6-m\nofp\libgcc.a(_arm_cmpsf2.o)
 .data          0x20000008        0x0 C:\Users\keybo\Documents\gcc-arm-none-eabi-10.3-2021.10\lib\gcc\arm-none-eabi\10.3.1\thumb\v6-m\nofp\libgcc.a(_fixunssfsi.o)
 .data          0x20000008        0x0 C:\Users\keybo\Documents\gcc-arm-none-eabi-10.3-2021.10\lib\gcc\arm-none-eabi\10.3.1\thumb\v6-m\nofp\libgcc.a(addsf3.o)
 .data          0x20000008        0x0 C:\Users\keybo\Documents\gcc-arm-none-eabi-10.3-2021.10\lib\gcc\arm-none-eabi\10.3.1\thumb\v6-m\nofp\libgcc.a(divsf3.o)
 .data          0x20000008        0x0 C:\Users\keybo\Documents\gcc-arm-none-eabi-10.3-2021.10\lib\gcc\arm-none-eabi\10.3.1\thumb\v6-m\nofp\libgcc.a(eqsf2.o)
 .data          0x20000008        0x0 C:\Users\keybo\Documents\gcc-arm-none-eabi-10.3-2021.10\lib\gcc\arm-none-eabi\10.3.1\thumb\v6-m\nofp\libgcc.a(gesf2.o)
 .data          0x20000008        0x0 C:\Users\keybo\Documents\gcc-arm-none-eabi-10.3-2021.10\lib\gcc\arm-none-eabi\10.3.1\thumb\v6-m\nofp\libgcc.a(lesf2.o)
 .data          0x20000008        0x0 C:\Users\keybo\Documents\gcc-arm-none-eabi-10.3-2021.10\lib\gcc\arm-none-eabi\10.3.1\thumb\v6-m\nofp\libgcc.a(mulsf3.o)
 .data          0x20000008        0x0 C:\Users\keybo\Documents\gcc-arm-none-eabi-10.3-2021.10\lib\gcc\arm-none-eabi\10.3.1\thumb\v6-m\nofp\libgcc.a(subsf3.o)
 .data          0x20000008        0x0 C:\Users\keybo\Documents\gcc-arm-none-eabi-10.3-2021.10\lib\gcc\arm-none-eabi\10.3.1\thumb\v6-m\nofp\libgcc.a(fixsfsi.o)
 .data          0x20000008        0x0 C:\Users\keybo\Documents\gcc-arm-none-eabi-10.3-2021.10\lib\gcc\arm-none-eabi\10.3.1\thumb\v6-m\nofp\libgcc.a(adddf3.o)
 .data          0x20000008        0x0 C:\Users\keybo\Documents\gcc-arm-none-eabi-10.3-2021.10\lib\gcc\arm-none-eabi\10.3.1\thumb\v6-m\nofp\libgcc.a(divdf3.o)
 .data          0x20000008        0x0 C:\Users\keybo\Documents\gcc-arm-none-eabi-10.3-2021.10\lib\gcc\arm-none-eabi\10.3.1\thumb\v6-m\nofp\libgcc.a(eqdf2.o)
 .data          0x20000008        0x0 C:\Users\keybo\Documents\gcc-arm-none-eabi-10.3-2021.10\lib\gcc\arm-none-eabi\10.3.1\thumb\v6-m\nofp\libgcc.a(gedf2.o)
 .data          0x20000008        0x0 C:\Users\keybo\Documents\gcc-arm-none-eabi-10.3-2021.10\lib\gcc\arm-none-eabi\10.3.1\thumb\v6-m\nofp\libgcc.a(ledf2.o)
 .data          0x20000008        0x0 C:\Users\keybo\Documents\gcc-arm-none-eabi-10.3-2021.10\lib\gcc\arm-none-eabi\10.3.1\thumb\v6-m\nofp\libgcc.a(muldf3.o)
 .data          0x20000008        0x0 C:\Users\keybo\Documents\gcc-arm-none-eabi-10.3-2021.10\lib\gcc\arm-none-eabi\10.3.1\thumb\v6-m\nofp\libgcc.a(extendsfdf2.o)
 .data          0x20000008        0x0 C:\Users\keybo\Documents\gcc-arm-none-eabi-10.3-2021.10\lib\gcc\arm-none-eabi\10.3.1\thumb\v6-m\nofp\libgcc.a(truncdfsf2.o)
 .data          0x20000008        0x0 C:\Users\keybo\Documents\gcc-arm-none-eabi-10.3-2021.10\lib\gcc\arm-none-eabi\10.3.1\thumb\v6-m\nofp\libgcc.a(_udivsi3.o)
 .data          0x20000008        0x0 C:\Users\keybo\Documents\gcc-arm-none-eabi-10.3-2021.10\lib\gcc\arm-none-eabi\10.3.1\thumb\v6-m\nofp\libgcc.a(_clzsi2.o)
 .data          0x20000008        0x0 C:\Users\keybo\Documents\gcc-arm-none-eabi-10.3-2021.10\arm-none-eabi\lib\thumb\v6-m\nofp\libc_nano.a(lib_a-nano-vfprintf_float.o)
 .data          0x20000008        0x0 C:\Users\keybo\Documents\gcc-arm-none-eabi-10.3-2021.10\arm-none-eabi\lib\thumb\v6-m\nofp\libc_nano.a(lib_a-nano-vfprintf_i.o)
 .data          0x20000008        0x0 C:\Users\keybo\Documents\gcc-arm-none-eabi-10.3-2021.10\arm-none-eabi\lib\thumb\v6-m\nofp\libc_nano.a(lib_a-printf.o)
 .data          0x20000008        0x0 C:\Users\keybo\Documents\gcc-arm-none-eabi-10.3-2021.10\arm-none-eabi\lib\thumb\v6-m\nofp\libc_nano.a(lib_a-puts.o)
 .data          0x20000008        0x0 C:\Users\keybo\Documents\gcc-arm-none-eabi-10.3-2021.10\arm-none-eabi\lib\thumb\v6-m\nofp\libc_nano.a(lib_a-strlen.o)
 .data          0x20000008        0x0 C:\Users\keybo\Documents\gcc-arm-none-eabi-10.3-2021.10\arm-none-eabi\lib\thumb\v6-m\nofp\libc_nano.a(lib_a-wbuf.o)
 .data          0x20000008        0x0 C:\Users\keybo\Documents\gcc-arm-none-eabi-10.3-2021.10\arm-none-eabi\lib\thumb\v6-m\nofp\libc_nano.a(lib_a-wsetup.o)
 .data          0x20000008        0x0 C:\Users\keybo\Documents\gcc-arm-none-eabi-10.3-2021.10\arm-none-eabi\lib\thumb\v6-m\nofp\libc_nano.a(lib_a-dtoa.o)
 .data          0x20000008        0x0 C:\Users\keybo\Documents\gcc-arm-none-eabi-10.3-2021.10\arm-none-eabi\lib\thumb\v6-m\nofp\libc_nano.a(lib_a-fflush.o)
 .data          0x20000008        0x0 C:\Users\keybo\Documents\gcc-arm-none-eabi-10.3-2021.10\arm-none-eabi\lib\thumb\v6-m\nofp\libc_nano.a(lib_a-findfp.o)
 .data          0x20000008        0x0 C:\Users\keybo\Documents\gcc-arm-none-eabi-10.3-2021.10\arm-none-eabi\lib\thumb\v6-m\nofp\libc_nano.a(lib_a-fwalk.o)
 .data          0x20000008        0x0 C:\Users\keybo\Documents\gcc-arm-none-eabi-10.3-2021.10\arm-none-eabi\lib\thumb\v6-m\nofp\libc_nano.a(lib_a-impure.o)
 .data._impure_ptr
                0x20000008        0x4 C:\Users\keybo\Documents\gcc-arm-none-eabi-10.3-2021.10\arm-none-eabi\lib\thumb\v6-m\nofp\libc_nano.a(lib_a-impure.o)
                0x20000008                _impure_ptr
 .data.impure_data
                0x2000000c       0x60 C:\Users\keybo\Documents\gcc-arm-none-eabi-10.3-2021.10\arm-none-eabi\lib\thumb\v6-m\nofp\libc_nano.a(lib_a-impure.o)
 .data          0x2000006c        0x0 C:\Users\keybo\Documents\gcc-arm-none-eabi-10.3-2021.10\arm-none-eabi\lib\thumb\v6-m\nofp\libc_nano.a(lib_a-localeconv.o)
 .data          0x2000006c        0x0 C:\Users\keybo\Documents\gcc-arm-none-eabi-10.3-2021.10\arm-none-eabi\lib\thumb\v6-m\nofp\libc_nano.a(lib_a-lock.o)
 .data          0x2000006c        0x0 C:\Users\keybo\Documents\gcc-arm-none-eabi-10.3-2021.10\arm-none-eabi\lib\thumb\v6-m\nofp\libc_nano.a(lib_a-makebuf.o)
 .data          0x2000006c        0x0 C:\Users\keybo\Documents\gcc-arm-none-eabi-10.3-2021.10\arm-none-eabi\lib\thumb\v6-m\nofp\libc_nano.a(lib_a-malloc.o)
 .data          0x2000006c        0x0 C:\Users\keybo\Documents\gcc-arm-none-eabi-10.3-2021.10\arm-none-eabi\lib\thumb\v6-m\nofp\libc_nano.a(lib_a-memchr-stub.o)
 .data          0x2000006c        0x0 C:\Users\keybo\Documents\gcc-arm-none-eabi-10.3-2021.10\arm-none-eabi\lib\thumb\v6-m\nofp\libc_nano.a(lib_a-memcpy-stub.o)
 .data          0x2000006c        0x0 C:\Users\keybo\Documents\gcc-arm-none-eabi-10.3-2021.10\arm-none-eabi\lib\thumb\v6-m\nofp\libc_nano.a(lib_a-memset.o)
 .data          0x2000006c        0x0 C:\Users\keybo\Documents\gcc-arm-none-eabi-10.3-2021.10\arm-none-eabi\lib\thumb\v6-m\nofp\libc_nano.a(lib_a-mprec.o)
 .data          0x2000006c        0x0 C:\Users\keybo\Documents\gcc-arm-none-eabi-10.3-2021.10\arm-none-eabi\lib\thumb\v6-m\nofp\libc_nano.a(lib_a-nano-callocr.o)
 .data          0x2000006c        0x0 C:\Users\keybo\Documents\gcc-arm-none-eabi-10.3-2021.10\arm-none-eabi\lib\thumb\v6-m\nofp\libc_nano.a(lib_a-nano-freer.o)
 .data          0x2000006c        0x0 C:\Users\keybo\Documents\gcc-arm-none-eabi-10.3-2021.10\arm-none-eabi\lib\thumb\v6-m\nofp\libc_nano.a(lib_a-nano-mallocr.o)
 .data          0x2000006c        0x0 C:\Users\keybo\Documents\gcc-arm-none-eabi-10.3-2021.10\arm-none-eabi\lib\thumb\v6-m\nofp\libc_nano.a(lib_a-nano-vfprintf.o)
 .data          0x2000006c        0x0 C:\Users\keybo\Documents\gcc-arm-none-eabi-10.3-2021.10\arm-none-eabi\lib\thumb\v6-m\nofp\libc_nano.a(lib_a-sbrkr.o)
 .data          0x2000006c        0x0 C:\Users\keybo\Documents\gcc-arm-none-eabi-10.3-2021.10\arm-none-eabi\lib\thumb\v6-m\nofp\libc_nano.a(lib_a-stdio.o)
 .data          0x2000006c        0x0 C:\Users\keybo\Documents\gcc-arm-none-eabi-10.3-2021.10\arm-none-eabi\lib\thumb\v6-m\nofp\libc_nano.a(lib_a-writer.o)
 .data          0x2000006c        0x0 C:\Users\keybo\Documents\gcc-arm-none-eabi-10.3-2021.10\arm-none-eabi\lib\thumb\v6-m\nofp\libc_nano.a(lib_a-assert.o)
 .data          0x2000006c        0x0 C:\Users\keybo\Documents\gcc-arm-none-eabi-10.3-2021.10\arm-none-eabi\lib\thumb\v6-m\nofp\libc_nano.a(lib_a-closer.o)
 .data          0x2000006c        0x0 C:\Users\keybo\Documents\gcc-arm-none-eabi-10.3-2021.10\arm-none-eabi\lib\thumb\v6-m\nofp\libc_nano.a(lib_a-fprintf.o)
 .data          0x2000006c        0x0 C:\Users\keybo\Documents\gcc-arm-none-eabi-10.3-2021.10\arm-none-eabi\lib\thumb\v6-m\nofp\libc_nano.a(lib_a-fstatr.o)
 .data          0x2000006c        0x0 C:\Users\keybo\Documents\gcc-arm-none-eabi-10.3-2021.10\arm-none-eabi\lib\thumb\v6-m\nofp\libc_nano.a(lib_a-fvwrite.o)
 .data          0x2000006c        0x0 C:\Users\keybo\Documents\gcc-arm-none-eabi-10.3-2021.10\arm-none-eabi\lib\thumb\v6-m\nofp\libc_nano.a(lib_a-isattyr.o)
 .data          0x2000006c        0x0 C:\Users\keybo\Documents\gcc-arm-none-eabi-10.3-2021.10\arm-none-eabi\lib\thumb\v6-m\nofp\libc_nano.a(lib_a-locale.o)
 .data.__global_locale
                0x2000006c      0x16c C:\Users\keybo\Documents\gcc-arm-none-eabi-10.3-2021.10\arm-none-eabi\lib\thumb\v6-m\nofp\libc_nano.a(lib_a-locale.o)
                0x2000006c                __global_locale
 .data          0x200001d8        0x0 C:\Users\keybo\Documents\gcc-arm-none-eabi-10.3-2021.10\arm-none-eabi\lib\thumb\v6-m\nofp\libc_nano.a(lib_a-lseekr.o)
 .data          0x200001d8        0x0 C:\Users\keybo\Documents\gcc-arm-none-eabi-10.3-2021.10\arm-none-eabi\lib\thumb\v6-m\nofp\libc_nano.a(lib_a-mbtowc_r.o)
 .data          0x200001d8        0x0 C:\Users\keybo\Documents\gcc-arm-none-eabi-10.3-2021.10\arm-none-eabi\lib\thumb\v6-m\nofp\libc_nano.a(lib_a-memmove.o)
 .data          0x200001d8        0x0 C:\Users\keybo\Documents\gcc-arm-none-eabi-10.3-2021.10\arm-none-eabi\lib\thumb\v6-m\nofp\libc_nano.a(lib_a-mlock.o)
 .data          0x200001d8        0x0 C:\Users\keybo\Documents\gcc-arm-none-eabi-10.3-2021.10\arm-none-eabi\lib\thumb\v6-m\nofp\libc_nano.a(lib_a-nano-reallocr.o)
 .data          0x200001d8        0x0 C:\Users\keybo\Documents\gcc-arm-none-eabi-10.3-2021.10\arm-none-eabi\lib\thumb\v6-m\nofp\libc_nano.a(lib_a-readr.o)
 .data          0x200001d8        0x0 C:\Users\keybo\Documents\gcc-arm-none-eabi-10.3-2021.10\arm-none-eabi\lib\thumb\v6-m\nofp\libc_nano.a(lib_a-strcmp.o)
 .data          0x200001d8        0x0 C:\Users\keybo\Documents\gcc-arm-none-eabi-10.3-2021.10\arm-none-eabi\lib\thumb\v6-m\nofp\libc_nano.a(lib_a-wctomb_r.o)
 .data          0x200001d8        0x0 C:\Users\keybo\Documents\gcc-arm-none-eabi-10.3-2021.10\arm-none-eabi\lib\thumb\v6-m\nofp\libc_nano.a(lib_a-abort.o)
 .data          0x200001d8        0x0 C:\Users\keybo\Documents\gcc-arm-none-eabi-10.3-2021.10\arm-none-eabi\lib\thumb\v6-m\nofp\libc_nano.a(lib_a-ctype_.o)
 .data          0x200001d8        0x0 C:\Users\keybo\Documents\gcc-arm-none-eabi-10.3-2021.10\arm-none-eabi\lib\thumb\v6-m\nofp\libc_nano.a(lib_a-nano-msizer.o)
 .data          0x200001d8        0x0 C:\Users\keybo\Documents\gcc-arm-none-eabi-10.3-2021.10\arm-none-eabi\lib\thumb\v6-m\nofp\libc_nano.a(lib_a-signal.o)
 .data          0x200001d8        0x0 C:\Users\keybo\Documents\gcc-arm-none-eabi-10.3-2021.10\arm-none-eabi\lib\thumb\v6-m\nofp\libc_nano.a(lib_a-signalr.o)
 .data          0x200001d8        0x0 C:\Users\keybo\Documents\gcc-arm-none-eabi-10.3-2021.10\arm-none-eabi\lib\thumb\v6-m\nofp\libm.a(lib_a-s_cos.o)
 .data          0x200001d8        0x0 C:\Users\keybo\Documents\gcc-arm-none-eabi-10.3-2021.10\arm-none-eabi\lib\thumb\v6-m\nofp\libm.a(lib_a-s_sin.o)
 .data          0x200001d8        0x0 C:\Users\keybo\Documents\gcc-arm-none-eabi-10.3-2021.10\arm-none-eabi\lib\thumb\v6-m\nofp\libm.a(lib_a-w_pow.o)
 .data          0x200001d8        0x0 C:\Users\keybo\Documents\gcc-arm-none-eabi-10.3-2021.10\arm-none-eabi\lib\thumb\v6-m\nofp\libm.a(lib_a-w_sqrt.o)
 .data          0x200001d8        0x0 C:\Users\keybo\Documents\gcc-arm-none-eabi-10.3-2021.10\arm-none-eabi\lib\thumb\v6-m\nofp\libm.a(lib_a-wf_atan2.o)
 .data          0x200001d8        0x0 C:\Users\keybo\Documents\gcc-arm-none-eabi-10.3-2021.10\arm-none-eabi\lib\thumb\v6-m\nofp\libm.a(lib_a-e_pow.o)
 .data          0x200001d8        0x0 C:\Users\keybo\Documents\gcc-arm-none-eabi-10.3-2021.10\arm-none-eabi\lib\thumb\v6-m\nofp\libm.a(lib_a-e_rem_pio2.o)
 .data          0x200001d8        0x0 C:\Users\keybo\Documents\gcc-arm-none-eabi-10.3-2021.10\arm-none-eabi\lib\thumb\v6-m\nofp\libm.a(lib_a-e_sqrt.o)
 .data          0x200001d8        0x0 C:\Users\keybo\Documents\gcc-arm-none-eabi-10.3-2021.10\arm-none-eabi\lib\thumb\v6-m\nofp\libm.a(lib_a-ef_atan2.o)
 .data          0x200001d8        0x0 C:\Users\keybo\Documents\gcc-arm-none-eabi-10.3-2021.10\arm-none-eabi\lib\thumb\v6-m\nofp\libm.a(lib_a-k_cos.o)
 .data          0x200001d8        0x0 C:\Users\keybo\Documents\gcc-arm-none-eabi-10.3-2021.10\arm-none-eabi\lib\thumb\v6-m\nofp\libm.a(lib_a-k_rem_pio2.o)
 .data          0x200001d8        0x0 C:\Users\keybo\Documents\gcc-arm-none-eabi-10.3-2021.10\arm-none-eabi\lib\thumb\v6-m\nofp\libm.a(lib_a-k_sin.o)
 .data          0x200001d8        0x0 C:\Users\keybo\Documents\gcc-arm-none-eabi-10.3-2021.10\arm-none-eabi\lib\thumb\v6-m\nofp\libm.a(lib_a-math_err.o)
 .data          0x200001d8        0x0 C:\Users\keybo\Documents\gcc-arm-none-eabi-10.3-2021.10\arm-none-eabi\lib\thumb\v6-m\nofp\libm.a(lib_a-s_fabs.o)
 .data          0x200001d8        0x0 C:\Users\keybo\Documents\gcc-arm-none-eabi-10.3-2021.10\arm-none-eabi\lib\thumb\v6-m\nofp\libm.a(lib_a-s_finite.o)
 .data          0x200001d8        0x0 C:\Users\keybo\Documents\gcc-arm-none-eabi-10.3-2021.10\arm-none-eabi\lib\thumb\v6-m\nofp\libm.a(lib_a-s_floor.o)
 .data          0x200001d8        0x0 C:\Users\keybo\Documents\gcc-arm-none-eabi-10.3-2021.10\arm-none-eabi\lib\thumb\v6-m\nofp\libm.a(lib_a-s_scalbn.o)
 .data          0x200001d8        0x0 C:\Users\keybo\Documents\gcc-arm-none-eabi-10.3-2021.10\arm-none-eabi\lib\thumb\v6-m\nofp\libm.a(lib_a-sf_atan.o)
 .data          0x200001d8        0x0 C:\Users\keybo\Documents\gcc-arm-none-eabi-10.3-2021.10\arm-none-eabi\lib\thumb\v6-m\nofp\libm.a(lib_a-sf_fabs.o)
 .data          0x200001d8        0x0 C:\Users\keybo\Documents\gcc-arm-none-eabi-10.3-2021.10\lib\gcc\arm-none-eabi\10.3.1\thumb\v6-m\nofp\libgcc.a(_thumb1_case_uqi.o)
 .data          0x200001d8        0x0 C:\Users\keybo\Documents\gcc-arm-none-eabi-10.3-2021.10\lib\gcc\arm-none-eabi\10.3.1\thumb\v6-m\nofp\libgcc.a(_thumb1_case_shi.o)
 .data          0x200001d8        0x0 C:\Users\keybo\Documents\gcc-arm-none-eabi-10.3-2021.10\lib\gcc\arm-none-eabi\10.3.1\thumb\v6-m\nofp\libgcc.a(subdf3.o)
 .data          0x200001d8        0x0 C:\Users\keybo\Documents\gcc-arm-none-eabi-10.3-2021.10\lib\gcc\arm-none-eabi\10.3.1\thumb\v6-m\nofp\libgcc.a(unorddf2.o)
 .data          0x200001d8        0x0 C:\Users\keybo\Documents\gcc-arm-none-eabi-10.3-2021.10\lib\gcc\arm-none-eabi\10.3.1\thumb\v6-m\nofp\libgcc.a(fixdfsi.o)
 .data          0x200001d8        0x0 C:\Users\keybo\Documents\gcc-arm-none-eabi-10.3-2021.10\lib\gcc\arm-none-eabi\10.3.1\thumb\v6-m\nofp\libgcc.a(floatsidf.o)
 .data          0x200001d8        0x0 C:\Users\keybo\Documents\gcc-arm-none-eabi-10.3-2021.10\lib\gcc\arm-none-eabi\10.3.1\thumb\v6-m\nofp\libgcc.a(floatunsidf.o)
 .data          0x200001d8        0x0 C:\Users\keybo\Documents\gcc-arm-none-eabi-10.3-2021.10\arm-none-eabi\lib\thumb\v6-m\nofp\libc_nano.a(lib_a-errno.o)
                0x200001d8                . = ALIGN (0x4)
                0x200001d8                _edata = .

.igot.plt       0x200001d8        0x0 load address 0x0800a8f0
 .igot.plt      0x200001d8        0x0 motor.o

.bss            0x200001d8       0xcc load address 0x0800a8f0
                0x200001d8                _bss = .
 *(.bss*)
 .bss           0x200001d8        0x4 motor.o
                0x200001d8                PWM_Counter
 .bss           0x200001dc        0x0 startup.o
 .bss           0x200001dc       0xa4 serial.o
                0x200001dc                ComRXBuffer
                0x20000228                ComTXBuffer
                0x20000274                ComOpen
                0x20000278                ComError
                0x2000027c                ComBusy
 .bss           0x20000280        0x8 newlib_stubs.o
                0x20000280                __env
 .bss           0x20000288        0x0 C:\Users\keybo\Documents\gcc-arm-none-eabi-10.3-2021.10\arm-none-eabi\lib\thumb\v6-m\nofp\libnosys.a(errno.o)
 .bss.errno     0x20000288        0x4 C:\Users\keybo\Documents\gcc-arm-none-eabi-10.3-2021.10\arm-none-eabi\lib\thumb\v6-m\nofp\libnosys.a(errno.o)
                0x20000288                errno
 .bss           0x2000028c        0x0 C:\Users\keybo\Documents\gcc-arm-none-eabi-10.3-2021.10\lib\gcc\arm-none-eabi\10.3.1\thumb\v6-m\nofp\libgcc.a(_divsi3.o)
 .bss           0x2000028c        0x0 C:\Users\keybo\Documents\gcc-arm-none-eabi-10.3-2021.10\lib\gcc\arm-none-eabi\10.3.1\thumb\v6-m\nofp\libgcc.a(_dvmd_tls.o)
 .bss           0x2000028c        0x0 C:\Users\keybo\Documents\gcc-arm-none-eabi-10.3-2021.10\lib\gcc\arm-none-eabi\10.3.1\thumb\v6-m\nofp\libgcc.a(_arm_cmpdf2.o)
 .bss           0x2000028c        0x0 C:\Users\keybo\Documents\gcc-arm-none-eabi-10.3-2021.10\lib\gcc\arm-none-eabi\10.3.1\thumb\v6-m\nofp\libgcc.a(_arm_cmpsf2.o)
 .bss           0x2000028c        0x0 C:\Users\keybo\Documents\gcc-arm-none-eabi-10.3-2021.10\lib\gcc\arm-none-eabi\10.3.1\thumb\v6-m\nofp\libgcc.a(_fixunssfsi.o)
 .bss           0x2000028c        0x0 C:\Users\keybo\Documents\gcc-arm-none-eabi-10.3-2021.10\lib\gcc\arm-none-eabi\10.3.1\thumb\v6-m\nofp\libgcc.a(addsf3.o)
 .bss           0x2000028c        0x0 C:\Users\keybo\Documents\gcc-arm-none-eabi-10.3-2021.10\lib\gcc\arm-none-eabi\10.3.1\thumb\v6-m\nofp\libgcc.a(divsf3.o)
 .bss           0x2000028c        0x0 C:\Users\keybo\Documents\gcc-arm-none-eabi-10.3-2021.10\lib\gcc\arm-none-eabi\10.3.1\thumb\v6-m\nofp\libgcc.a(eqsf2.o)
 .bss           0x2000028c        0x0 C:\Users\keybo\Documents\gcc-arm-none-eabi-10.3-2021.10\lib\gcc\arm-none-eabi\10.3.1\thumb\v6-m\nofp\libgcc.a(gesf2.o)
 .bss           0x2000028c        0x0 C:\Users\keybo\Documents\gcc-arm-none-eabi-10.3-2021.10\lib\gcc\arm-none-eabi\10.3.1\thumb\v6-m\nofp\libgcc.a(lesf2.o)
 .bss           0x2000028c        0x0 C:\Users\keybo\Documents\gcc-arm-none-eabi-10.3-2021.10\lib\gcc\arm-none-eabi\10.3.1\thumb\v6-m\nofp\libgcc.a(mulsf3.o)
 .bss           0x2000028c        0x0 C:\Users\keybo\Documents\gcc-arm-none-eabi-10.3-2021.10\lib\gcc\arm-none-eabi\10.3.1\thumb\v6-m\nofp\libgcc.a(subsf3.o)
 .bss           0x2000028c        0x0 C:\Users\keybo\Documents\gcc-arm-none-eabi-10.3-2021.10\lib\gcc\arm-none-eabi\10.3.1\thumb\v6-m\nofp\libgcc.a(fixsfsi.o)
 .bss           0x2000028c        0x0 C:\Users\keybo\Documents\gcc-arm-none-eabi-10.3-2021.10\lib\gcc\arm-none-eabi\10.3.1\thumb\v6-m\nofp\libgcc.a(adddf3.o)
 .bss           0x2000028c        0x0 C:\Users\keybo\Documents\gcc-arm-none-eabi-10.3-2021.10\lib\gcc\arm-none-eabi\10.3.1\thumb\v6-m\nofp\libgcc.a(divdf3.o)
 .bss           0x2000028c        0x0 C:\Users\keybo\Documents\gcc-arm-none-eabi-10.3-2021.10\lib\gcc\arm-none-eabi\10.3.1\thumb\v6-m\nofp\libgcc.a(eqdf2.o)
 .bss           0x2000028c        0x0 C:\Users\keybo\Documents\gcc-arm-none-eabi-10.3-2021.10\lib\gcc\arm-none-eabi\10.3.1\thumb\v6-m\nofp\libgcc.a(gedf2.o)
 .bss           0x2000028c        0x0 C:\Users\keybo\Documents\gcc-arm-none-eabi-10.3-2021.10\lib\gcc\arm-none-eabi\10.3.1\thumb\v6-m\nofp\libgcc.a(ledf2.o)
 .bss           0x2000028c        0x0 C:\Users\keybo\Documents\gcc-arm-none-eabi-10.3-2021.10\lib\gcc\arm-none-eabi\10.3.1\thumb\v6-m\nofp\libgcc.a(muldf3.o)
 .bss           0x2000028c        0x0 C:\Users\keybo\Documents\gcc-arm-none-eabi-10.3-2021.10\lib\gcc\arm-none-eabi\10.3.1\thumb\v6-m\nofp\libgcc.a(extendsfdf2.o)
 .bss           0x2000028c        0x0 C:\Users\keybo\Documents\gcc-arm-none-eabi-10.3-2021.10\lib\gcc\arm-none-eabi\10.3.1\thumb\v6-m\nofp\libgcc.a(truncdfsf2.o)
 .bss           0x2000028c        0x0 C:\Users\keybo\Documents\gcc-arm-none-eabi-10.3-2021.10\lib\gcc\arm-none-eabi\10.3.1\thumb\v6-m\nofp\libgcc.a(_udivsi3.o)
 .bss           0x2000028c        0x0 C:\Users\keybo\Documents\gcc-arm-none-eabi-10.3-2021.10\lib\gcc\arm-none-eabi\10.3.1\thumb\v6-m\nofp\libgcc.a(_clzsi2.o)
 .bss           0x2000028c        0x0 C:\Users\keybo\Documents\gcc-arm-none-eabi-10.3-2021.10\arm-none-eabi\lib\thumb\v6-m\nofp\libc_nano.a(lib_a-nano-vfprintf_float.o)
 .bss           0x2000028c        0x0 C:\Users\keybo\Documents\gcc-arm-none-eabi-10.3-2021.10\arm-none-eabi\lib\thumb\v6-m\nofp\libc_nano.a(lib_a-nano-vfprintf_i.o)
 .bss           0x2000028c        0x0 C:\Users\keybo\Documents\gcc-arm-none-eabi-10.3-2021.10\arm-none-eabi\lib\thumb\v6-m\nofp\libc_nano.a(lib_a-printf.o)
 .bss           0x2000028c        0x0 C:\Users\keybo\Documents\gcc-arm-none-eabi-10.3-2021.10\arm-none-eabi\lib\thumb\v6-m\nofp\libc_nano.a(lib_a-puts.o)
 .bss           0x2000028c        0x0 C:\Users\keybo\Documents\gcc-arm-none-eabi-10.3-2021.10\arm-none-eabi\lib\thumb\v6-m\nofp\libc_nano.a(lib_a-strlen.o)
 .bss           0x2000028c        0x0 C:\Users\keybo\Documents\gcc-arm-none-eabi-10.3-2021.10\arm-none-eabi\lib\thumb\v6-m\nofp\libc_nano.a(lib_a-wbuf.o)
 .bss           0x2000028c        0x0 C:\Users\keybo\Documents\gcc-arm-none-eabi-10.3-2021.10\arm-none-eabi\lib\thumb\v6-m\nofp\libc_nano.a(lib_a-wsetup.o)
 .bss           0x2000028c        0x0 C:\Users\keybo\Documents\gcc-arm-none-eabi-10.3-2021.10\arm-none-eabi\lib\thumb\v6-m\nofp\libc_nano.a(lib_a-dtoa.o)
 .bss           0x2000028c        0x0 C:\Users\keybo\Documents\gcc-arm-none-eabi-10.3-2021.10\arm-none-eabi\lib\thumb\v6-m\nofp\libc_nano.a(lib_a-fflush.o)
 .bss           0x2000028c        0x0 C:\Users\keybo\Documents\gcc-arm-none-eabi-10.3-2021.10\arm-none-eabi\lib\thumb\v6-m\nofp\libc_nano.a(lib_a-findfp.o)
 .bss           0x2000028c        0x0 C:\Users\keybo\Documents\gcc-arm-none-eabi-10.3-2021.10\arm-none-eabi\lib\thumb\v6-m\nofp\libc_nano.a(lib_a-fwalk.o)
 .bss           0x2000028c        0x0 C:\Users\keybo\Documents\gcc-arm-none-eabi-10.3-2021.10\arm-none-eabi\lib\thumb\v6-m\nofp\libc_nano.a(lib_a-impure.o)
 .bss           0x2000028c        0x0 C:\Users\keybo\Documents\gcc-arm-none-eabi-10.3-2021.10\arm-none-eabi\lib\thumb\v6-m\nofp\libc_nano.a(lib_a-localeconv.o)
 .bss           0x2000028c        0x0 C:\Users\keybo\Documents\gcc-arm-none-eabi-10.3-2021.10\arm-none-eabi\lib\thumb\v6-m\nofp\libc_nano.a(lib_a-lock.o)
 .bss.__lock___arc4random_mutex
                0x2000028c        0x1 C:\Users\keybo\Documents\gcc-arm-none-eabi-10.3-2021.10\arm-none-eabi\lib\thumb\v6-m\nofp\libc_nano.a(lib_a-lock.o)
                0x2000028c                __lock___arc4random_mutex
 .bss.__lock___at_quick_exit_mutex
                0x2000028d        0x1 C:\Users\keybo\Documents\gcc-arm-none-eabi-10.3-2021.10\arm-none-eabi\lib\thumb\v6-m\nofp\libc_nano.a(lib_a-lock.o)
                0x2000028d                __lock___at_quick_exit_mutex
 .bss.__lock___atexit_recursive_mutex
                0x2000028e        0x1 C:\Users\keybo\Documents\gcc-arm-none-eabi-10.3-2021.10\arm-none-eabi\lib\thumb\v6-m\nofp\libc_nano.a(lib_a-lock.o)
                0x2000028e                __lock___atexit_recursive_mutex
 .bss.__lock___dd_hash_mutex
                0x2000028f        0x1 C:\Users\keybo\Documents\gcc-arm-none-eabi-10.3-2021.10\arm-none-eabi\lib\thumb\v6-m\nofp\libc_nano.a(lib_a-lock.o)
                0x2000028f                __lock___dd_hash_mutex
 .bss.__lock___env_recursive_mutex
                0x20000290        0x1 C:\Users\keybo\Documents\gcc-arm-none-eabi-10.3-2021.10\arm-none-eabi\lib\thumb\v6-m\nofp\libc_nano.a(lib_a-lock.o)
                0x20000290                __lock___env_recursive_mutex
 .bss.__lock___malloc_recursive_mutex
                0x20000291        0x1 C:\Users\keybo\Documents\gcc-arm-none-eabi-10.3-2021.10\arm-none-eabi\lib\thumb\v6-m\nofp\libc_nano.a(lib_a-lock.o)
                0x20000291                __lock___malloc_recursive_mutex
 .bss.__lock___sfp_recursive_mutex
                0x20000292        0x1 C:\Users\keybo\Documents\gcc-arm-none-eabi-10.3-2021.10\arm-none-eabi\lib\thumb\v6-m\nofp\libc_nano.a(lib_a-lock.o)
                0x20000292                __lock___sfp_recursive_mutex
 .bss.__lock___sinit_recursive_mutex
                0x20000293        0x1 C:\Users\keybo\Documents\gcc-arm-none-eabi-10.3-2021.10\arm-none-eabi\lib\thumb\v6-m\nofp\libc_nano.a(lib_a-lock.o)
                0x20000293                __lock___sinit_recursive_mutex
 .bss.__lock___tz_mutex
                0x20000294        0x1 C:\Users\keybo\Documents\gcc-arm-none-eabi-10.3-2021.10\arm-none-eabi\lib\thumb\v6-m\nofp\libc_nano.a(lib_a-lock.o)
                0x20000294                __lock___tz_mutex
 .bss           0x20000295        0x0 C:\Users\keybo\Documents\gcc-arm-none-eabi-10.3-2021.10\arm-none-eabi\lib\thumb\v6-m\nofp\libc_nano.a(lib_a-makebuf.o)
 .bss           0x20000295        0x0 C:\Users\keybo\Documents\gcc-arm-none-eabi-10.3-2021.10\arm-none-eabi\lib\thumb\v6-m\nofp\libc_nano.a(lib_a-malloc.o)
 .bss           0x20000295        0x0 C:\Users\keybo\Documents\gcc-arm-none-eabi-10.3-2021.10\arm-none-eabi\lib\thumb\v6-m\nofp\libc_nano.a(lib_a-memchr-stub.o)
 .bss           0x20000295        0x0 C:\Users\keybo\Documents\gcc-arm-none-eabi-10.3-2021.10\arm-none-eabi\lib\thumb\v6-m\nofp\libc_nano.a(lib_a-memcpy-stub.o)
 .bss           0x20000295        0x0 C:\Users\keybo\Documents\gcc-arm-none-eabi-10.3-2021.10\arm-none-eabi\lib\thumb\v6-m\nofp\libc_nano.a(lib_a-memset.o)
 .bss           0x20000295        0x0 C:\Users\keybo\Documents\gcc-arm-none-eabi-10.3-2021.10\arm-none-eabi\lib\thumb\v6-m\nofp\libc_nano.a(lib_a-mprec.o)
 .bss           0x20000295        0x0 C:\Users\keybo\Documents\gcc-arm-none-eabi-10.3-2021.10\arm-none-eabi\lib\thumb\v6-m\nofp\libc_nano.a(lib_a-nano-callocr.o)
 .bss           0x20000295        0x0 C:\Users\keybo\Documents\gcc-arm-none-eabi-10.3-2021.10\arm-none-eabi\lib\thumb\v6-m\nofp\libc_nano.a(lib_a-nano-freer.o)
 .bss           0x20000295        0x0 C:\Users\keybo\Documents\gcc-arm-none-eabi-10.3-2021.10\arm-none-eabi\lib\thumb\v6-m\nofp\libc_nano.a(lib_a-nano-mallocr.o)
 *fill*         0x20000295        0x3 
 .bss.__malloc_free_list
                0x20000298        0x4 C:\Users\keybo\Documents\gcc-arm-none-eabi-10.3-2021.10\arm-none-eabi\lib\thumb\v6-m\nofp\libc_nano.a(lib_a-nano-mallocr.o)
                0x20000298                __malloc_free_list
 .bss.__malloc_sbrk_start
                0x2000029c        0x4 C:\Users\keybo\Documents\gcc-arm-none-eabi-10.3-2021.10\arm-none-eabi\lib\thumb\v6-m\nofp\libc_nano.a(lib_a-nano-mallocr.o)
                0x2000029c                __malloc_sbrk_start
 .bss           0x200002a0        0x0 C:\Users\keybo\Documents\gcc-arm-none-eabi-10.3-2021.10\arm-none-eabi\lib\thumb\v6-m\nofp\libc_nano.a(lib_a-nano-vfprintf.o)
 .bss           0x200002a0        0x0 C:\Users\keybo\Documents\gcc-arm-none-eabi-10.3-2021.10\arm-none-eabi\lib\thumb\v6-m\nofp\libc_nano.a(lib_a-sbrkr.o)
 .bss           0x200002a0        0x0 C:\Users\keybo\Documents\gcc-arm-none-eabi-10.3-2021.10\arm-none-eabi\lib\thumb\v6-m\nofp\libc_nano.a(lib_a-stdio.o)
 .bss           0x200002a0        0x0 C:\Users\keybo\Documents\gcc-arm-none-eabi-10.3-2021.10\arm-none-eabi\lib\thumb\v6-m\nofp\libc_nano.a(lib_a-writer.o)
 .bss           0x200002a0        0x0 C:\Users\keybo\Documents\gcc-arm-none-eabi-10.3-2021.10\arm-none-eabi\lib\thumb\v6-m\nofp\libc_nano.a(lib_a-assert.o)
 .bss           0x200002a0        0x0 C:\Users\keybo\Documents\gcc-arm-none-eabi-10.3-2021.10\arm-none-eabi\lib\thumb\v6-m\nofp\libc_nano.a(lib_a-closer.o)
 .bss           0x200002a0        0x0 C:\Users\keybo\Documents\gcc-arm-none-eabi-10.3-2021.10\arm-none-eabi\lib\thumb\v6-m\nofp\libc_nano.a(lib_a-fprintf.o)
 .bss           0x200002a0        0x0 C:\Users\keybo\Documents\gcc-arm-none-eabi-10.3-2021.10\arm-none-eabi\lib\thumb\v6-m\nofp\libc_nano.a(lib_a-fstatr.o)
 .bss           0x200002a0        0x0 C:\Users\keybo\Documents\gcc-arm-none-eabi-10.3-2021.10\arm-none-eabi\lib\thumb\v6-m\nofp\libc_nano.a(lib_a-fvwrite.o)
 .bss           0x200002a0        0x0 C:\Users\keybo\Documents\gcc-arm-none-eabi-10.3-2021.10\arm-none-eabi\lib\thumb\v6-m\nofp\libc_nano.a(lib_a-isattyr.o)
 .bss           0x200002a0        0x0 C:\Users\keybo\Documents\gcc-arm-none-eabi-10.3-2021.10\arm-none-eabi\lib\thumb\v6-m\nofp\libc_nano.a(lib_a-locale.o)
 .bss._PathLocale
                0x200002a0        0x4 C:\Users\keybo\Documents\gcc-arm-none-eabi-10.3-2021.10\arm-none-eabi\lib\thumb\v6-m\nofp\libc_nano.a(lib_a-locale.o)
                0x200002a0                _PathLocale
 .bss           0x200002a4        0x0 C:\Users\keybo\Documents\gcc-arm-none-eabi-10.3-2021.10\arm-none-eabi\lib\thumb\v6-m\nofp\libc_nano.a(lib_a-lseekr.o)
 .bss           0x200002a4        0x0 C:\Users\keybo\Documents\gcc-arm-none-eabi-10.3-2021.10\arm-none-eabi\lib\thumb\v6-m\nofp\libc_nano.a(lib_a-mbtowc_r.o)
 .bss           0x200002a4        0x0 C:\Users\keybo\Documents\gcc-arm-none-eabi-10.3-2021.10\arm-none-eabi\lib\thumb\v6-m\nofp\libc_nano.a(lib_a-memmove.o)