Archive member included to satisfy reference by file (symbol)

C:\Users\keybo\Documents\gcc-arm-none-eabi-10.3-2021.10\arm-none-eabi\lib\thumb\v6-m\nofp\libnosys.a(errno.o)
                              newlib_stubs.o (errno)
C:\Users\keybo\Documents\gcc-arm-none-eabi-10.3-2021.10\lib\gcc\arm-none-eabi\10.3.1\thumb\v6-m\nofp\libgcc.a(_divsi3.o)
                              serial.o (__aeabi_idiv)
C:\Users\keybo\Documents\gcc-arm-none-eabi-10.3-2021.10\lib\gcc\arm-none-eabi\10.3.1\thumb\v6-m\nofp\libgcc.a(_dvmd_tls.o)
                              C:\Users\keybo\Documents\gcc-arm-none-eabi-10.3-2021.10\lib\gcc\arm-none-eabi\10.3.1\thumb\v6-m\nofp\libgcc.a(_divsi3.o) (__aeabi_idiv0)
C:\Users\keybo\Documents\gcc-arm-none-eabi-10.3-2021.10\lib\gcc\arm-none-eabi\10.3.1\thumb\v6-m\nofp\libgcc.a(_arm_cmpdf2.o)
                              tb_motor.o (__aeabi_dcmplt)
C:\Users\keybo\Documents\gcc-arm-none-eabi-10.3-2021.10\lib\gcc\arm-none-eabi\10.3.1\thumb\v6-m\nofp\libgcc.a(_arm_cmpsf2.o)
                              tb_motor.o (__aeabi_fcmplt)
C:\Users\keybo\Documents\gcc-arm-none-eabi-10.3-2021.10\lib\gcc\arm-none-eabi\10.3.1\thumb\v6-m\nofp\libgcc.a(_fixunssfsi.o)
                              tb_motor.o (__aeabi_f2uiz)
C:\Users\keybo\Documents\gcc-arm-none-eabi-10.3-2021.10\lib\gcc\arm-none-eabi\10.3.1\thumb\v6-m\nofp\libgcc.a(addsf3.o)
                              tb_motor.o (__aeabi_fadd)
C:\Users\keybo\Documents\gcc-arm-none-eabi-10.3-2021.10\lib\gcc\arm-none-eabi\10.3.1\thumb\v6-m\nofp\libgcc.a(divsf3.o)
                              tb_motor.o (__aeabi_fdiv)
C:\Users\keybo\Documents\gcc-arm-none-eabi-10.3-2021.10\lib\gcc\arm-none-eabi\10.3.1\thumb\v6-m\nofp\libgcc.a(eqsf2.o)
                              C:\Users\keybo\Documents\gcc-arm-none-eabi-10.3-2021.10\lib\gcc\arm-none-eabi\10.3.1\thumb\v6-m\nofp\libgcc.a(_arm_cmpsf2.o) (__eqsf2)
C:\Users\keybo\Documents\gcc-arm-none-eabi-10.3-2021.10\lib\gcc\arm-none-eabi\10.3.1\thumb\v6-m\nofp\libgcc.a(gesf2.o)
                              C:\Users\keybo\Documents\gcc-arm-none-eabi-10.3-2021.10\lib\gcc\arm-none-eabi\10.3.1\thumb\v6-m\nofp\libgcc.a(_arm_cmpsf2.o) (__gesf2)
C:\Users\keybo\Documents\gcc-arm-none-eabi-10.3-2021.10\lib\gcc\arm-none-eabi\10.3.1\thumb\v6-m\nofp\libgcc.a(lesf2.o)
                              C:\Users\keybo\Documents\gcc-arm-none-eabi-10.3-2021.10\lib\gcc\arm-none-eabi\10.3.1\thumb\v6-m\nofp\libgcc.a(_arm_cmpsf2.o) (__lesf2)
C:\Users\keybo\Documents\gcc-arm-none-eabi-10.3-2021.10\lib\gcc\arm-none-eabi\10.3.1\thumb\v6-m\nofp\libgcc.a(mulsf3.o)
                              tb_motor.o (__aeabi_fmul)
C:\Users\keybo\Documents\gcc-arm-none-eabi-10.3-2021.10\lib\gcc\arm-none-eabi\10.3.1\thumb\v6-m\nofp\libgcc.a(subsf3.o)
                              tb_motor.o (__aeabi_fsub)
C:\Users\keybo\Documents\gcc-arm-none-eabi-10.3-2021.10\lib\gcc\arm-none-eabi\10.3.1\thumb\v6-m\nofp\libgcc.a(fixsfsi.o)
                              C:\Users\keybo\Documents\gcc-arm-none-eabi-10.3-2021.10\lib\gcc\arm-none-eabi\10.3.1\thumb\v6-m\nofp\libgcc.a(_fixunssfsi.o) (__aeabi_f2iz)
C:\Users\keybo\Documents\gcc-arm-none-eabi-10.3-2021.10\lib\gcc\arm-none-eabi\10.3.1\thumb\v6-m\nofp\libgcc.a(adddf3.o)
                              tb_motor.o (__aeabi_dadd)
C:\Users\keybo\Documents\gcc-arm-none-eabi-10.3-2021.10\lib\gcc\arm-none-eabi\10.3.1\thumb\v6-m\nofp\libgcc.a(divdf3.o)
                              tb_motor.o (__aeabi_ddiv)
C:\Users\keybo\Documents\gcc-arm-none-eabi-10.3-2021.10\lib\gcc\arm-none-eabi\10.3.1\thumb\v6-m\nofp\libgcc.a(eqdf2.o)
                              C:\Users\keybo\Documents\gcc-arm-none-eabi-10.3-2021.10\lib\gcc\arm-none-eabi\10.3.1\thumb\v6-m\nofp\libgcc.a(_arm_cmpdf2.o) (__eqdf2)
C:\Users\keybo\Documents\gcc-arm-none-eabi-10.3-2021.10\lib\gcc\arm-none-eabi\10.3.1\thumb\v6-m\nofp\libgcc.a(gedf2.o)
                              C:\Users\keybo\Documents\gcc-arm-none-eabi-10.3-2021.10\lib\gcc\arm-none-eabi\10.3.1\thumb\v6-m\nofp\libgcc.a(_arm_cmpdf2.o) (__gedf2)
C:\Users\keybo\Documents\gcc-arm-none-eabi-10.3-2021.10\lib\gcc\arm-none-eabi\10.3.1\thumb\v6-m\nofp\libgcc.a(ledf2.o)
                              C:\Users\keybo\Documents\gcc-arm-none-eabi-10.3-2021.10\lib\gcc\arm-none-eabi\10.3.1\thumb\v6-m\nofp\libgcc.a(_arm_cmpdf2.o) (__ledf2)
C:\Users\keybo\Documents\gcc-arm-none-eabi-10.3-2021.10\lib\gcc\arm-none-eabi\10.3.1\thumb\v6-m\nofp\libgcc.a(muldf3.o)
                              tb_motor.o (__aeabi_dmul)
C:\Users\keybo\Documents\gcc-arm-none-eabi-10.3-2021.10\lib\gcc\arm-none-eabi\10.3.1\thumb\v6-m\nofp\libgcc.a(extendsfdf2.o)
                              tb_motor.o (__aeabi_f2d)
C:\Users\keybo\Documents\gcc-arm-none-eabi-10.3-2021.10\lib\gcc\arm-none-eabi\10.3.1\thumb\v6-m\nofp\libgcc.a(truncdfsf2.o)
                              tb_motor.o (__aeabi_d2f)
C:\Users\keybo\Documents\gcc-arm-none-eabi-10.3-2021.10\lib\gcc\arm-none-eabi\10.3.1\thumb\v6-m\nofp\libgcc.a(_udivsi3.o)
[...]
Memory Configuration

Name             Origin             Length             Attributes
flash            0x08000000         0x00010000
ram              0x20000000         0x00002000
*default*        0x00000000         0xffffffff

Linker script and memory map

LOAD tb_motor.o
LOAD startup.o
LOAD serial.o
LOAD newlib_stubs.o
LOAD C:\Users\keybo\Documents\gcc-arm-none-eabi-10.3-2021.10\arm-none-eabi\lib\thumb\v6-m\nofp\libnosys.a
LOAD C:\Users\keybo\Documents\gcc-arm-none-eabi-10.3-2021.10\lib\gcc\arm-none-eabi\10.3.1\thumb\v6-m\nofp\libgcc.a
START GROUP
LOAD C:\Users\keybo\Documents\gcc-arm-none-eabi-10.3-2021.10\lib\gcc\arm-none-eabi\10.3.1\thumb\v6-m\nofp\libgcc.a
LOAD C:\Users\keybo\Documents\gcc-arm-none-eabi-10.3-2021.10\arm-none-eabi\lib\thumb\v6-m\nofp\libc_nano.a
LOAD C:\Users\keybo\Documents\gcc-arm-none-eabi-10.3-2021.10\arm-none-eabi\lib\thumb\v6-m\nofp\libm.a
END GROUP

.text           0x08000000     0xa768
 *(.vectors)
 .vectors       0x08000000       0xb8 startup.o
                0x08000000                Vectors
 *(.after_vectors*)
 .after_vectors
                0x080000b8       0x28 startup.o
                0x080000b8                ResetInit
 *(.text*)
 .text          0x080000e0      0x914 tb_motor.o
                0x080000e0                wait_1ms
                0x08000118                delayms
                0x0800013a                TIM2_Handler
                0x08000200                Hardware_Init
                0x08000318                LeftMotorAdjust_angle
                0x08000488                RightMotorAdjust_angle
                0x080005f0                get_PWM
                0x0800065c                turnLeftMotor
                0x080006d0                turnRightMotor
                0x08000748                testing
                0x08000894                short_testing
                0x080009a0                main
 .text          0x080009f4      0x1a8 startup.o
                0x08000a6c                initClock
                0x08000b74                EXTI2_3_Handler
                0x08000b74                TIM21_Handler
                0x08000b74                SysTick_Handler
                0x08000b74                I2C1_Handler
                0x08000b74                PendSV_Handler
                0x08000b74                NMI_Handler
                0x08000b74                WWDG_Handler
                0x08000b74                RTC_Handler
                0x08000b74                EXTI4_15_Handler
                0x08000b74                DMA_CH4_5_6_7_Handler
                0x08000b74                Default_Handler
                0x08000b74                LPUART1_Handler
                0x08000b74                FLASH_Handler
                0x08000b74                EXTI0_1_Handler
                0x08000b74                DMA_CH1_Handler
                0x08000b74                SPI2_Handler
                0x08000b74                DMA_CH2_3_Handler
                0x08000b74                I2C2_Handler
                0x08000b74                SVC_Handler
                0x08000b74                LPTIM1_Handler
                0x08000b74                USART2_Handler
                0x08000b74                SPI1_Handler
                0x08000b74                RCC_Handler
                0x08000b74                PVD_Handler
                0x08000b74                TIM6_Handler
                0x08000b74                TIM22_Handler
                0x08000b74                ADC_COMP_Handler
                0x08000b88                Hard_Fault_Handler
 .text          0x08000b9c      0x5b4 serial.o
                0x08000b9c                ReadCom
                0x08000c10                WriteCom
                0x08000cb0                initUART
                0x08000e00                USART1_Handler
                0x08000e2c                usart_rx
                0x08000e5c                usart_tx
                0x08000ec4                PutBuf
                0x08000f26                GetBuf
                0x08000f7c                GetBufCount
                0x08000f90                eputs
                0x08000fcc                eputc
                0x08000fea                egetc
                0x08001004                egets
                0x08001090                egetc_echo
                0x080010b6                egets_echo
 .text          0x08001150      0x29c newlib_stubs.o
                0x08001150                _exit
                0x0800115a                _close
                0x0800116e                _execve
                0x08001190                _fork
                0x080011a8                _fstat
                0x080011c4                _getpid
                0x080011d0                _kill
                0x080011f0                _link
                0x08001210                _lseek
                0x08001226                _stat
                0x08001242                _times
                0x08001256                _unlink
                0x08001274                _wait
                0x08001294                _isatty
                0x080012bc                _sbrk
                0x08001320                _read
                0x08001398                _write
 .text          0x080013ec        0x0 C:\Users\keybo\Documents\gcc-arm-none-eabi-10.3-2021.10\arm-none-eabi\lib\thumb\v6-m\nofp\libnosys.a(errno.o)
 .text          0x080013ec      0x1d4 C:\Users\keybo\Documents\gcc-arm-none-eabi-10.3-2021.10\lib\gcc\arm-none-eabi\10.3.1\thumb\v6-m\nofp\libgcc.a(_divsi3.o)
                0x080013ec                __divsi3
                0x080013ec                __aeabi_idiv
                0x080015b8                __aeabi_idivmod
 .text          0x080015c0        0x4 C:\Users\keybo\Documents\gcc-arm-none-eabi-10.3-2021.10\lib\gcc\arm-none-eabi\10.3.1\thumb\v6-m\nofp\libgcc.a(_dvmd_tls.o)
                0x080015c0                __aeabi_idiv0
                0x080015c0                __aeabi_ldiv0
 .text          0x080015c4       0x7c C:\Users\keybo\Documents\gcc-arm-none-eabi-10.3-2021.10\lib\gcc\arm-none-eabi\10.3.1\thumb\v6-m\nofp\libgcc.a(_arm_cmpdf2.o)
                0x080015c4                __aeabi_cdrcmple
                0x080015d4                __aeabi_cdcmple
                0x080015d4                __aeabi_cdcmpeq
                0x080015e4                __aeabi_dcmpeq
                0x080015f0                __aeabi_dcmplt
                0x08001604                __aeabi_dcmple
                0x08001618                __aeabi_dcmpgt
                0x0800162c                __aeabi_dcmpge
 .text          0x08001640       0x74 C:\Users\keybo\Documents\gcc-arm-none-eabi-10.3-2021.10\lib\gcc\arm-none-eabi\10.3.1\thumb\v6-m\nofp\libgcc.a(_arm_cmpsf2.o)
                0x08001640                __aeabi_cfrcmple
                0x08001648                __aeabi_cfcmpeq
                0x08001648                __aeabi_cfcmple
                0x08001658                __aeabi_fcmpeq
                0x08001664                __aeabi_fcmplt
                0x08001678                __aeabi_fcmple
                0x0800168c                __aeabi_fcmpgt
                0x080016a0                __aeabi_fcmpge
 .text          0x080016b4       0x30 C:\Users\keybo\Documents\gcc-arm-none-eabi-10.3-2021.10\lib\gcc\arm-none-eabi\10.3.1\thumb\v6-m\nofp\libgcc.a(_fixunssfsi.o)
                0x080016b4                __fixunssfsi
                0x080016b4                __aeabi_f2uiz
 .text          0x080016e4      0x33c C:\Users\keybo\Documents\gcc-arm-none-eabi-10.3-2021.10\lib\gcc\arm-none-eabi\10.3.1\thumb\v6-m\nofp\libgcc.a(addsf3.o)
                0x080016e4                __aeabi_fadd
 .text          0x08001a20      0x230 C:\Users\keybo\Documents\gcc-arm-none-eabi-10.3-2021.10\lib\gcc\arm-none-eabi\10.3.1\thumb\v6-m\nofp\libgcc.a(divsf3.o)
                0x08001a20                __aeabi_fdiv
 .text          0x08001c50       0x4c C:\Users\keybo\Documents\gcc-arm-none-eabi-10.3-2021.10\lib\gcc\arm-none-eabi\10.3.1\thumb\v6-m\nofp\libgcc.a(eqsf2.o)
                0x08001c50                __eqsf2
                0x08001c50                __nesf2
 .text          0x08001c9c       0x8c C:\Users\keybo\Documents\gcc-arm-none-eabi-10.3-2021.10\lib\gcc\arm-none-eabi\10.3.1\thumb\v6-m\nofp\libgcc.a(gesf2.o)
                0x08001c9c                __gesf2
                0x08001c9c                __gtsf2
 .text          0x08001d28       0x88 C:\Users\keybo\Documents\gcc-arm-none-eabi-10.3-2021.10\lib\gcc\arm-none-eabi\10.3.1\thumb\v6-m\nofp\libgcc.a(lesf2.o)
                0x08001d28                __ltsf2
                0x08001d28                __lesf2
 .text          0x08001db0      0x24c C:\Users\keybo\Documents\gcc-arm-none-eabi-10.3-2021.10\lib\gcc\arm-none-eabi\10.3.1\thumb\v6-m\nofp\libgcc.a(mulsf3.o)
                0x08001db0                __aeabi_fmul
 .text          0x08001ffc      0x35c C:\Users\keybo\Documents\gcc-arm-none-eabi-10.3-2021.10\lib\gcc\arm-none-eabi\10.3.1\thumb\v6-m\nofp\libgcc.a(subsf3.o)
                0x08001ffc                __aeabi_fsub
 .text          0x08002358       0x40 C:\Users\keybo\Documents\gcc-arm-none-eabi-10.3-2021.10\lib\gcc\arm-none-eabi\10.3.1\thumb\v6-m\nofp\libgcc.a(fixsfsi.o)
                0x08002358                __aeabi_f2iz
 .text          0x08002398      0x678 C:\Users\keybo\Documents\gcc-arm-none-eabi-10.3-2021.10\lib\gcc\arm-none-eabi\10.3.1\thumb\v6-m\nofp\libgcc.a(adddf3.o)
                0x08002398                __aeabi_dadd
 .text          0x08002a10      0x5ec C:\Users\keybo\Documents\gcc-arm-none-eabi-10.3-2021.10\lib\gcc\arm-none-eabi\10.3.1\thumb\v6-m\nofp\libgcc.a(divdf3.o)
                0x08002a10                __aeabi_ddiv
 .text          0x08002ffc       0x84 C:\Users\keybo\Documents\gcc-arm-none-eabi-10.3-2021.10\lib\gcc\arm-none-eabi\10.3.1\thumb\v6-m\nofp\libgcc.a(eqdf2.o)
                0x08002ffc                __nedf2
                0x08002ffc                __eqdf2
 .text          0x08003080       0xcc C:\Users\keybo\Documents\gcc-arm-none-eabi-10.3-2021.10\lib\gcc\arm-none-eabi\10.3.1\thumb\v6-m\nofp\libgcc.a(gedf2.o)
                0x08003080                __gedf2
                0x08003080                __gtdf2
 .text          0x0800314c       0xc8 C:\Users\keybo\Documents\gcc-arm-none-eabi-10.3-2021.10\lib\gcc\arm-none-eabi\10.3.1\thumb\v6-m\nofp\libgcc.a(ledf2.o)
                0x0800314c                __ledf2
                0x0800314c                __ltdf2
 .text          0x08003214      0x4d8 C:\Users\keybo\Documents\gcc-arm-none-eabi-10.3-2021.10\lib\gcc\arm-none-eabi\10.3.1\thumb\v6-m\nofp\libgcc.a(muldf3.o)
                0x08003214                __aeabi_dmul
 .text          0x080036ec       0x90 C:\Users\keybo\Documents\gcc-arm-none-eabi-10.3-2021.10\lib\gcc\arm-none-eabi\10.3.1\thumb\v6-m\nofp\libgcc.a(extendsfdf2.o)
                0x080036ec                __aeabi_f2d
 .text          0x0800377c      0x110 C:\Users\keybo\Documents\gcc-arm-none-eabi-10.3-2021.10\lib\gcc\arm-none-eabi\10.3.1\thumb\v6-m\nofp\libgcc.a(truncdfsf2.o)
                0x0800377c                __aeabi_d2f
 .text          0x0800388c      0x114 C:\Users\keybo\Documents\gcc-arm-none-eabi-10.3-2021.10\lib\gcc\arm-none-eabi\10.3.1\thumb\v6-m\nofp\libgcc.a(_udivsi3.o)
                0x0800388c                __aeabi_uidiv
                0x0800388c                __udivsi3
                0x08003998                __aeabi_uidivmod
 .text          0x080039a0       0x3c C:\Users\keybo\Documents\gcc-arm-none-eabi-10.3-2021.10\lib\gcc\arm-none-eabi\10.3.1\thumb\v6-m\nofp\libgcc.a(_clzsi2.o)
                0x080039a0                __clzsi2
 .text          0x080039dc        0x0 C:\Users\keybo\Documents\gcc-arm-none-eabi-10.3-2021.10\arm-none-eabi\lib\thumb\v6-m\nofp\libc_nano.a(lib_a-nano-vfprintf_float.o)
 .text.__cvt    0x080039dc       0xc6 C:\Users\keybo\Documents\gcc-arm-none-eabi-10.3-2021.10\arm-none-eabi\lib\thumb\v6-m\nofp\libc_nano.a(lib_a-nano-vfprintf_float.o)
                0x080039dc                __cvt
 .text.__exponent
                0x08003aa2       0x8e C:\Users\keybo\Documents\gcc-arm-none-eabi-10.3-2021.10\arm-none-eabi\lib\thumb\v6-m\nofp\libc_nano.a(lib_a-nano-vfprintf_float.o)
                0x08003aa2                __exponent
 .text._printf_float
                0x08003b30      0x484 C:\Users\keybo\Documents\gcc-arm-none-eabi-10.3-2021.10\arm-none-eabi\lib\thumb\v6-m\nofp\libc_nano.a(lib_a-nano-vfprintf_float.o)
                0x08003b30                _printf_float
 .text          0x08003fb4        0x0 C:\Users\keybo\Documents\gcc-arm-none-eabi-10.3-2021.10\arm-none-eabi\lib\thumb\v6-m\nofp\libc_nano.a(lib_a-nano-vfprintf_i.o)
 .text._printf_common
                0x08003fb4       0xde C:\Users\keybo\Documents\gcc-arm-none-eabi-10.3-2021.10\arm-none-eabi\lib\thumb\v6-m\nofp\libc_nano.a(lib_a-nano-vfprintf_i.o)
                0x08003fb4                _printf_common
 *fill*         0x08004092        0x2 
 .text._printf_i
                0x08004094      0x224 C:\Users\keybo\Documents\gcc-arm-none-eabi-10.3-2021.10\arm-none-eabi\lib\thumb\v6-m\nofp\libc_nano.a(lib_a-nano-vfprintf_i.o)
                0x08004094                _printf_i
 .text          0x080042b8        0x0 C:\Users\keybo\Documents\gcc-arm-none-eabi-10.3-2021.10\arm-none-eabi\lib\thumb\v6-m\nofp\libc_nano.a(lib_a-printf.o)
 .text._printf_r
                0x080042b8       0x28 C:\Users\keybo\Documents\gcc-arm-none-eabi-10.3-2021.10\arm-none-eabi\lib\thumb\v6-m\nofp\libc_nano.a(lib_a-printf.o)
                0x080042b8                _iprintf_r
                0x080042b8                _printf_r
 .text.printf   0x080042e0       0x34 C:\Users\keybo\Documents\gcc-arm-none-eabi-10.3-2021.10\arm-none-eabi\lib\thumb\v6-m\nofp\libc_nano.a(lib_a-printf.o)
                0x080042e0                iprintf
                0x080042e0                printf
 .text          0x08004314        0x0 C:\Users\keybo\Documents\gcc-arm-none-eabi-10.3-2021.10\arm-none-eabi\lib\thumb\v6-m\nofp\libc_nano.a(lib_a-puts.o)
 .text._puts_r  0x08004314       0xe4 C:\Users\keybo\Documents\gcc-arm-none-eabi-10.3-2021.10\arm-none-eabi\lib\thumb\v6-m\nofp\libc_nano.a(lib_a-puts.o)
                0x08004314                _puts_r
 .text.puts     0x080043f8       0x14 C:\Users\keybo\Documents\gcc-arm-none-eabi-10.3-2021.10\arm-none-eabi\lib\thumb\v6-m\nofp\libc_nano.a(lib_a-puts.o)
                0x080043f8                puts
 .text          0x0800440c        0xe C:\Users\keybo\Documents\gcc-arm-none-eabi-10.3-2021.10\arm-none-eabi\lib\thumb\v6-m\nofp\libc_nano.a(lib_a-strlen.o)
                0x0800440c                strlen
 .text          0x0800441a        0x0 C:\Users\keybo\Documents\gcc-arm-none-eabi-10.3-2021.10\arm-none-eabi\lib\thumb\v6-m\nofp\libc_nano.a(lib_a-wbuf.o)
 *fill*         0x0800441a        0x2 
 .text.__swbuf_r
                0x0800441c       0xac C:\Users\keybo\Documents\gcc-arm-none-eabi-10.3-2021.10\arm-none-eabi\lib\thumb\v6-m\nofp\libc_nano.a(lib_a-wbuf.o)
                0x0800441c                __swbuf_r
 .text.__swbuf  0x080044c8       0x14 C:\Users\keybo\Documents\gcc-arm-none-eabi-10.3-2021.10\arm-none-eabi\lib\thumb\v6-m\nofp\libc_nano.a(lib_a-wbuf.o)
                0x080044c8                __swbuf
 .text          0x080044dc        0x0 C:\Users\keybo\Documents\gcc-arm-none-eabi-10.3-2021.10\arm-none-eabi\lib\thumb\v6-m\nofp\libc_nano.a(lib_a-wsetup.o)
 .text.__swsetup_r
                0x080044dc       0xf0 C:\Users\keybo\Documents\gcc-arm-none-eabi-10.3-2021.10\arm-none-eabi\lib\thumb\v6-m\nofp\libc_nano.a(lib_a-wsetup.o)
                0x080044dc                __swsetup_r
 .text          0x080045cc        0x0 C:\Users\keybo\Documents\gcc-arm-none-eabi-10.3-2021.10\arm-none-eabi\lib\thumb\v6-m\nofp\libc_nano.a(lib_a-dtoa.o)
 .text.quorem   0x080045cc      0x116 C:\Users\keybo\Documents\gcc-arm-none-eabi-10.3-2021.10\arm-none-eabi\lib\thumb\v6-m\nofp\libc_nano.a(lib_a-dtoa.o)
 *fill*         0x080046e2        0x2 
 .text._dtoa_r  0x080046e4      0xc34 C:\Users\keybo\Documents\gcc-arm-none-eabi-10.3-2021.10\arm-none-eabi\lib\thumb\v6-m\nofp\libc_nano.a(lib_a-dtoa.o)
                0x080046e4                _dtoa_r
 .text          0x08005318        0x0 C:\Users\keybo\Documents\gcc-arm-none-eabi-10.3-2021.10\arm-none-eabi\lib\thumb\v6-m\nofp\libc_nano.a(lib_a-fflush.o)
 .text.__sflush_r
                0x08005318      0x118 C:\Users\keybo\Documents\gcc-arm-none-eabi-10.3-2021.10\arm-none-eabi\lib\thumb\v6-m\nofp\libc_nano.a(lib_a-fflush.o)
                0x08005318                __sflush_r
 .text._fflush_r
                0x08005430       0x80 C:\Users\keybo\Documents\gcc-arm-none-eabi-10.3-2021.10\arm-none-eabi\lib\thumb\v6-m\nofp\libc_nano.a(lib_a-fflush.o)
                0x08005430                _fflush_r
 .text.fflush   0x080054b0       0x2c C:\Users\keybo\Documents\gcc-arm-none-eabi-10.3-2021.10\arm-none-eabi\lib\thumb\v6-m\nofp\libc_nano.a(lib_a-fflush.o)
                0x080054b0                fflush
 .text          0x080054dc        0x0 C:\Users\keybo\Documents\gcc-arm-none-eabi-10.3-2021.10\arm-none-eabi\lib\thumb\v6-m\nofp\libc_nano.a(lib_a-findfp.o)
 .text.std      0x080054dc       0x48 C:\Users\keybo\Documents\gcc-arm-none-eabi-10.3-2021.10\arm-none-eabi\lib\thumb\v6-m\nofp\libc_nano.a(lib_a-findfp.o)
 .text._cleanup_r
                0x08005524       0x10 C:\Users\keybo\Documents\gcc-arm-none-eabi-10.3-2021.10\arm-none-eabi\lib\thumb\v6-m\nofp\libc_nano.a(lib_a-findfp.o)
                0x08005524                _cleanup_r
 .text.__fp_lock
                0x08005534       0x18 C:\Users\keybo\Documents\gcc-arm-none-eabi-10.3-2021.10\arm-none-eabi\lib\thumb\v6-m\nofp\libc_nano.a(lib_a-findfp.o)
 .text.__fp_unlock
                0x0800554c       0x18 C:\Users\keybo\Documents\gcc-arm-none-eabi-10.3-2021.10\arm-none-eabi\lib\thumb\v6-m\nofp\libc_nano.a(lib_a-findfp.o)
 .text.__sfmoreglue
                0x08005564       0x2c C:\Users\keybo\Documents\gcc-arm-none-eabi-10.3-2021.10\arm-none-eabi\lib\thumb\v6-m\nofp\libc_nano.a(lib_a-findfp.o)
                0x08005564                __sfmoreglue
 .text._cleanup
                0x08005590       0x10 C:\Users\keybo\Documents\gcc-arm-none-eabi-10.3-2021.10\arm-none-eabi\lib\thumb\v6-m\nofp\libc_nano.a(lib_a-findfp.o)
                0x08005590                _cleanup
 .text.__sfp_lock_acquire
                0x080055a0       0x10 C:\Users\keybo\Documents\gcc-arm-none-eabi-10.3-2021.10\arm-none-eabi\lib\thumb\v6-m\nofp\libc_nano.a(lib_a-findfp.o)
                0x080055a0                __sfp_lock_acquire
 .text.__sfp_lock_release
                0x080055b0       0x10 C:\Users\keybo\Documents\gcc-arm-none-eabi-10.3-2021.10\arm-none-eabi\lib\thumb\v6-m\nofp\libc_nano.a(lib_a-findfp.o)
                0x080055b0                __sfp_lock_release
 .text.__sinit_lock_acquire
                0x080055c0       0x10 C:\Users\keybo\Documents\gcc-arm-none-eabi-10.3-2021.10\arm-none-eabi\lib\thumb\v6-m\nofp\libc_nano.a(lib_a-findfp.o)
                0x080055c0                __sinit_lock_acquire
 .text.__sinit_lock_release
                0x080055d0       0x10 C:\Users\keybo\Documents\gcc-arm-none-eabi-10.3-2021.10\arm-none-eabi\lib\thumb\v6-m\nofp\libc_nano.a(lib_a-findfp.o)
                0x080055d0                __sinit_lock_release
 .text.__sinit  0x080055e0       0x70 C:\Users\keybo\Documents\gcc-arm-none-eabi-10.3-2021.10\arm-none-eabi\lib\thumb\v6-m\nofp\libc_nano.a(lib_a-findfp.o)
                0x080055e0                __sinit
 .text.__sfp    0x08005650       0x90 C:\Users\keybo\Documents\gcc-arm-none-eabi-10.3-2021.10\arm-none-eabi\lib\thumb\v6-m\nofp\libc_nano.a(lib_a-findfp.o)
                0x08005650                __sfp
 .text.__fp_lock_all
                0x080056e0       0x1c C:\Users\keybo\Documents\gcc-arm-none-eabi-10.3-2021.10\arm-none-eabi\lib\thumb\v6-m\nofp\libc_nano.a(lib_a-findfp.o)
                0x080056e0                __fp_lock_all
 .text.__fp_unlock_all
                0x080056fc       0x1c C:\Users\keybo\Documents\gcc-arm-none-eabi-10.3-2021.10\arm-none-eabi\lib\thumb\v6-m\nofp\libc_nano.a(lib_a-findfp.o)
                0x080056fc                __fp_unlock_all
 .text          0x08005718        0x0 C:\Users\keybo\Documents\gcc-arm-none-eabi-10.3-2021.10\arm-none-eabi\lib\thumb\v6-m\nofp\libc_nano.a(lib_a-fwalk.o)
 .text._fwalk   0x08005718       0x36 C:\Users\keybo\Documents\gcc-arm-none-eabi-10.3-2021.10\arm-none-eabi\lib\thumb\v6-m\nofp\libc_nano.a(lib_a-fwalk.o)
                0x08005718                _fwalk
 .text._fwalk_reent
                0x0800574e       0x40 C:\Users\keybo\Documents\gcc-arm-none-eabi-10.3-2021.10\arm-none-eabi\lib\thumb\v6-m\nofp\libc_nano.a(lib_a-fwalk.o)
                0x0800574e                _fwalk_reent
 .text          0x0800578e        0x0 C:\Users\keybo\Documents\gcc-arm-none-eabi-10.3-2021.10\arm-none-eabi\lib\thumb\v6-m\nofp\libc_nano.a(lib_a-impure.o)
 .text          0x0800578e        0x0 C:\Users\keybo\Documents\gcc-arm-none-eabi-10.3-2021.10\arm-none-eabi\lib\thumb\v6-m\nofp\libc_nano.a(lib_a-localeconv.o)
 .text.__localeconv_l
                0x0800578e        0x4 C:\Users\keybo\Documents\gcc-arm-none-eabi-10.3-2021.10\arm-none-eabi\lib\thumb\v6-m\nofp\libc_nano.a(lib_a-localeconv.o)
                0x0800578e                __localeconv_l
 *fill*         0x08005792        0x2 
 .text._localeconv_r
                0x08005794        0x8 C:\Users\keybo\Documents\gcc-arm-none-eabi-10.3-2021.10\arm-none-eabi\lib\thumb\v6-m\nofp\libc_nano.a(lib_a-localeconv.o)
                0x08005794                _localeconv_r
 .text.localeconv
                0x0800579c        0x8 C:\Users\keybo\Documents\gcc-arm-none-eabi-10.3-2021.10\arm-none-eabi\lib\thumb\v6-m\nofp\libc_nano.a(lib_a-localeconv.o)
                0x0800579c                localeconv
 .text          0x080057a4        0x0 C:\Users\keybo\Documents\gcc-arm-none-eabi-10.3-2021.10\arm-none-eabi\lib\thumb\v6-m\nofp\libc_nano.a(lib_a-lock.o)
 .text.__retarget_lock_init
                0x080057a4        0x2 C:\Users\keybo\Documents\gcc-arm-none-eabi-10.3-2021.10\arm-none-eabi\lib\thumb\v6-m\nofp\libc_nano.a(lib_a-lock.o)
                0x080057a4                __retarget_lock_init
 .text.__retarget_lock_init_recursive
                0x080057a6        0x2 C:\Users\keybo\Documents\gcc-arm-none-eabi-10.3-2021.10\arm-none-eabi\lib\thumb\v6-m\nofp\libc_nano.a(lib_a-lock.o)
                0x080057a6                __retarget_lock_init_recursive
 .text.__retarget_lock_close
                0x080057a8        0x2 C:\Users\keybo\Documents\gcc-arm-none-eabi-10.3-2021.10\arm-none-eabi\lib\thumb\v6-m\nofp\libc_nano.a(lib_a-lock.o)
                0x080057a8                __retarget_lock_close
 .text.__retarget_lock_close_recursive
                0x080057aa        0x2 C:\Users\keybo\Documents\gcc-arm-none-eabi-10.3-2021.10\arm-none-eabi\lib\thumb\v6-m\nofp\libc_nano.a(lib_a-lock.o)
                0x080057aa                __retarget_lock_close_recursive
 .text.__retarget_lock_acquire
                0x080057ac        0x2 C:\Users\keybo\Documents\gcc-arm-none-eabi-10.3-2021.10\arm-none-eabi\lib\thumb\v6-m\nofp\libc_nano.a(lib_a-lock.o)
                0x080057ac                __retarget_lock_acquire
 .text.__retarget_lock_acquire_recursive
                0x080057ae        0x2 C:\Users\keybo\Documents\gcc-arm-none-eabi-10.3-2021.10\arm-none-eabi\lib\thumb\v6-m\nofp\libc_nano.a(lib_a-lock.o)
                0x080057ae                __retarget_lock_acquire_recursive
 .text.__retarget_lock_try_acquire
                0x080057b0        0x4 C:\Users\keybo\Documents\gcc-arm-none-eabi-10.3-2021.10\arm-none-eabi\lib\thumb\v6-m\nofp\libc_nano.a(lib_a-lock.o)
                0x080057b0                __retarget_lock_try_acquire
 .text.__retarget_lock_try_acquire_recursive
                0x080057b4        0x4 C:\Users\keybo\Documents\gcc-arm-none-eabi-10.3-2021.10\arm-none-eabi\lib\thumb\v6-m\nofp\libc_nano.a(lib_a-lock.o)
                0x080057b4                __retarget_lock_try_acquire_recursive
 .text.__retarget_lock_release
                0x080057b8        0x2 C:\Users\keybo\Documents\gcc-arm-none-eabi-10.3-2021.10\arm-none-eabi\lib\thumb\v6-m\nofp\libc_nano.a(lib_a-lock.o)
                0x080057b8                __retarget_lock_release
 .text.__retarget_lock_release_recursive
                0x080057ba        0x2 C:\Users\keybo\Documents\gcc-arm-none-eabi-10.3-2021.10\arm-none-eabi\lib\thumb\v6-m\nofp\libc_nano.a(lib_a-lock.o)
                0x080057ba                __retarget_lock_release_recursive
 .text          0x080057bc        0x0 C:\Users\keybo\Documents\gcc-arm-none-eabi-10.3-2021.10\arm-none-eabi\lib\thumb\v6-m\nofp\libc_nano.a(lib_a-makebuf.o)
 .text.__swhatbuf_r
                0x080057bc       0x50 C:\Users\keybo\Documents\gcc-arm-none-eabi-10.3-2021.10\arm-none-eabi\lib\thumb\v6-m\nofp\libc_nano.a(lib_a-makebuf.o)
                0x080057bc                __swhatbuf_r
 .text.__smakebuf_r
                0x0800580c       0x88 C:\Users\keybo\Documents\gcc-arm-none-eabi-10.3-2021.10\arm-none-eabi\lib\thumb\v6-m\nofp\libc_nano.a(lib_a-makebuf.o)
                0x0800580c                __smakebuf_r
 .text          0x08005894        0x0 C:\Users\keybo\Documents\gcc-arm-none-eabi-10.3-2021.10\arm-none-eabi\lib\thumb\v6-m\nofp\libc_nano.a(lib_a-malloc.o)
 .text.malloc   0x08005894       0x14 C:\Users\keybo\Documents\gcc-arm-none-eabi-10.3-2021.10\arm-none-eabi\lib\thumb\v6-m\nofp\libc_nano.a(lib_a-malloc.o)
                0x08005894                malloc
 .text.free     0x080058a8       0x14 C:\Users\keybo\Documents\gcc-arm-none-eabi-10.3-2021.10\arm-none-eabi\lib\thumb\v6-m\nofp\libc_nano.a(lib_a-malloc.o)
                0x080058a8                free
 .text          0x080058bc        0x0 C:\Users\keybo\Documents\gcc-arm-none-eabi-10.3-2021.10\arm-none-eabi\lib\thumb\v6-m\nofp\libc_nano.a(lib_a-memchr-stub.o)
 .text.memchr   0x080058bc       0x16 C:\Users\keybo\Documents\gcc-arm-none-eabi-10.3-2021.10\arm-none-eabi\lib\thumb\v6-m\nofp\libc_nano.a(lib_a-memchr-stub.o)
                0x080058bc                memchr
 .text          0x080058d2        0x0 C:\Users\keybo\Documents\gcc-arm-none-eabi-10.3-2021.10\arm-none-eabi\lib\thumb\v6-m\nofp\libc_nano.a(lib_a-memcpy-stub.o)
 .text.memcpy   0x080058d2       0x12 C:\Users\keybo\Documents\gcc-arm-none-eabi-10.3-2021.10\arm-none-eabi\lib\thumb\v6-m\nofp\libc_nano.a(lib_a-memcpy-stub.o)
                0x080058d2                memcpy
 .text          0x080058e4        0x0 C:\Users\keybo\Documents\gcc-arm-none-eabi-10.3-2021.10\arm-none-eabi\lib\thumb\v6-m\nofp\libc_nano.a(lib_a-memset.o)
 .text.memset   0x080058e4       0x10 C:\Users\keybo\Documents\gcc-arm-none-eabi-10.3-2021.10\arm-none-eabi\lib\thumb\v6-m\nofp\libc_nano.a(lib_a-memset.o)
                0x080058e4                memset
 .text          0x080058f4        0x0 C:\Users\keybo\Documents\gcc-arm-none-eabi-10.3-2021.10\arm-none-eabi\lib\thumb\v6-m\nofp\libc_nano.a(lib_a-mprec.o)
 .text._Balloc  0x080058f4       0x88 C:\Users\keybo\Documents\gcc-arm-none-eabi-10.3-2021.10\arm-none-eabi\lib\thumb\v6-m\nofp\libc_nano.a(lib_a-mprec.o)
                0x080058f4                _Balloc
 .text._Bfree   0x0800597c       0x48 C:\Users\keybo\Documents\gcc-arm-none-eabi-10.3-2021.10\arm-none-eabi\lib\thumb\v6-m\nofp\libc_nano.a(lib_a-mprec.o)
                0x0800597c                _Bfree
 .text.__multadd
                0x080059c4       0x88 C:\Users\keybo\Documents\gcc-arm-none-eabi-10.3-2021.10\arm-none-eabi\lib\thumb\v6-m\nofp\libc_nano.a(lib_a-mprec.o)
                0x080059c4                __multadd
 .text.__s2b    0x08005a4c       0x98 C:\Users\keybo\Documents\gcc-arm-none-eabi-10.3-2021.10\arm-none-eabi\lib\thumb\v6-m\nofp\libc_nano.a(lib_a-mprec.o)
                0x08005a4c                __s2b
 .text.__hi0bits
                0x08005ae4       0x34 C:\Users\keybo\Documents\gcc-arm-none-eabi-10.3-2021.10\arm-none-eabi\lib\thumb\v6-m\nofp\libc_nano.a(lib_a-mprec.o)
                0x08005ae4                __hi0bits
 .text.__lo0bits
                0x08005b18       0x5c C:\Users\keybo\Documents\gcc-arm-none-eabi-10.3-2021.10\arm-none-eabi\lib\thumb\v6-m\nofp\libc_nano.a(lib_a-mprec.o)
                0x08005b18                __lo0bits
 .text.__i2b    0x08005b74       0x2c C:\Users\keybo\Documents\gcc-arm-none-eabi-10.3-2021.10\arm-none-eabi\lib\thumb\v6-m\nofp\libc_nano.a(lib_a-mprec.o)
                0x08005b74                __i2b
 .text.__multiply
                0x08005ba0      0x160 C:\Users\keybo\Documents\gcc-arm-none-eabi-10.3-2021.10\arm-none-eabi\lib\thumb\v6-m\nofp\libc_nano.a(lib_a-mprec.o)
                0x08005ba0                __multiply
 .text.__pow5mult
                0x08005d00       0xb8 C:\Users\keybo\Documents\gcc-arm-none-eabi-10.3-2021.10\arm-none-eabi\lib\thumb\v6-m\nofp\libc_nano.a(lib_a-mprec.o)
                0x08005d00                __pow5mult
 .text.__lshift
                0x08005db8       0xdc C:\Users\keybo\Documents\gcc-arm-none-eabi-10.3-2021.10\arm-none-eabi\lib\thumb\v6-m\nofp\libc_nano.a(lib_a-mprec.o)
                0x08005db8                __lshift
 .text.__mcmp   0x08005e94       0x36 C:\Users\keybo\Documents\gcc-arm-none-eabi-10.3-2021.10\arm-none-eabi\lib\thumb\v6-m\nofp\libc_nano.a(lib_a-mprec.o)
                0x08005e94                __mcmp
 *fill*         0x08005eca        0x2 
 .text.__mdiff  0x08005ecc      0x130 C:\Users\keybo\Documents\gcc-arm-none-eabi-10.3-2021.10\arm-none-eabi\lib\thumb\v6-m\nofp\libc_nano.a(lib_a-mprec.o)
                0x08005ecc                __mdiff
 .text.__ulp    0x08005ffc       0x48 C:\Users\keybo\Documents\gcc-arm-none-eabi-10.3-2021.10\arm-none-eabi\lib\thumb\v6-m\nofp\libc_nano.a(lib_a-mprec.o)
                0x08005ffc                __ulp
 .text.__b2d    0x08006044       0xa0 C:\Users\keybo\Documents\gcc-arm-none-eabi-10.3-2021.10\arm-none-eabi\lib\thumb\v6-m\nofp\libc_nano.a(lib_a-mprec.o)
                0x08006044                __b2d
 .text.__d2b    0x080060e4       0xc8 C:\Users\keybo\Documents\gcc-arm-none-eabi-10.3-2021.10\arm-none-eabi\lib\thumb\v6-m\nofp\libc_nano.a(lib_a-mprec.o)
                0x080060e4                __d2b
 .text.__ratio  0x080061ac       0x52 C:\Users\keybo\Documents\gcc-arm-none-eabi-10.3-2021.10\arm-none-eabi\lib\thumb\v6-m\nofp\libc_nano.a(lib_a-mprec.o)
                0x080061ac                __ratio
 *fill*         0x080061fe        0x2 
 .text._mprec_log10
                0x08006200       0x34 C:\Users\keybo\Documents\gcc-arm-none-eabi-10.3-2021.10\arm-none-eabi\lib\thumb\v6-m\nofp\libc_nano.a(lib_a-mprec.o)
                0x08006200                _mprec_log10
 .text.__copybits
                0x08006234       0x42 C:\Users\keybo\Documents\gcc-arm-none-eabi-10.3-2021.10\arm-none-eabi\lib\thumb\v6-m\nofp\libc_nano.a(lib_a-mprec.o)
                0x08006234                __copybits
 .text.__any_on
                0x08006276       0x46 C:\Users\keybo\Documents\gcc-arm-none-eabi-10.3-2021.10\arm-none-eabi\lib\thumb\v6-m\nofp\libc_nano.a(lib_a-mprec.o)
                0x08006276                __any_on
 .text          0x080062bc        0x0 C:\Users\keybo\Documents\gcc-arm-none-eabi-10.3-2021.10\arm-none-eabi\lib\thumb\v6-m\nofp\libc_nano.a(lib_a-nano-callocr.o)
 .text._calloc_r
                0x080062bc       0x58 C:\Users\keybo\Documents\gcc-arm-none-eabi-10.3-2021.10\arm-none-eabi\lib\thumb\v6-m\nofp\libc_nano.a(lib_a-nano-callocr.o)
                0x080062bc                _calloc_r
 .text          0x08006314        0x0 C:\Users\keybo\Documents\gcc-arm-none-eabi-10.3-2021.10\arm-none-eabi\lib\thumb\v6-m\nofp\libc_nano.a(lib_a-nano-freer.o)
 .text._free_r  0x08006314       0x94 C:\Users\keybo\Documents\gcc-arm-none-eabi-10.3-2021.10\arm-none-eabi\lib\thumb\v6-m\nofp\libc_nano.a(lib_a-nano-freer.o)
                0x08006314                _free_r
 .text          0x080063a8        0x0 C:\Users\keybo\Documents\gcc-arm-none-eabi-10.3-2021.10\arm-none-eabi\lib\thumb\v6-m\nofp\libc_nano.a(lib_a-nano-mallocr.o)
 .text.sbrk_aligned
                0x080063a8       0x44 C:\Users\keybo\Documents\gcc-arm-none-eabi-10.3-2021.10\arm-none-eabi\lib\thumb\v6-m\nofp\libc_nano.a(lib_a-nano-mallocr.o)
 .text._malloc_r
                0x080063ec       0xec C:\Users\keybo\Documents\gcc-arm-none-eabi-10.3-2021.10\arm-none-eabi\lib\thumb\v6-m\nofp\libc_nano.a(lib_a-nano-mallocr.o)
                0x080063ec                _malloc_r
 .text          0x080064d8        0x0 C:\Users\keybo\Documents\gcc-arm-none-eabi-10.3-2021.10\arm-none-eabi\lib\thumb\v6-m\nofp\libc_nano.a(lib_a-nano-vfprintf.o)
 .text.__sfputc_r
                0x080064d8       0x2a C:\Users\keybo\Documents\gcc-arm-none-eabi-10.3-2021.10\arm-none-eabi\lib\thumb\v6-m\nofp\libc_nano.a(lib_a-nano-vfprintf.o)
 .text.__sfputs_r
                0x08006502       0x24 C:\Users\keybo\Documents\gcc-arm-none-eabi-10.3-2021.10\arm-none-eabi\lib\thumb\v6-m\nofp\libc_nano.a(lib_a-nano-vfprintf.o)
                0x08006502                __sfputs_r
 .text.__sprint_r
                0x08006526       0x1c C:\Users\keybo\Documents\gcc-arm-none-eabi-10.3-2021.10\arm-none-eabi\lib\thumb\v6-m\nofp\libc_nano.a(lib_a-nano-vfprintf.o)
                0x08006526                __sprint_r
 *fill*         0x08006542        0x2 
 .text._vfprintf_r
                0x08006544      0x274 C:\Users\keybo\Documents\gcc-arm-none-eabi-10.3-2021.10\arm-none-eabi\lib\thumb\v6-m\nofp\libc_nano.a(lib_a-nano-vfprintf.o)
                0x08006544                _vfprintf_r
                0x08006544                _vfiprintf_r
 .text.vfprintf
                0x080067b8       0x18 C:\Users\keybo\Documents\gcc-arm-none-eabi-10.3-2021.10\arm-none-eabi\lib\thumb\v6-m\nofp\libc_nano.a(lib_a-nano-vfprintf.o)
                0x080067b8                vfprintf
                0x080067b8                vfiprintf
 .text          0x080067d0        0x0 C:\Users\keybo\Documents\gcc-arm-none-eabi-10.3-2021.10\arm-none-eabi\lib\thumb\v6-m\nofp\libc_nano.a(lib_a-sbrkr.o)
 .text._sbrk_r  0x080067d0       0x24 C:\Users\keybo\Documents\gcc-arm-none-eabi-10.3-2021.10\arm-none-eabi\lib\thumb\v6-m\nofp\libc_nano.a(lib_a-sbrkr.o)
                0x080067d0                _sbrk_r
 .text          0x080067f4        0x0 C:\Users\keybo\Documents\gcc-arm-none-eabi-10.3-2021.10\arm-none-eabi\lib\thumb\v6-m\nofp\libc_nano.a(lib_a-stdio.o)
 .text.__sread  0x080067f4       0x28 C:\Users\keybo\Documents\gcc-arm-none-eabi-10.3-2021.10\arm-none-eabi\lib\thumb\v6-m\nofp\libc_nano.a(lib_a-stdio.o)
                0x080067f4                __sread
 .text.__seofread
                0x0800681c        0x4 C:\Users\keybo\Documents\gcc-arm-none-eabi-10.3-2021.10\arm-none-eabi\lib\thumb\v6-m\nofp\libc_nano.a(lib_a-stdio.o)
                0x0800681c                __seofread
 .text.__swrite
                0x08006820       0x38 C:\Users\keybo\Documents\gcc-arm-none-eabi-10.3-2021.10\arm-none-eabi\lib\thumb\v6-m\nofp\libc_nano.a(lib_a-stdio.o)
                0x08006820                __swrite
 .text.__sseek  0x08006858       0x2c C:\Users\keybo\Documents\gcc-arm-none-eabi-10.3-2021.10\arm-none-eabi\lib\thumb\v6-m\nofp\libc_nano.a(lib_a-stdio.o)
                0x08006858                __sseek
 .text.__sclose
                0x08006884        0xc C:\Users\keybo\Documents\gcc-arm-none-eabi-10.3-2021.10\arm-none-eabi\lib\thumb\v6-m\nofp\libc_nano.a(lib_a-stdio.o)
                0x08006884                __sclose
 .text          0x08006890        0x0 C:\Users\keybo\Documents\gcc-arm-none-eabi-10.3-2021.10\arm-none-eabi\lib\thumb\v6-m\nofp\libc_nano.a(lib_a-writer.o)
 .text._write_r
                0x08006890       0x28 C:\Users\keybo\Documents\gcc-arm-none-eabi-10.3-2021.10\arm-none-eabi\lib\thumb\v6-m\nofp\libc_nano.a(lib_a-writer.o)
                0x08006890                _write_r
 .text          0x080068b8        0x0 C:\Users\keybo\Documents\gcc-arm-none-eabi-10.3-2021.10\arm-none-eabi\lib\thumb\v6-m\nofp\libc_nano.a(lib_a-assert.o)
 .text.__assert_func
                0x080068b8       0x3c C:\Users\keybo\Documents\gcc-arm-none-eabi-10.3-2021.10\arm-none-eabi\lib\thumb\v6-m\nofp\libc_nano.a(lib_a-assert.o)
                0x080068b8                __assert_func
 .text.__assert
                0x080068f4        0xa C:\Users\keybo\Documents\gcc-arm-none-eabi-10.3-2021.10\arm-none-eabi\lib\thumb\v6-m\nofp\libc_nano.a(lib_a-assert.o)
                0x080068f4                __assert
 .text          0x080068fe        0x0 C:\Users\keybo\Documents\gcc-arm-none-eabi-10.3-2021.10\arm-none-eabi\lib\thumb\v6-m\nofp\libc_nano.a(lib_a-closer.o)
 *fill*         0x080068fe        0x2 
 .text._close_r
                0x08006900       0x24 C:\Users\keybo\Documents\gcc-arm-none-eabi-10.3-2021.10\arm-none-eabi\lib\thumb\v6-m\nofp\libc_nano.a(lib_a-closer.o)
                0x08006900                _close_r
 .text          0x08006924        0x0 C:\Users\keybo\Documents\gcc-arm-none-eabi-10.3-2021.10\arm-none-eabi\lib\thumb\v6-m\nofp\libc_nano.a(lib_a-fprintf.o)
 .text._fprintf_r
                0x08006924       0x16 C:\Users\keybo\Documents\gcc-arm-none-eabi-10.3-2021.10\arm-none-eabi\lib\thumb\v6-m\nofp\libc_nano.a(lib_a-fprintf.o)
                0x08006924                _fiprintf_r
                0x08006924                _fprintf_r
 *fill*         0x0800693a        0x2 
 .text.fprintf  0x0800693c       0x20 C:\Users\keybo\Documents\gcc-arm-none-eabi-10.3-2021.10\arm-none-eabi\lib\thumb\v6-m\nofp\libc_nano.a(lib_a-fprintf.o)
                0x0800693c                fiprintf
                0x0800693c                fprintf
 .text          0x0800695c        0x0 C:\Users\keybo\Documents\gcc-arm-none-eabi-10.3-2021.10\arm-none-eabi\lib\thumb\v6-m\nofp\libc_nano.a(lib_a-fstatr.o)
 .text._fstat_r
                0x0800695c       0x24 C:\Users\keybo\Documents\gcc-arm-none-eabi-10.3-2021.10\arm-none-eabi\lib\thumb\v6-m\nofp\libc_nano.a(lib_a-fstatr.o)
                0x0800695c                _fstat_r
 .text          0x08006980        0x0 C:\Users\keybo\Documents\gcc-arm-none-eabi-10.3-2021.10\arm-none-eabi\lib\thumb\v6-m\nofp\libc_nano.a(lib_a-fvwrite.o)
 .text.__sfvwrite_r
                0x08006980      0x2d0 C:\Users\keybo\Documents\gcc-arm-none-eabi-10.3-2021.10\arm-none-eabi\lib\thumb\v6-m\nofp\libc_nano.a(lib_a-fvwrite.o)
                0x08006980                __sfvwrite_r
 .text          0x08006c50        0x0 C:\Users\keybo\Documents\gcc-arm-none-eabi-10.3-2021.10\arm-none-eabi\lib\thumb\v6-m\nofp\libc_nano.a(lib_a-isattyr.o)
 .text._isatty_r
                0x08006c50       0x24 C:\Users\keybo\Documents\gcc-arm-none-eabi-10.3-2021.10\arm-none-eabi\lib\thumb\v6-m\nofp\libc_nano.a(lib_a-isattyr.o)
                0x08006c50                _isatty_r
 .text          0x08006c74        0x0 C:\Users\keybo\Documents\gcc-arm-none-eabi-10.3-2021.10\arm-none-eabi\lib\thumb\v6-m\nofp\libc_nano.a(lib_a-locale.o)
 .text._setlocale_r
                0x08006c74       0x40 C:\Users\keybo\Documents\gcc-arm-none-eabi-10.3-2021.10\arm-none-eabi\lib\thumb\v6-m\nofp\libc_nano.a(lib_a-locale.o)
                0x08006c74                _setlocale_r
 .text.__locale_mb_cur_max
                0x08006cb4       0x10 C:\Users\keybo\Documents\gcc-arm-none-eabi-10.3-2021.10\arm-none-eabi\lib\thumb\v6-m\nofp\libc_nano.a(lib_a-locale.o)
                0x08006cb4                __locale_mb_cur_max
 .text.setlocale
                0x08006cc4       0x14 C:\Users\keybo\Documents\gcc-arm-none-eabi-10.3-2021.10\arm-none-eabi\lib\thumb\v6-m\nofp\libc_nano.a(lib_a-locale.o)
                0x08006cc4                setlocale
 .text          0x08006cd8        0x0 C:\Users\keybo\Documents\gcc-arm-none-eabi-10.3-2021.10\arm-none-eabi\lib\thumb\v6-m\nofp\libc_nano.a(lib_a-lseekr.o)
 .text._lseek_r
                0x08006cd8       0x28 C:\Users\keybo\Documents\gcc-arm-none-eabi-10.3-2021.10\arm-none-eabi\lib\thumb\v6-m\nofp\libc_nano.a(lib_a-lseekr.o)
                0x08006cd8                _lseek_r
 .text          0x08006d00        0x0 C:\Users\keybo\Documents\gcc-arm-none-eabi-10.3-2021.10\arm-none-eabi\lib\thumb\v6-m\nofp\libc_nano.a(lib_a-mbtowc_r.o)
 .text._mbtowc_r
                0x08006d00       0x14 C:\Users\keybo\Documents\gcc-arm-none-eabi-10.3-2021.10\arm-none-eabi\lib\thumb\v6-m\nofp\libc_nano.a(lib_a-mbtowc_r.o)
                0x08006d00                _mbtowc_r
 .text.__ascii_mbtowc
                0x08006d14       0x24 C:\Users\keybo\Documents\gcc-arm-none-eabi-10.3-2021.10\arm-none-eabi\lib\thumb\v6-m\nofp\libc_nano.a(lib_a-mbtowc_r.o)
                0x08006d14                __ascii_mbtowc
 .text          0x08006d38        0x0 C:\Users\keybo\Documents\gcc-arm-none-eabi-10.3-2021.10\arm-none-eabi\lib\thumb\v6-m\nofp\libc_nano.a(lib_a-memmove.o)
 .text.memmove  0x08006d38       0x26 C:\Users\keybo\Documents\gcc-arm-none-eabi-10.3-2021.10\arm-none-eabi\lib\thumb\v6-m\nofp\libc_nano.a(lib_a-memmove.o)
                0x08006d38                memmove
 .text          0x08006d5e        0x0 C:\Users\keybo\Documents\gcc-arm-none-eabi-10.3-2021.10\arm-none-eabi\lib\thumb\v6-m\nofp\libc_nano.a(lib_a-mlock.o)
 *fill*         0x08006d5e        0x2 
 .text.__malloc_lock
                0x08006d60       0x10 C:\Users\keybo\Documents\gcc-arm-none-eabi-10.3-2021.10\arm-none-eabi\lib\thumb\v6-m\nofp\libc_nano.a(lib_a-mlock.o)
                0x08006d60                __malloc_lock
 .text.__malloc_unlock
                0x08006d70       0x10 C:\Users\keybo\Documents\gcc-arm-none-eabi-10.3-2021.10\arm-none-eabi\lib\thumb\v6-m\nofp\libc_nano.a(lib_a-mlock.o)
                0x08006d70                __malloc_unlock
 .text          0x08006d80        0x0 C:\Users\keybo\Documents\gcc-arm-none-eabi-10.3-2021.10\arm-none-eabi\lib\thumb\v6-m\nofp\libc_nano.a(lib_a-nano-reallocr.o)
 .text._realloc_r
                0x08006d80       0x5e C:\Users\keybo\Documents\gcc-arm-none-eabi-10.3-2021.10\arm-none-eabi\lib\thumb\v6-m\nofp\libc_nano.a(lib_a-nano-reallocr.o)
                0x08006d80                _realloc_r
 .text          0x08006dde        0x0 C:\Users\keybo\Documents\gcc-arm-none-eabi-10.3-2021.10\arm-none-eabi\lib\thumb\v6-m\nofp\libc_nano.a(lib_a-readr.o)
 *fill*         0x08006dde        0x2 
 .text._read_r  0x08006de0       0x28 C:\Users\keybo\Documents\gcc-arm-none-eabi-10.3-2021.10\arm-none-eabi\lib\thumb\v6-m\nofp\libc_nano.a(lib_a-readr.o)
                0x08006de0                _read_r
 .text          0x08006e08       0x14 C:\Users\keybo\Documents\gcc-arm-none-eabi-10.3-2021.10\arm-none-eabi\lib\thumb\v6-m\nofp\libc_nano.a(lib_a-strcmp.o)
                0x08006e08                strcmp
 .text          0x08006e1c        0x0 C:\Users\keybo\Documents\gcc-arm-none-eabi-10.3-2021.10\arm-none-eabi\lib\thumb\v6-m\nofp\libc_nano.a(lib_a-wctomb_r.o)
 .text._wctomb_r
                0x08006e1c       0x10 C:\Users\keybo\Documents\gcc-arm-none-eabi-10.3-2021.10\arm-none-eabi\lib\thumb\v6-m\nofp\libc_nano.a(lib_a-wctomb_r.o)
                0x08006e1c                _wctomb_r
 .text.__ascii_wctomb
                0x08006e2c       0x1a C:\Users\keybo\Documents\gcc-arm-none-eabi-10.3-2021.10\arm-none-eabi\lib\thumb\v6-m\nofp\libc_nano.a(lib_a-wctomb_r.o)
                0x08006e2c                __ascii_wctomb
 .text          0x08006e46        0x0 C:\Users\keybo\Documents\gcc-arm-none-eabi-10.3-2021.10\arm-none-eabi\lib\thumb\v6-m\nofp\libc_nano.a(lib_a-abort.o)
 .text.abort    0x08006e46        0xe C:\Users\keybo\Documents\gcc-arm-none-eabi-10.3-2021.10\arm-none-eabi\lib\thumb\v6-m\nofp\libc_nano.a(lib_a-abort.o)
                0x08006e46                abort
 .text          0x08006e54        0x0 C:\Users\keybo\Documents\gcc-arm-none-eabi-10.3-2021.10\arm-none-eabi\lib\thumb\v6-m\nofp\libc_nano.a(lib_a-ctype_.o)
 .text          0x08006e54        0x0 C:\Users\keybo\Documents\gcc-arm-none-eabi-10.3-2021.10\arm-none-eabi\lib\thumb\v6-m\nofp\libc_nano.a(lib_a-nano-msizer.o)
 .text._malloc_usable_size_r
                0x08006e54       0x10 C:\Users\keybo\Documents\gcc-arm-none-eabi-10.3-2021.10\arm-none-eabi\lib\thumb\v6-m\nofp\libc_nano.a(lib_a-nano-msizer.o)
                0x08006e54                _malloc_usable_size_r
 .text          0x08006e64        0x0 C:\Users\keybo\Documents\gcc-arm-none-eabi-10.3-2021.10\arm-none-eabi\lib\thumb\v6-m\nofp\libc_nano.a(lib_a-signal.o)
 .text._init_signal_r
                0x08006e64       0x2a C:\Users\keybo\Documents\gcc-arm-none-eabi-10.3-2021.10\arm-none-eabi\lib\thumb\v6-m\nofp\libc_nano.a(lib_a-signal.o)
                0x08006e64                _init_signal_r
 .text._signal_r
                0x08006e8e       0x32 C:\Users\keybo\Documents\gcc-arm-none-eabi-10.3-2021.10\arm-none-eabi\lib\thumb\v6-m\nofp\libc_nano.a(lib_a-signal.o)
                0x08006e8e                _signal_r
 .text._raise_r
                0x08006ec0       0x54 C:\Users\keybo\Documents\gcc-arm-none-eabi-10.3-2021.10\arm-none-eabi\lib\thumb\v6-m\nofp\libc_nano.a(lib_a-signal.o)
                0x08006ec0                _raise_r
 .text.__sigtramp_r
                0x08006f14       0x46 C:\Users\keybo\Documents\gcc-arm-none-eabi-10.3-2021.10\arm-none-eabi\lib\thumb\v6-m\nofp\libc_nano.a(lib_a-signal.o)
                0x08006f14                __sigtramp_r
 *fill*         0x08006f5a        0x2 
 .text.raise    0x08006f5c       0x14 C:\Users\keybo\Documents\gcc-arm-none-eabi-10.3-2021.10\arm-none-eabi\lib\thumb\v6-m\nofp\libc_nano.a(lib_a-signal.o)
                0x08006f5c                raise
 .text.signal   0x08006f70       0x14 C:\Users\keybo\Documents\gcc-arm-none-eabi-10.3-2021.10\arm-none-eabi\lib\thumb\v6-m\nofp\libc_nano.a(lib_a-signal.o)
                0x08006f70                signal
 .text._init_signal
                0x08006f84       0x10 C:\Users\keybo\Documents\gcc-arm-none-eabi-10.3-2021.10\arm-none-eabi\lib\thumb\v6-m\nofp\libc_nano.a(lib_a-signal.o)
                0x08006f84                _init_signal
 .text.__sigtramp
                0x08006f94       0x14 C:\Users\keybo\Documents\gcc-arm-none-eabi-10.3-2021.10\arm-none-eabi\lib\thumb\v6-m\nofp\libc_nano.a(lib_a-signal.o)
                0x08006f94                __sigtramp
 .text          0x08006fa8        0x0 C:\Users\keybo\Documents\gcc-arm-none-eabi-10.3-2021.10\arm-none-eabi\lib\thumb\v6-m\nofp\libc_nano.a(lib_a-signalr.o)
 .text._kill_r  0x08006fa8       0x24 C:\Users\keybo\Documents\gcc-arm-none-eabi-10.3-2021.10\arm-none-eabi\lib\thumb\v6-m\nofp\libc_nano.a(lib_a-signalr.o)
                0x08006fa8                _kill_r
 .text._getpid_r
                0x08006fcc        0x8 C:\Users\keybo\Documents\gcc-arm-none-eabi-10.3-2021.10\arm-none-eabi\lib\thumb\v6-m\nofp\libc_nano.a(lib_a-signalr.o)
                0x08006fcc                _getpid_r
 .text          0x08006fd4        0x0 C:\Users\keybo\Documents\gcc-arm-none-eabi-10.3-2021.10\arm-none-eabi\lib\thumb\v6-m\nofp\libm.a(lib_a-s_cos.o)
 .text.cos      0x08006fd4       0xa0 C:\Users\keybo\Documents\gcc-arm-none-eabi-10.3-2021.10\arm-none-eabi\lib\thumb\v6-m\nofp\libm.a(lib_a-s_cos.o)
                0x08006fd4                cos
 .text          0x08007074        0x0 C:\Users\keybo\Documents\gcc-arm-none-eabi-10.3-2021.10\arm-none-eabi\lib\thumb\v6-m\nofp\libm.a(lib_a-w_pow.o)
 .text.pow      0x08007074       0xe8 C:\Users\keybo\Documents\gcc-arm-none-eabi-10.3-2021.10\arm-none-eabi\lib\thumb\v6-m\nofp\libm.a(lib_a-w_pow.o)
                0x08007074                pow
 .text          0x0800715c        0x0 C:\Users\keybo\Documents\gcc-arm-none-eabi-10.3-2021.10\arm-none-eabi\lib\thumb\v6-m\nofp\libm.a(lib_a-w_sqrt.o)
 .text.sqrt     0x0800715c       0x50 C:\Users\keybo\Documents\gcc-arm-none-eabi-10.3-2021.10\arm-none-eabi\lib\thumb\v6-m\nofp\libm.a(lib_a-w_sqrt.o)
                0x0800715c                sqrt
 .text          0x080071ac        0x0 C:\Users\keybo\Documents\gcc-arm-none-eabi-10.3-2021.10\arm-none-eabi\lib\thumb\v6-m\nofp\libm.a(lib_a-wf_atan2.o)
 .text.atan2f   0x080071ac        0x8 C:\Users\keybo\Documents\gcc-arm-none-eabi-10.3-2021.10\arm-none-eabi\lib\thumb\v6-m\nofp\libm.a(lib_a-wf_atan2.o)
                0x080071ac                atan2f
 .text          0x080071b4        0x0 C:\Users\keybo\Documents\gcc-arm-none-eabi-10.3-2021.10\arm-none-eabi\lib\thumb\v6-m\nofp\libm.a(lib_a-e_pow.o)
 .text.__ieee754_pow
                0x080071b4      0xb1c C:\Users\keybo\Documents\gcc-arm-none-eabi-10.3-2021.10\arm-none-eabi\lib\thumb\v6-m\nofp\libm.a(lib_a-e_pow.o)
                0x080071b4                __ieee754_pow
 .text          0x08007cd0        0x0 C:\Users\keybo\Documents\gcc-arm-none-eabi-10.3-2021.10\arm-none-eabi\lib\thumb\v6-m\nofp\libm.a(lib_a-e_rem_pio2.o)
 .text.__ieee754_rem_pio2
                0x08007cd0      0x410 C:\Users\keybo\Documents\gcc-arm-none-eabi-10.3-2021.10\arm-none-eabi\lib\thumb\v6-m\nofp\libm.a(lib_a-e_rem_pio2.o)
                0x08007cd0                __ieee754_rem_pio2
 .text          0x080080e0        0x0 C:\Users\keybo\Documents\gcc-arm-none-eabi-10.3-2021.10\arm-none-eabi\lib\thumb\v6-m\nofp\libm.a(lib_a-e_sqrt.o)
 .text.__ieee754_sqrt
                0x080080e0      0x1b0 C:\Users\keybo\Documents\gcc-arm-none-eabi-10.3-2021.10\arm-none-eabi\lib\thumb\v6-m\nofp\libm.a(lib_a-e_sqrt.o)
                0x080080e0                __ieee754_sqrt
 .text          0x08008290        0x0 C:\Users\keybo\Documents\gcc-arm-none-eabi-10.3-2021.10\arm-none-eabi\lib\thumb\v6-m\nofp\libm.a(lib_a-ef_atan2.o)
 .text.__ieee754_atan2f
                0x08008290      0x110 C:\Users\keybo\Documents\gcc-arm-none-eabi-10.3-2021.10\arm-none-eabi\lib\thumb\v6-m\nofp\libm.a(lib_a-ef_atan2.o)
                0x08008290                __ieee754_atan2f
 .text          0x080083a0        0x0 C:\Users\keybo\Documents\gcc-arm-none-eabi-10.3-2021.10\arm-none-eabi\lib\thumb\v6-m\nofp\libm.a(lib_a-k_cos.o)
 .text.__kernel_cos
                0x080083a0      0x230 C:\Users\keybo\Documents\gcc-arm-none-eabi-10.3-2021.10\arm-none-eabi\lib\thumb\v6-m\nofp\libm.a(lib_a-k_cos.o)
                0x080083a0                __kernel_cos
 .text          0x080085d0        0x0 C:\Users\keybo\Documents\gcc-arm-none-eabi-10.3-2021.10\arm-none-eabi\lib\thumb\v6-m\nofp\libm.a(lib_a-k_rem_pio2.o)
 .text.__kernel_rem_pio2
                0x080085d0      0x8c4 C:\Users\keybo\Documents\gcc-arm-none-eabi-10.3-2021.10\arm-none-eabi\lib\thumb\v6-m\nofp\libm.a(lib_a-k_rem_pio2.o)
                0x080085d0                __kernel_rem_pio2
 .text          0x08008e94        0x0 C:\Users\keybo\Documents\gcc-arm-none-eabi-10.3-2021.10\arm-none-eabi\lib\thumb\v6-m\nofp\libm.a(lib_a-k_sin.o)
 .text.__kernel_sin
                0x08008e94      0x16c C:\Users\keybo\Documents\gcc-arm-none-eabi-10.3-2021.10\arm-none-eabi\lib\thumb\v6-m\nofp\libm.a(lib_a-k_sin.o)
                0x08008e94                __kernel_sin
 .text          0x08009000        0x0 C:\Users\keybo\Documents\gcc-arm-none-eabi-10.3-2021.10\arm-none-eabi\lib\thumb\v6-m\nofp\libm.a(lib_a-math_err.o)
 .text.with_errno
                0x08009000       0x14 C:\Users\keybo\Documents\gcc-arm-none-eabi-10.3-2021.10\arm-none-eabi\lib\thumb\v6-m\nofp\libm.a(lib_a-math_err.o)
 .text.xflow    0x08009014       0x30 C:\Users\keybo\Documents\gcc-arm-none-eabi-10.3-2021.10\arm-none-eabi\lib\thumb\v6-m\nofp\libm.a(lib_a-math_err.o)
 .text.__math_uflow
                0x08009044       0x10 C:\Users\keybo\Documents\gcc-arm-none-eabi-10.3-2021.10\arm-none-eabi\lib\thumb\v6-m\nofp\libm.a(lib_a-math_err.o)
                0x08009044                __math_uflow
 .text.__math_may_uflow
                0x08009054       0x10 C:\Users\keybo\Documents\gcc-arm-none-eabi-10.3-2021.10\arm-none-eabi\lib\thumb\v6-m\nofp\libm.a(lib_a-math_err.o)
                0x08009054                __math_may_uflow
 .text.__math_oflow
                0x08009064       0x10 C:\Users\keybo\Documents\gcc-arm-none-eabi-10.3-2021.10\arm-none-eabi\lib\thumb\v6-m\nofp\libm.a(lib_a-math_err.o)
                0x08009064                __math_oflow
 .text.__math_divzero
                0x08009074       0x34 C:\Users\keybo\Documents\gcc-arm-none-eabi-10.3-2021.10\arm-none-eabi\lib\thumb\v6-m\nofp\libm.a(lib_a-math_err.o)
                0x08009074                __math_divzero
 .text.__math_invalid
                0x080090a8       0x40 C:\Users\keybo\Documents\gcc-arm-none-eabi-10.3-2021.10\arm-none-eabi\lib\thumb\v6-m\nofp\libm.a(lib_a-math_err.o)
                0x080090a8                __math_invalid
 .text.__math_check_uflow
                0x080090e8       0x28 C:\Users\keybo\Documents\gcc-arm-none-eabi-10.3-2021.10\arm-none-eabi\lib\thumb\v6-m\nofp\libm.a(lib_a-math_err.o)
                0x080090e8                __math_check_uflow
 .text.__math_check_oflow
                0x08009110       0x48 C:\Users\keybo\Documents\gcc-arm-none-eabi-10.3-2021.10\arm-none-eabi\lib\thumb\v6-m\nofp\libm.a(lib_a-math_err.o)
                0x08009110                __math_check_oflow
 .text          0x08009158        0x0 C:\Users\keybo\Documents\gcc-arm-none-eabi-10.3-2021.10\arm-none-eabi\lib\thumb\v6-m\nofp\libm.a(lib_a-s_fabs.o)
 .text.fabs     0x08009158        0x8 C:\Users\keybo\Documents\gcc-arm-none-eabi-10.3-2021.10\arm-none-eabi\lib\thumb\v6-m\nofp\libm.a(lib_a-s_fabs.o)
                0x08009158                fabs
 .text          0x08009160        0x0 C:\Users\keybo\Documents\gcc-arm-none-eabi-10.3-2021.10\arm-none-eabi\lib\thumb\v6-m\nofp\libm.a(lib_a-s_finite.o)
 .text.finite   0x08009160       0x14 C:\Users\keybo\Documents\gcc-arm-none-eabi-10.3-2021.10\arm-none-eabi\lib\thumb\v6-m\nofp\libm.a(lib_a-s_finite.o)
                0x08009160                finite
 .text          0x08009174        0x0 C:\Users\keybo\Documents\gcc-arm-none-eabi-10.3-2021.10\arm-none-eabi\lib\thumb\v6-m\nofp\libm.a(lib_a-s_floor.o)
 .text.floor    0x08009174      0x138 C:\Users\keybo\Documents\gcc-arm-none-eabi-10.3-2021.10\arm-none-eabi\lib\thumb\v6-m\nofp\libm.a(lib_a-s_floor.o)
                0x08009174                floor
 .text          0x080092ac        0x0 C:\Users\keybo\Documents\gcc-arm-none-eabi-10.3-2021.10\arm-none-eabi\lib\thumb\v6-m\nofp\libm.a(lib_a-s_scalbn.o)
 .text.scalbn   0x080092ac       0xf8 C:\Users\keybo\Documents\gcc-arm-none-eabi-10.3-2021.10\arm-none-eabi\lib\thumb\v6-m\nofp\libm.a(lib_a-s_scalbn.o)
                0x080092ac                scalbn
 .text          0x080093a4        0x0 C:\Users\keybo\Documents\gcc-arm-none-eabi-10.3-2021.10\arm-none-eabi\lib\thumb\v6-m\nofp\libm.a(lib_a-sf_atan.o)
 .text.atanf    0x080093a4      0x248 C:\Users\keybo\Documents\gcc-arm-none-eabi-10.3-2021.10\arm-none-eabi\lib\thumb\v6-m\nofp\libm.a(lib_a-sf_atan.o)
                0x080093a4                atanf
 .text          0x080095ec        0x0 C:\Users\keybo\Documents\gcc-arm-none-eabi-10.3-2021.10\arm-none-eabi\lib\thumb\v6-m\nofp\libm.a(lib_a-sf_fabs.o)
 .text.fabsf    0x080095ec        0x8 C:\Users\keybo\Documents\gcc-arm-none-eabi-10.3-2021.10\arm-none-eabi\lib\thumb\v6-m\nofp\libm.a(lib_a-sf_fabs.o)
                0x080095ec                fabsf
 .text          0x080095f4       0x14 C:\Users\keybo\Documents\gcc-arm-none-eabi-10.3-2021.10\lib\gcc\arm-none-eabi\10.3.1\thumb\v6-m\nofp\libgcc.a(_thumb1_case_uqi.o)
                0x080095f4                __gnu_thumb1_case_uqi
 .text          0x08009608       0x14 C:\Users\keybo\Documents\gcc-arm-none-eabi-10.3-2021.10\lib\gcc\arm-none-eabi\10.3.1\thumb\v6-m\nofp\libgcc.a(_thumb1_case_shi.o)
                0x08009608                __gnu_thumb1_case_shi
 .text          0x0800961c      0x724 C:\Users\keybo\Documents\gcc-arm-none-eabi-10.3-2021.10\lib\gcc\arm-none-eabi\10.3.1\thumb\v6-m\nofp\libgcc.a(subdf3.o)
                0x0800961c                __aeabi_dsub
 .text          0x08009d40       0x3c C:\Users\keybo\Documents\gcc-arm-none-eabi-10.3-2021.10\lib\gcc\arm-none-eabi\10.3.1\thumb\v6-m\nofp\libgcc.a(unorddf2.o)
                0x08009d40                __aeabi_dcmpun
 .text          0x08009d7c       0x6c C:\Users\keybo\Documents\gcc-arm-none-eabi-10.3-2021.10\lib\gcc\arm-none-eabi\10.3.1\thumb\v6-m\nofp\libgcc.a(fixdfsi.o)
                0x08009d7c                __aeabi_d2iz
 .text          0x08009de8       0x60 C:\Users\keybo\Documents\gcc-arm-none-eabi-10.3-2021.10\lib\gcc\arm-none-eabi\10.3.1\thumb\v6-m\nofp\libgcc.a(floatsidf.o)
                0x08009de8                __aeabi_i2d
 .text          0x08009e48       0x4c C:\Users\keybo\Documents\gcc-arm-none-eabi-10.3-2021.10\lib\gcc\arm-none-eabi\10.3.1\thumb\v6-m\nofp\libgcc.a(floatunsidf.o)
                0x08009e48                __aeabi_ui2d
 .text          0x08009e94        0x0 C:\Users\keybo\Documents\gcc-arm-none-eabi-10.3-2021.10\arm-none-eabi\lib\thumb\v6-m\nofp\libc_nano.a(lib_a-errno.o)
 .text.__errno  0x08009e94        0xc C:\Users\keybo\Documents\gcc-arm-none-eabi-10.3-2021.10\arm-none-eabi\lib\thumb\v6-m\nofp\libc_nano.a(lib_a-errno.o)
                0x08009e94                __errno
 *(.rodata*)
 .rodata        0x08009ea0       0xae tb_motor.o
 *fill*         0x08009f4e        0x2 
 .rodata        0x08009f50       0x7c startup.o
 .rodata        0x08009fcc       0x80 C:\Users\keybo\Documents\gcc-arm-none-eabi-10.3-2021.10\lib\gcc\arm-none-eabi\10.3.1\thumb\v6-m\nofp\libgcc.a(divsf3.o)
 .rodata        0x0800a04c       0x40 C:\Users\keybo\Documents\gcc-arm-none-eabi-10.3-2021.10\lib\gcc\arm-none-eabi\10.3.1\thumb\v6-m\nofp\libgcc.a(mulsf3.o)
 .rodata        0x0800a08c       0x40 C:\Users\keybo\Documents\gcc-arm-none-eabi-10.3-2021.10\lib\gcc\arm-none-eabi\10.3.1\thumb\v6-m\nofp\libgcc.a(divdf3.o)
 .rodata        0x0800a0cc       0x40 C:\Users\keybo\Documents\gcc-arm-none-eabi-10.3-2021.10\lib\gcc\arm-none-eabi\10.3.1\thumb\v6-m\nofp\libgcc.a(muldf3.o)
 .rodata._printf_float.str1.1
                0x0800a10c       0x12 C:\Users\keybo\Documents\gcc-arm-none-eabi-10.3-2021.10\arm-none-eabi\lib\thumb\v6-m\nofp\libc_nano.a(lib_a-nano-vfprintf_float.o)
 .rodata._printf_i.str1.1
                0x0800a11e       0x22 C:\Users\keybo\Documents\gcc-arm-none-eabi-10.3-2021.10\arm-none-eabi\lib\thumb\v6-m\nofp\libc_nano.a(lib_a-nano-vfprintf_i.o)
 .rodata._dtoa_r.str1.1
                0x0800a140       0xb3 C:\Users\keybo\Documents\gcc-arm-none-eabi-10.3-2021.10\arm-none-eabi\lib\thumb\v6-m\nofp\libc_nano.a(lib_a-dtoa.o)
                                 0xb5 (size before relaxing)
 *fill*         0x0800a1f3        0x1 
 .rodata.__sf_fake_stderr
                0x0800a1f4       0x20 C:\Users\keybo\Documents\gcc-arm-none-eabi-10.3-2021.10\arm-none-eabi\lib\thumb\v6-m\nofp\libc_nano.a(lib_a-findfp.o)
                0x0800a1f4                __sf_fake_stderr
 .rodata.__sf_fake_stdin
                0x0800a214       0x20 C:\Users\keybo\Documents\gcc-arm-none-eabi-10.3-2021.10\arm-none-eabi\lib\thumb\v6-m\nofp\libc_nano.a(lib_a-findfp.o)
                0x0800a214                __sf_fake_stdin
 .rodata.__sf_fake_stdout
                0x0800a234       0x20 C:\Users\keybo\Documents\gcc-arm-none-eabi-10.3-2021.10\arm-none-eabi\lib\thumb\v6-m\nofp\libc_nano.a(lib_a-findfp.o)
                0x0800a234                __sf_fake_stdout
 .rodata._global_impure_ptr
                0x0800a254        0x4 C:\Users\keybo\Documents\gcc-arm-none-eabi-10.3-2021.10\arm-none-eabi\lib\thumb\v6-m\nofp\libc_nano.a(lib_a-impure.o)
                0x0800a254                _global_impure_ptr
 .rodata._Balloc.str1.1
                0x0800a258       0x7f C:\Users\keybo\Documents\gcc-arm-none-eabi-10.3-2021.10\arm-none-eabi\lib\thumb\v6-m\nofp\libc_nano.a(lib_a-mprec.o)
                                 0x96 (size before relaxing)
 .rodata.__multadd.str1.1
                0x0800a2d7       0x11 C:\Users\keybo\Documents\gcc-arm-none-eabi-10.3-2021.10\arm-none-eabi\lib\thumb\v6-m\nofp\libc_nano.a(lib_a-mprec.o)
 *fill*         0x0800a2d7        0x1 
 .rodata.__mprec_bigtens
                0x0800a2d8       0x28 C:\Users\keybo\Documents\gcc-arm-none-eabi-10.3-2021.10\arm-none-eabi\lib\thumb\v6-m\nofp\libc_nano.a(lib_a-mprec.o)
                0x0800a2d8                __mprec_bigtens
 .rodata.__mprec_tens
                0x0800a300       0xc8 C:\Users\keybo\Documents\gcc-arm-none-eabi-10.3-2021.10\arm-none-eabi\lib\thumb\v6-m\nofp\libc_nano.a(lib_a-mprec.o)
                0x0800a300                __mprec_tens
 .rodata.__mprec_tinytens
                0x0800a3c8       0x28 C:\Users\keybo\Documents\gcc-arm-none-eabi-10.3-2021.10\arm-none-eabi\lib\thumb\v6-m\nofp\libc_nano.a(lib_a-mprec.o)
                0x0800a3c8                __mprec_tinytens
 .rodata.p05.0  0x0800a3f0        0xc C:\Users\keybo\Documents\gcc-arm-none-eabi-10.3-2021.10\arm-none-eabi\lib\thumb\v6-m\nofp\libc_nano.a(lib_a-mprec.o)
 .rodata._vfprintf_r.str1.1
                0x0800a3fc       0x11 C:\Users\keybo\Documents\gcc-arm-none-eabi-10.3-2021.10\arm-none-eabi\lib\thumb\v6-m\nofp\libc_nano.a(lib_a-nano-vfprintf.o)
 .rodata.__assert_func.str1.1
                0x0800a40d       0x3c C:\Users\keybo\Documents\gcc-arm-none-eabi-10.3-2021.10\arm-none-eabi\lib\thumb\v6-m\nofp\libc_nano.a(lib_a-assert.o)
                                 0x3d (size before relaxing)
 .rodata._setlocale_r.str1.1
                0x0800a449        0x8 C:\Users\keybo\Documents\gcc-arm-none-eabi-10.3-2021.10\arm-none-eabi\lib\thumb\v6-m\nofp\libc_nano.a(lib_a-locale.o)
                                  0x9 (size before relaxing)
 .rodata.str1.1
                0x0800a451        0x2 C:\Users\keybo\Documents\gcc-arm-none-eabi-10.3-2021.10\arm-none-eabi\lib\thumb\v6-m\nofp\libc_nano.a(lib_a-locale.o)
 .rodata._ctype_
                0x0800a453      0x101 C:\Users\keybo\Documents\gcc-arm-none-eabi-10.3-2021.10\arm-none-eabi\lib\thumb\v6-m\nofp\libc_nano.a(lib_a-ctype_.o)
                0x0800a453                _ctype_
 .rodata.npio2_hw
                0x0800a554       0x80 C:\Users\keybo\Documents\gcc-arm-none-eabi-10.3-2021.10\arm-none-eabi\lib\thumb\v6-m\nofp\libm.a(lib_a-e_rem_pio2.o)
 .rodata.two_over_pi
                0x0800a5d4      0x108 C:\Users\keybo\Documents\gcc-arm-none-eabi-10.3-2021.10\arm-none-eabi\lib\thumb\v6-m\nofp\libm.a(lib_a-e_rem_pio2.o)
 .rodata.CSWTCH.8
                0x0800a6dc        0xc C:\Users\keybo\Documents\gcc-arm-none-eabi-10.3-2021.10\arm-none-eabi\lib\thumb\v6-m\nofp\libm.a(lib_a-ef_atan2.o)
 .rodata.CSWTCH.9
                0x0800a6e8        0xc C:\Users\keybo\Documents\gcc-arm-none-eabi-10.3-2021.10\arm-none-eabi\lib\thumb\v6-m\nofp\libm.a(lib_a-ef_atan2.o)
 *fill*         0x0800a6f4        0x4 
 .rodata.PIo2   0x0800a6f8       0x40 C:\Users\keybo\Documents\gcc-arm-none-eabi-10.3-2021.10\arm-none-eabi\lib\thumb\v6-m\nofp\libm.a(lib_a-k_rem_pio2.o)
 .rodata.init_jk
                0x0800a738       0x10 C:\Users\keybo\Documents\gcc-arm-none-eabi-10.3-2021.10\arm-none-eabi\lib\thumb\v6-m\nofp\libm.a(lib_a-k_rem_pio2.o)
 .rodata.atanhi
                0x0800a748       0x10 C:\Users\keybo\Documents\gcc-arm-none-eabi-10.3-2021.10\arm-none-eabi\lib\thumb\v6-m\nofp\libm.a(lib_a-sf_atan.o)
 .rodata.atanlo
                0x0800a758       0x10 C:\Users\keybo\Documents\gcc-arm-none-eabi-10.3-2021.10\arm-none-eabi\lib\thumb\v6-m\nofp\libm.a(lib_a-sf_atan.o)
                0x0800a768                . = ALIGN (0x4)
                0x0800a768                PROVIDE (__init_array_start = .)
 *(SORT_BY_NAME(.init_array.*))
 *(.init_array)
                0x0800a768                PROVIDE (__init_array_end = .)
                0x0800a768                . = ALIGN (0x4)
                0x0800a768                _etext = .

.glue_7         0x0800a768        0x0
 .glue_7        0x0800a768        0x0 linker stubs

.glue_7t        0x0800a768        0x0
 .glue_7t       0x0800a768        0x0 linker stubs

.vfp11_veneer   0x0800a768        0x0
 .vfp11_veneer  0x0800a768        0x0 linker stubs

.v4_bx          0x0800a768        0x0
 .v4_bx         0x0800a768        0x0 linker stubs

.iplt           0x0800a768        0x0
 .iplt          0x0800a768        0x0 tb_motor.o

.rel.dyn        0x0800a768        0x0
 .rel.iplt      0x0800a768        0x0 tb_motor.o

.data           0x20000000      0x1d8 load address 0x0800a768
                0x20000000                . = ALIGN (0x4)
                0x20000000                _data = .
 *(.data*)
 .data          0x20000000        0x2 tb_motor.o
                0x20000000                pwm1
                0x20000001                pwm2
 .data          0x20000002        0x0 startup.o
 .data          0x20000002        0x0 serial.o
 *fill*         0x20000002        0x2 
 .data          0x20000004        0x4 newlib_stubs.o
                0x20000004                environ
 .data          0x20000008        0x0 C:\Users\keybo\Documents\gcc-arm-none-eabi-10.3-2021.10\arm-none-eabi\lib\thumb\v6-m\nofp\libnosys.a(errno.o)
 .data          0x20000008        0x0 C:\Users\keybo\Documents\gcc-arm-none-eabi-10.3-2021.10\lib\gcc\arm-none-eabi\10.3.1\thumb\v6-m\nofp\libgcc.a(_divsi3.o)
 .data          0x20000008        0x0 C:\Users\keybo\Documents\gcc-arm-none-eabi-10.3-2021.10\lib\gcc\arm-none-eabi\10.3.1\thumb\v6-m\nofp\libgcc.a(_dvmd_tls.o)
 .data          0x20000008        0x0 C:\Users\keybo\Documents\gcc-arm-none-eabi-10.3-2021.10\lib\gcc\arm-none-eabi\10.3.1\thumb\v6-m\nofp\libgcc.a(_arm_cmpdf2.o)
 .data          0x20000008        0x0 C:\Users\keybo\Documents\gcc-arm-none-eabi-10.3-2021.10\lib\gcc\arm-none-eabi\10.3.1\thumb\v6-m\nofp\libgcc.a(_arm_cmpsf2.o)
 .data          0x20000008        0x0 C:\Users\keybo\Documents\gcc-arm-none-eabi-10.3-2021.10\lib\gcc\arm-none-eabi\10.3.1\thumb\v6-m\nofp\libgcc.a(_fixunssfsi.o)
 .data          0x20000008        0x0 C:\Users\keybo\Documents\gcc-arm-none-eabi-10.3-2021.10\lib\gcc\arm-none-eabi\10.3.1\thumb\v6-m\nofp\libgcc.a(addsf3.o)
 .data          0x20000008        0x0 C:\Users\keybo\Documents\gcc-arm-none-eabi-10.3-2021.10\lib\gcc\arm-none-eabi\10.3.1\thumb\v6-m\nofp\libgcc.a(divsf3.o)
 .data          0x20000008        0x0 C:\Users\keybo\Documents\gcc-arm-none-eabi-10.3-2021.10\lib\gcc\arm-none-eabi\10.3.1\thumb\v6-m\nofp\libgcc.a(eqsf2.o)
 .data          0x20000008        0x0 C:\Users\keybo\Documents\gcc-arm-none-eabi-10.3-2021.10\lib\gcc\arm-none-eabi\10.3.1\thumb\v6-m\nofp\libgcc.a(gesf2.o)
 .data          0x20000008        0x0 C:\Users\keybo\Documents\gcc-arm-none-eabi-10.3-2021.10\lib\gcc\arm-none-eabi\10.3.1\thumb\v6-m\nofp\libgcc.a(lesf2.o)
 .data          0x20000008        0x0 C:\Users\keybo\Documents\gcc-arm-none-eabi-10.3-2021.10\lib\gcc\arm-none-eabi\10.3.1\thumb\v6-m\nofp\libgcc.a(mulsf3.o)
 .data          0x20000008        0x0 C:\Users\keybo\Documents\gcc-arm-none-eabi-10.3-2021.10\lib\gcc\arm-none-eabi\10.3.1\thumb\v6-m\nofp\libgcc.a(subsf3.o)
 .data          0x20000008        0x0 C:\Users\keybo\Documents\gcc-arm-none-eabi-10.3-2021.10\lib\gcc\arm-none-eabi\10.3.1\thumb\v6-m\nofp\libgcc.a(fixsfsi.o)
 .data          0x20000008        0x0 C:\Users\keybo\Documents\gcc-arm-none-eabi-10.3-2021.10\lib\gcc\arm-none-eabi\10.3.1\thumb\v6-m\nofp\libgcc.a(adddf3.o)
 .data          0x20000008        0x0 C:\Users\keybo\Documents\gcc-arm-none-eabi-10.3-2021.10\lib\gcc\arm-none-eabi\10.3.1\thumb\v6-m\nofp\libgcc.a(divdf3.o)
 .data          0x20000008        0x0 C:\Users\keybo\Documents\gcc-arm-none-eabi-10.3-2021.10\lib\gcc\arm-none-eabi\10.3.1\thumb\v6-m\nofp\libgcc.a(eqdf2.o)
 .data          0x20000008        0x0 C:\Users\keybo\Documents\gcc-arm-none-eabi-10.3-2021.10\lib\gcc\arm-none-eabi\10.3.1\thumb\v6-m\nofp\libgcc.a(gedf2.o)
 .data          0x20000008        0x0 C:\Users\keybo\Documents\gcc-arm-none-eabi-10.3-2021.10\lib\gcc\arm-none-eabi\10.3.1\thumb\v6-m\nofp\libgcc.a(ledf2.o)
 .data          0x20000008        0x0 C:\Users\keybo\Documents\gcc-arm-none-eabi-10.3-2021.10\lib\gcc\arm-none-eabi\10.3.1\thumb\v6-m\nofp\libgcc.a(muldf3.o)
 .data          0x20000008        0x0 C:\Users\keybo\Documents\gcc-arm-none-eabi-10.3-2021.10\lib\gcc\arm-none-eabi\10.3.1\thumb\v6-m\nofp\libgcc.a(extendsfdf2.o)
 .data          0x20000008        0x0 C:\Users\keybo\Documents\gcc-arm-none-eabi-10.3-2021.10\lib\gcc\arm-none-eabi\10.3.1\thumb\v6-m\nofp\libgcc.a(truncdfsf2.o)
 .data          0x20000008        0x0 C:\Users\keybo\Documents\gcc-arm-none-eabi-10.3-2021.10\lib\gcc\arm-none-eabi\10.3.1\thumb\v6-m\nofp\libgcc.a(_udivsi3.o)
 .data          0x20000008        0x0 C:\Users\keybo\Documents\gcc-arm-none-eabi-10.3-2021.10\lib\gcc\arm-none-eabi\10.3.1\thumb\v6-m\nofp\libgcc.a(_clzsi2.o)
 .data          0x20000008        0x0 C:\Users\keybo\Documents\gcc-arm-none-eabi-10.3-2021.10\arm-none-eabi\lib\thumb\v6-m\nofp\libc_nano.a(lib_a-nano-vfprintf_float.o)
 .data          0x20000008        0x0 C:\Users\keybo\Documents\gcc-arm-none-eabi-10.3-2021.10\arm-none-eabi\lib\thumb\v6-m\nofp\libc_nano.a(lib_a-nano-vfprintf_i.o)
 .data          0x20000008        0x0 C:\Users\keybo\Documents\gcc-arm-none-eabi-10.3-2021.10\arm-none-eabi\lib\thumb\v6-m\nofp\libc_nano.a(lib_a-printf.o)
 .data          0x20000008        0x0 C:\Users\keybo\Documents\gcc-arm-none-eabi-10.3-2021.10\arm-none-eabi\lib\thumb\v6-m\nofp\libc_nano.a(lib_a-puts.o)
 .data          0x20000008        0x0 C:\Users\keybo\Documents\gcc-arm-none-eabi-10.3-2021.10\arm-none-eabi\lib\thumb\v6-m\nofp\libc_nano.a(lib_a-strlen.o)
 .data          0x20000008        0x0 C:\Users\keybo\Documents\gcc-arm-none-eabi-10.3-2021.10\arm-none-eabi\lib\thumb\v6-m\nofp\libc_nano.a(lib_a-wbuf.o)
 .data          0x20000008        0x0 C:\Users\keybo\Documents\gcc-arm-none-eabi-10.3-2021.10\arm-none-eabi\lib\thumb\v6-m\nofp\libc_nano.a(lib_a-wsetup.o)
 .data          0x20000008        0x0 C:\Users\keybo\Documents\gcc-arm-none-eabi-10.3-2021.10\arm-none-eabi\lib\thumb\v6-m\nofp\libc_nano.a(lib_a-dtoa.o)
 .data          0x20000008        0x0 C:\Users\keybo\Documents\gcc-arm-none-eabi-10.3-2021.10\arm-none-eabi\lib\thumb\v6-m\nofp\libc_nano.a(lib_a-fflush.o)
 .data          0x20000008        0x0 C:\Users\keybo\Documents\gcc-arm-none-eabi-10.3-2021.10\arm-none-eabi\lib\thumb\v6-m\nofp\libc_nano.a(lib_a-findfp.o)
 .data          0x20000008        0x0 C:\Users\keybo\Documents\gcc-arm-none-eabi-10.3-2021.10\arm-none-eabi\lib\thumb\v6-m\nofp\libc_nano.a(lib_a-fwalk.o)
 .data          0x20000008        0x0 C:\Users\keybo\Documents\gcc-arm-none-eabi-10.3-2021.10\arm-none-eabi\lib\thumb\v6-m\nofp\libc_nano.a(lib_a-impure.o)
 .data._impure_ptr
                0x20000008        0x4 C:\Users\keybo\Documents\gcc-arm-none-eabi-10.3-2021.10\arm-none-eabi\lib\thumb\v6-m\nofp\libc_nano.a(lib_a-impure.o)
                0x20000008                _impure_ptr
 .data.impure_data
                0x2000000c       0x60 C:\Users\keybo\Documents\gcc-arm-none-eabi-10.3-2021.10\arm-none-eabi\lib\thumb\v6-m\nofp\libc_nano.a(lib_a-impure.o)
 .data          0x2000006c        0x0 C:\Users\keybo\Documents\gcc-arm-none-eabi-10.3-2021.10\arm-none-eabi\lib\thumb\v6-m\nofp\libc_nano.a(lib_a-localeconv.o)
 .data          0x2000006c        0x0 C:\Users\keybo\Documents\gcc-arm-none-eabi-10.3-2021.10\arm-none-eabi\lib\thumb\v6-m\nofp\libc_nano.a(lib_a-lock.o)
 .data          0x2000006c        0x0 C:\Users\keybo\Documents\gcc-arm-none-eabi-10.3-2021.10\arm-none-eabi\lib\thumb\v6-m\nofp\libc_nano.a(lib_a-makebuf.o)
 .data          0x2000006c        0x0 C:\Users\keybo\Documents\gcc-arm-none-eabi-10.3-2021.10\arm-none-eabi\lib\thumb\v6-m\nofp\libc_nano.a(lib_a-malloc.o)
 .data          0x2000006c        0x0 C:\Users\keybo\Documents\gcc-arm-none-eabi-10.3-2021.10\arm-none-eabi\lib\thumb\v6-m\nofp\libc_nano.a(lib_a-memchr-stub.o)
 .data          0x2000006c        0x0 C:\Users\keybo\Documents\gcc-arm-none-eabi-10.3-2021.10\arm-none-eabi\lib\thumb\v6-m\nofp\libc_nano.a(lib_a-memcpy-stub.o)
 .data          0x2000006c        0x0 C:\Users\keybo\Documents\gcc-arm-none-eabi-10.3-2021.10\arm-none-eabi\lib\thumb\v6-m\nofp\libc_nano.a(lib_a-memset.o)
 .data          0x2000006c        0x0 C:\Users\keybo\Documents\gcc-arm-none-eabi-10.3-2021.10\arm-none-eabi\lib\thumb\v6-m\nofp\libc_nano.a(lib_a-mprec.o)
 .data          0x2000006c        0x0 C:\Users\keybo\Documents\gcc-arm-none-eabi-10.3-2021.10\arm-none-eabi\lib\thumb\v6-m\nofp\libc_nano.a(lib_a-nano-callocr.o)
 .data          0x2000006c        0x0 C:\Users\keybo\Documents\gcc-arm-none-eabi-10.3-2021.10\arm-none-eabi\lib\thumb\v6-m\nofp\libc_nano.a(lib_a-nano-freer.o)
 .data          0x2000006c        0x0 C:\Users\keybo\Documents\gcc-arm-none-eabi-10.3-2021.10\arm-none-eabi\lib\thumb\v6-m\nofp\libc_nano.a(lib_a-nano-mallocr.o)
 .data          0x2000006c        0x0 C:\Users\keybo\Documents\gcc-arm-none-eabi-10.3-2021.10\arm-none-eabi\lib\thumb\v6-m\nofp\libc_nano.a(lib_a-nano-vfprintf.o)
 .data          0x2000006c        0x0 C:\Users\keybo\Documents\gcc-arm-none-eabi-10.3-2021.10\arm-none-eabi\lib\thumb\v6-m\nofp\libc_nano.a(lib_a-sbrkr.o)
 .data          0x2000006c        0x0 C:\Users\keybo\Documents\gcc-arm-none-eabi-10.3-2021.10\arm-none-eabi\lib\thumb\v6-m\nofp\libc_nano.a(lib_a-stdio.o)
 .data          0x2000006c        0x0 C:\Users\keybo\Documents\gcc-arm-none-eabi-10.3-2021.10\arm-none-eabi\lib\thumb\v6-m\nofp\libc_nano.a(lib_a-writer.o)
 .data          0x2000006c        0x0 C:\Users\keybo\Documents\gcc-arm-none-eabi-10.3-2021.10\arm-none-eabi\lib\thumb\v6-m\nofp\libc_nano.a(lib_a-assert.o)
 .data          0x2000006c        0x0 C:\Users\keybo\Documents\gcc-arm-none-eabi-10.3-2021.10\arm-none-eabi\lib\thumb\v6-m\nofp\libc_nano.a(lib_a-closer.o)
 .data          0x2000006c        0x0 C:\Users\keybo\Documents\gcc-arm-none-eabi-10.3-2021.10\arm-none-eabi\lib\thumb\v6-m\nofp\libc_nano.a(lib_a-fprintf.o)
 .data          0x2000006c        0x0 C:\Users\keybo\Documents\gcc-arm-none-eabi-10.3-2021.10\arm-none-eabi\lib\thumb\v6-m\nofp\libc_nano.a(lib_a-fstatr.o)
 .data          0x2000006c        0x0 C:\Users\keybo\Documents\gcc-arm-none-eabi-10.3-2021.10\arm-none-eabi\lib\thumb\v6-m\nofp\libc_nano.a(lib_a-fvwrite.o)
 .data          0x2000006c        0x0 C:\Users\keybo\Documents\gcc-arm-none-eabi-10.3-2021.10\arm-none-eabi\lib\thumb\v6-m\nofp\libc_nano.a(lib_a-isattyr.o)
 .data          0x2000006c        0x0 C:\Users\keybo\Documents\gcc-arm-none-eabi-10.3-2021.10\arm-none-eabi\lib\thumb\v6-m\nofp\libc_nano.a(lib_a-locale.o)
 .data.__global_locale
                0x2000006c      0x16c C:\Users\keybo\Documents\gcc-arm-none-eabi-10.3-2021.10\arm-none-eabi\lib\thumb\v6-m\nofp\libc_nano.a(lib_a-locale.o)
                0x2000006c                __global_locale
 .data          0x200001d8        0x0 C:\Users\keybo\Documents\gcc-arm-none-eabi-10.3-2021.10\arm-none-eabi\lib\thumb\v6-m\nofp\libc_nano.a(lib_a-lseekr.o)
 .data          0x200001d8        0x0 C:\Users\keybo\Documents\gcc-arm-none-eabi-10.3-2021.10\arm-none-eabi\lib\thumb\v6-m\nofp\libc_nano.a(lib_a-mbtowc_r.o)
 .data          0x200001d8        0x0 C:\Users\keybo\Documents\gcc-arm-none-eabi-10.3-2021.10\arm-none-eabi\lib\thumb\v6-m\nofp\libc_nano.a(lib_a-memmove.o)
 .data          0x200001d8        0x0 C:\Users\keybo\Documents\gcc-arm-none-eabi-10.3-2021.10\arm-none-eabi\lib\thumb\v6-m\nofp\libc_nano.a(lib_a-mlock.o)
 .data          0x200001d8        0x0 C:\Users\keybo\Documents\gcc-arm-none-eabi-10.3-2021.10\arm-none-eabi\lib\thumb\v6-m\nofp\libc_nano.a(lib_a-nano-reallocr.o)
 .data          0x200001d8        0x0 C:\Users\keybo\Documents\gcc-arm-none-eabi-10.3-2021.10\arm-none-eabi\lib\thumb\v6-m\nofp\libc_nano.a(lib_a-readr.o)
 .data          0x200001d8        0x0 C:\Users\keybo\Documents\gcc-arm-none-eabi-10.3-2021.10\arm-none-eabi\lib\thumb\v6-m\nofp\libc_nano.a(lib_a-strcmp.o)
 .data          0x200001d8        0x0 C:\Users\keybo\Documents\gcc-arm-none-eabi-10.3-2021.10\arm-none-eabi\lib\thumb\v6-m\nofp\libc_nano.a(lib_a-wctomb_r.o)
 .data          0x200001d8        0x0 C:\Users\keybo\Documents\gcc-arm-none-eabi-10.3-2021.10\arm-none-eabi\lib\thumb\v6-m\nofp\libc_nano.a(lib_a-abort.o)
 .data          0x200001d8        0x0 C:\Users\keybo\Documents\gcc-arm-none-eabi-10.3-2021.10\arm-none-eabi\lib\thumb\v6-m\nofp\libc_nano.a(lib_a-ctype_.o)
 .data          0x200001d8        0x0 C:\Users\keybo\Documents\gcc-arm-none-eabi-10.3-2021.10\arm-none-eabi\lib\thumb\v6-m\nofp\libc_nano.a(lib_a-nano-msizer.o)
 .data          0x200001d8        0x0 C:\Users\keybo\Documents\gcc-arm-none-eabi-10.3-2021.10\arm-none-eabi\lib\thumb\v6-m\nofp\libc_nano.a(lib_a-signal.o)
 .data          0x200001d8        0x0 C:\Users\keybo\Documents\gcc-arm-none-eabi-10.3-2021.10\arm-none-eabi\lib\thumb\v6-m\nofp\libc_nano.a(lib_a-signalr.o)
 .data          0x200001d8        0x0 C:\Users\keybo\Documents\gcc-arm-none-eabi-10.3-2021.10\arm-none-eabi\lib\thumb\v6-m\nofp\libm.a(lib_a-s_cos.o)
 .data          0x200001d8        0x0 C:\Users\keybo\Documents\gcc-arm-none-eabi-10.3-2021.10\arm-none-eabi\lib\thumb\v6-m\nofp\libm.a(lib_a-w_pow.o)
 .data          0x200001d8        0x0 C:\Users\keybo\Documents\gcc-arm-none-eabi-10.3-2021.10\arm-none-eabi\lib\thumb\v6-m\nofp\libm.a(lib_a-w_sqrt.o)
 .data          0x200001d8        0x0 C:\Users\keybo\Documents\gcc-arm-none-eabi-10.3-2021.10\arm-none-eabi\lib\thumb\v6-m\nofp\libm.a(lib_a-wf_atan2.o)
 .data          0x200001d8        0x0 C:\Users\keybo\Documents\gcc-arm-none-eabi-10.3-2021.10\arm-none-eabi\lib\thumb\v6-m\nofp\libm.a(lib_a-e_pow.o)
 .data          0x200001d8        0x0 C:\Users\keybo\Documents\gcc-arm-none-eabi-10.3-2021.10\arm-none-eabi\lib\thumb\v6-m\nofp\libm.a(lib_a-e_rem_pio2.o)
 .data          0x200001d8        0x0 C:\Users\keybo\Documents\gcc-arm-none-eabi-10.3-2021.10\arm-none-eabi\lib\thumb\v6-m\nofp\libm.a(lib_a-e_sqrt.o)
 .data          0x200001d8        0x0 C:\Users\keybo\Documents\gcc-arm-none-eabi-10.3-2021.10\arm-none-eabi\lib\thumb\v6-m\nofp\libm.a(lib_a-ef_atan2.o)
 .data          0x200001d8        0x0 C:\Users\keybo\Documents\gcc-arm-none-eabi-10.3-2021.10\arm-none-eabi\lib\thumb\v6-m\nofp\libm.a(lib_a-k_cos.o)
 .data          0x200001d8        0x0 C:\Users\keybo\Documents\gcc-arm-none-eabi-10.3-2021.10\arm-none-eabi\lib\thumb\v6-m\nofp\libm.a(lib_a-k_rem_pio2.o)
 .data          0x200001d8        0x0 C:\Users\keybo\Documents\gcc-arm-none-eabi-10.3-2021.10\arm-none-eabi\lib\thumb\v6-m\nofp\libm.a(lib_a-k_sin.o)
 .data          0x200001d8        0x0 C:\Users\keybo\Documents\gcc-arm-none-eabi-10.3-2021.10\arm-none-eabi\lib\thumb\v6-m\nofp\libm.a(lib_a-math_err.o)
 .data          0x200001d8        0x0 C:\Users\keybo\Documents\gcc-arm-none-eabi-10.3-2021.10\arm-none-eabi\lib\thumb\v6-m\nofp\libm.a(lib_a-s_fabs.o)
 .data          0x200001d8        0x0 C:\Users\keybo\Documents\gcc-arm-none-eabi-10.3-2021.10\arm-none-eabi\lib\thumb\v6-m\nofp\libm.a(lib_a-s_finite.o)
 .data          0x200001d8        0x0 C:\Users\keybo\Documents\gcc-arm-none-eabi-10.3-2021.10\arm-none-eabi\lib\thumb\v6-m\nofp\libm.a(lib_a-s_floor.o)
 .data          0x200001d8        0x0 C:\Users\keybo\Documents\gcc-arm-none-eabi-10.3-2021.10\arm-none-eabi\lib\thumb\v6-m\nofp\libm.a(lib_a-s_scalbn.o)
 .data          0x200001d8        0x0 C:\Users\keybo\Documents\gcc-arm-none-eabi-10.3-2021.10\arm-none-eabi\lib\thumb\v6-m\nofp\libm.a(lib_a-sf_atan.o)
 .data          0x200001d8        0x0 C:\Users\keybo\Documents\gcc-arm-none-eabi-10.3-2021.10\arm-none-eabi\lib\thumb\v6-m\nofp\libm.a(lib_a-sf_fabs.o)
 .data          0x200001d8        0x0 C:\Users\keybo\Documents\gcc-arm-none-eabi-10.3-2021.10\lib\gcc\arm-none-eabi\10.3.1\thumb\v6-m\nofp\libgcc.a(_thumb1_case_uqi.o)
 .data          0x200001d8        0x0 C:\Users\keybo\Documents\gcc-arm-none-eabi-10.3-2021.10\lib\gcc\arm-none-eabi\10.3.1\thumb\v6-m\nofp\libgcc.a(_thumb1_case_shi.o)
 .data          0x200001d8        0x0 C:\Users\keybo\Documents\gcc-arm-none-eabi-10.3-2021.10\lib\gcc\arm-none-eabi\10.3.1\thumb\v6-m\nofp\libgcc.a(subdf3.o)
 .data          0x200001d8        0x0 C:\Users\keybo\Documents\gcc-arm-none-eabi-10.3-2021.10\lib\gcc\arm-none-eabi\10.3.1\thumb\v6-m\nofp\libgcc.a(unorddf2.o)
 .data          0x200001d8        0x0 C:\Users\keybo\Documents\gcc-arm-none-eabi-10.3-2021.10\lib\gcc\arm-none-eabi\10.3.1\thumb\v6-m\nofp\libgcc.a(fixdfsi.o)
 .data          0x200001d8        0x0 C:\Users\keybo\Documents\gcc-arm-none-eabi-10.3-2021.10\lib\gcc\arm-none-eabi\10.3.1\thumb\v6-m\nofp\libgcc.a(floatsidf.o)
 .data          0x200001d8        0x0 C:\Users\keybo\Documents\gcc-arm-none-eabi-10.3-2021.10\lib\gcc\arm-none-eabi\10.3.1\thumb\v6-m\nofp\libgcc.a(floatunsidf.o)
 .data          0x200001d8        0x0 C:\Users\keybo\Documents\gcc-arm-none-eabi-10.3-2021.10\arm-none-eabi\lib\thumb\v6-m\nofp\libc_nano.a(lib_a-errno.o)
                0x200001d8                . = ALIGN (0x4)
                0x200001d8                _edata = .

.igot.plt       0x200001d8        0x0 load address 0x0800a940
 .igot.plt      0x200001d8        0x0 tb_motor.o

.bss            0x200001d8       0xcc load address 0x0800a940
                0x200001d8                _bss = .
 *(.bss*)
 .bss           0x200001d8        0x4 tb_motor.o
                0x200001d8                PWM_Counter
 .bss           0x200001dc        0x0 startup.o
 .bss           0x200001dc       0xa4 serial.o
                0x200001dc                ComRXBuffer
                0x20000228                ComTXBuffer
                0x20000274                ComOpen
                0x20000278                ComError
                0x2000027c                ComBusy
 .bss           0x20000280        0x8 newlib_stubs.o
                0x20000280                __env
 .bss           0x20000288        0x0 C:\Users\keybo\Documents\gcc-arm-none-eabi-10.3-2021.10\arm-none-eabi\lib\thumb\v6-m\nofp\libnosys.a(errno.o)
 .bss.errno     0x20000288        0x4 C:\Users\keybo\Documents\gcc-arm-none-eabi-10.3-2021.10\arm-none-eabi\lib\thumb\v6-m\nofp\libnosys.a(errno.o)
                0x20000288                errno
 .bss           0x2000028c        0x0 C:\Users\keybo\Documents\gcc-arm-none-eabi-10.3-2021.10\lib\gcc\arm-none-eabi\10.3.1\thumb\v6-m\nofp\libgcc.a(_divsi3.o)
 .bss           0x2000028c        0x0 C:\Users\keybo\Documents\gcc-arm-none-eabi-10.3-2021.10\lib\gcc\arm-none-eabi\10.3.1\thumb\v6-m\nofp\libgcc.a(_dvmd_tls.o)
 .bss           0x2000028c        0x0 C:\Users\keybo\Documents\gcc-arm-none-eabi-10.3-2021.10\lib\gcc\arm-none-eabi\10.3.1\thumb\v6-m\nofp\libgcc.a(_arm_cmpdf2.o)
 .bss           0x2000028c        0x0 C:\Users\keybo\Documents\gcc-arm-none-eabi-10.3-2021.10\lib\gcc\arm-none-eabi\10.3.1\thumb\v6-m\nofp\libgcc.a(_arm_cmpsf2.o)
 .bss           0x2000028c        0x0 C:\Users\keybo\Documents\gcc-arm-none-eabi-10.3-2021.10\lib\gcc\arm-none-eabi\10.3.1\thumb\v6-m\nofp\libgcc.a(_fixunssfsi.o)
 .bss           0x2000028c        0x0 C:\Users\keybo\Documents\gcc-arm-none-eabi-10.3-2021.10\lib\gcc\arm-none-eabi\10.3.1\thumb\v6-m\nofp\libgcc.a(addsf3.o)
 .bss           0x2000028c        0x0 C:\Users\keybo\Documents\gcc-arm-none-eabi-10.3-2021.10\lib\gcc\arm-none-eabi\10.3.1\thumb\v6-m\nofp\libgcc.a(divsf3.o)
 .bss           0x2000028c        0x0 C:\Users\keybo\Documents\gcc-arm-none-eabi-10.3-2021.10\lib\gcc\arm-none-eabi\10.3.1\thumb\v6-m\nofp\libgcc.a(eqsf2.o)
 .bss           0x2000028c        0x0 C:\Users\keybo\Documents\gcc-arm-none-eabi-10.3-2021.10\lib\gcc\arm-none-eabi\10.3.1\thumb\v6-m\nofp\libgcc.a(gesf2.o)
 .bss           0x2000028c        0x0 C:\Users\keybo\Documents\gcc-arm-none-eabi-10.3-2021.10\lib\gcc\arm-none-eabi\10.3.1\thumb\v6-m\nofp\libgcc.a(lesf2.o)
 .bss           0x2000028c        0x0 C:\Users\keybo\Documents\gcc-arm-none-eabi-10.3-2021.10\lib\gcc\arm-none-eabi\10.3.1\thumb\v6-m\nofp\libgcc.a(mulsf3.o)
 .bss           0x2000028c        0x0 C:\Users\keybo\Documents\gcc-arm-none-eabi-10.3-2021.10\lib\gcc\arm-none-eabi\10.3.1\thumb\v6-m\nofp\libgcc.a(subsf3.o)
 .bss           0x2000028c        0x0 C:\Users\keybo\Documents\gcc-arm-none-eabi-10.3-2021.10\lib\gcc\arm-none-eabi\10.3.1\thumb\v6-m\nofp\libgcc.a(fixsfsi.o)
 .bss           0x2000028c        0x0 C:\Users\keybo\Documents\gcc-arm-none-eabi-10.3-2021.10\lib\gcc\arm-none-eabi\10.3.1\thumb\v6-m\nofp\libgcc.a(adddf3.o)
 .bss           0x2000028c        0x0 C:\Users\keybo\Documents\gcc-arm-none-eabi-10.3-2021.10\lib\gcc\arm-none-eabi\10.3.1\thumb\v6-m\nofp\libgcc.a(divdf3.o)
 .bss           0x2000028c        0x0 C:\Users\keybo\Documents\gcc-arm-none-eabi-10.3-2021.10\lib\gcc\arm-none-eabi\10.3.1\thumb\v6-m\nofp\libgcc.a(eqdf2.o)
 .bss           0x2000028c        0x0 C:\Users\keybo\Documents\gcc-arm-none-eabi-10.3-2021.10\lib\gcc\arm-none-eabi\10.3.1\thumb\v6-m\nofp\libgcc.a(gedf2.o)
 .bss           0x2000028c        0x0 C:\Users\keybo\Documents\gcc-arm-none-eabi-10.3-2021.10\lib\gcc\arm-none-eabi\10.3.1\thumb\v6-m\nofp\libgcc.a(ledf2.o)
 .bss           0x2000028c        0x0 C:\Users\keybo\Documents\gcc-arm-none-eabi-10.3-2021.10\lib\gcc\arm-none-eabi\10.3.1\thumb\v6-m\nofp\libgcc.a(muldf3.o)
 .bss           0x2000028c        0x0 C:\Users\keybo\Documents\gcc-arm-none-eabi-10.3-2021.10\lib\gcc\arm-none-eabi\10.3.1\thumb\v6-m\nofp\libgcc.a(extendsfdf2.o)
 .bss           0x2000028c        0x0 C:\Users\keybo\Documents\gcc-arm-none-eabi-10.3-2021.10\lib\gcc\arm-none-eabi\10.3.1\thumb\v6-m\nofp\libgcc.a(truncdfsf2.o)
 .bss           0x2000028c        0x0 C:\Users\keybo\Documents\gcc-arm-none-eabi-10.3-2021.10\lib\gcc\arm-none-eabi\10.3.1\thumb\v6-m\nofp\libgcc.a(_udivsi3.o)
 .bss           0x2000028c        0x0 C:\Users\keybo\Documents\gcc-arm-none-eabi-10.3-2021.10\lib\gcc\arm-none-eabi\10.3.1\thumb\v6-m\nofp\libgcc.a(_clzsi2.o)
 .bss           0x2000028c        0x0 C:\Users\keybo\Documents\gcc-arm-none-eabi-10.3-2021.10\arm-none-eabi\lib\thumb\v6-m\nofp\libc_nano.a(lib_a-nano-vfprintf_float.o)
 .bss           0x2000028c        0x0 C:\Users\keybo\Documents\gcc-arm-none-eabi-10.3-2021.10\arm-none-eabi\lib\thumb\v6-m\nofp\libc_nano.a(lib_a-nano-vfprintf_i.o)
 .bss           0x2000028c        0x0 C:\Users\keybo\Documents\gcc-arm-none-eabi-10.3-2021.10\arm-none-eabi\lib\thumb\v6-m\nofp\libc_nano.a(lib_a-printf.o)
 .bss           0x2000028c        0x0 C:\Users\keybo\Documents\gcc-arm-none-eabi-10.3-2021.10\arm-none-eabi\lib\thumb\v6-m\nofp\libc_nano.a(lib_a-puts.o)
 .bss           0x2000028c        0x0 C:\Users\keybo\Documents\gcc-arm-none-eabi-10.3-2021.10\arm-none-eabi\lib\thumb\v6-m\nofp\libc_nano.a(lib_a-strlen.o)
 .bss           0x2000028c        0x0 C:\Users\keybo\Documents\gcc-arm-none-eabi-10.3-2021.10\arm-none-eabi\lib\thumb\v6-m\nofp\libc_nano.a(lib_a-wbuf.o)
 .bss           0x2000028c        0x0 C:\Users\keybo\Documents\gcc-arm-none-eabi-10.3-2021.10\arm-none-eabi\lib\thumb\v6-m\nofp\libc_nano.a(lib_a-wsetup.o)
 .bss           0x2000028c        0x0 C:\Users\keybo\Documents\gcc-arm-none-eabi-10.3-2021.10\arm-none-eabi\lib\thumb\v6-m\nofp\libc_nano.a(lib_a-dtoa.o)
 .bss           0x2000028c        0x0 C:\Users\keybo\Documents\gcc-arm-none-eabi-10.3-2021.10\arm-none-eabi\lib\thumb\v6-m\nofp\libc_nano.a(lib_a-fflush.o)
 .bss           0x2000028c        0x0 C:\Users\keybo\Documents\gcc-arm-none-eabi-10.3-2021.10\arm-none-eabi\lib\thumb\v6-m\nofp\libc_nano.a(lib_a-findfp.o)
 .bss           0x2000028c        0x0 C:\Users\keybo\Documents\gcc-arm-none-eabi-10.3-2021.10\arm-none-eabi\lib\thumb\v6-m\nofp\libc_nano.a(lib_a-fwalk.o)
 .bss           0x2000028c        0x0 C:\Users\keybo\Documents\gcc-arm-none-eabi-10.3-2021.10\arm-none-eabi\lib\thumb\v6-m\nofp\libc_nano.a(lib_a-impure.o)
 .bss           0x2000028c        0x0 C:\Users\keybo\Documents\gcc-arm-none-eabi-10.3-2021.10\arm-none-eabi\lib\thumb\v6-m\nofp\libc_nano.a(lib_a-localeconv.o)
 .bss           0x2000028c        0x0 C:\Users\keybo\Documents\gcc-arm-none-eabi-10.3-2021.10\arm-none-eabi\lib\thumb\v6-m\nofp\libc_nano.a(lib_a-lock.o)
 .bss.__lock___arc4random_mutex
                0x2000028c        0x1 C:\Users\keybo\Documents\gcc-arm-none-eabi-10.3-2021.10\arm-none-eabi\lib\thumb\v6-m\nofp\libc_nano.a(lib_a-lock.o)
                0x2000028c                __lock___arc4random_mutex
 .bss.__lock___at_quick_exit_mutex
                0x2000028d        0x1 C:\Users\keybo\Documents\gcc-arm-none-eabi-10.3-2021.10\arm-none-eabi\lib\thumb\v6-m\nofp\libc_nano.a(lib_a-lock.o)
                0x2000028d                __lock___at_quick_exit_mutex
 .bss.__lock___atexit_recursive_mutex
                0x2000028e        0x1 C:\Users\keybo\Documents\gcc-arm-none-eabi-10.3-2021.10\arm-none-eabi\lib\thumb\v6-m\nofp\libc_nano.a(lib_a-lock.o)
                0x2000028e                __lock___atexit_recursive_mutex
 .bss.__lock___dd_hash_mutex
                0x2000028f        0x1 C:\Users\keybo\Documents\gcc-arm-none-eabi-10.3-2021.10\arm-none-eabi\lib\thumb\v6-m\nofp\libc_nano.a(lib_a-lock.o)
                0x2000028f                __lock___dd_hash_mutex
 .bss.__lock___env_recursive_mutex
                0x20000290        0x1 C:\Users\keybo\Documents\gcc-arm-none-eabi-10.3-2021.10\arm-none-eabi\lib\thumb\v6-m\nofp\libc_nano.a(lib_a-lock.o)
                0x20000290                __lock___env_recursive_mutex
 .bss.__lock___malloc_recursive_mutex
                0x20000291        0x1 C:\Users\keybo\Documents\gcc-arm-none-eabi-10.3-2021.10\arm-none-eabi\lib\thumb\v6-m\nofp\libc_nano.a(lib_a-lock.o)
                0x20000291                __lock___malloc_recursive_mutex
 .bss.__lock___sfp_recursive_mutex
                0x20000292        0x1 C:\Users\keybo\Documents\gcc-arm-none-eabi-10.3-2021.10\arm-none-eabi\lib\thumb\v6-m\nofp\libc_nano.a(lib_a-lock.o)
                0x20000292                __lock___sfp_recursive_mutex
 .bss.__lock___sinit_recursive_mutex
                0x20000293        0x1 C:\Users\keybo\Documents\gcc-arm-none-eabi-10.3-2021.10\arm-none-eabi\lib\thumb\v6-m\nofp\libc_nano.a(lib_a-lock.o)
                0x20000293                __lock___sinit_recursive_mutex
 .bss.__lock___tz_mutex
                0x20000294        0x1 C:\Users\keybo\Documents\gcc-arm-none-eabi-10.3-2021.10\arm-none-eabi\lib\thumb\v6-m\nofp\libc_nano.a(lib_a-lock.o)
                0x20000294                __lock___tz_mutex
 .bss           0x20000295        0x0 C:\Users\keybo\Documents\gcc-arm-none-eabi-10.3-2021.10\arm-none-eabi\lib\thumb\v6-m\nofp\libc_nano.a(lib_a-makebuf.o)
 .bss           0x20000295        0x0 C:\Users\keybo\Documents\gcc-arm-none-eabi-10.3-2021.10\arm-none-eabi\lib\thumb\v6-m\nofp\libc_nano.a(lib_a-malloc.o)
 .bss           0x20000295        0x0 C:\Users\keybo\Documents\gcc-arm-none-eabi-10.3-2021.10\arm-none-eabi\lib\thumb\v6-m\nofp\libc_nano.a(lib_a-memchr-stub.o)
 .bss           0x20000295        0x0 C:\Users\keybo\Documents\gcc-arm-none-eabi-10.3-2021.10\arm-none-eabi\lib\thumb\v6-m\nofp\libc_nano.a(lib_a-memcpy-stub.o)
 .bss           0x20000295        0x0 C:\Users\keybo\Documents\gcc-arm-none-eabi-10.3-2021.10\arm-none-eabi\lib\thumb\v6-m\nofp\libc_nano.a(lib_a-memset.o)
 .bss           0x20000295        0x0 C:\Users\keybo\Documents\gcc-arm-none-eabi-10.3-2021.10\arm-none-eabi\lib\thumb\v6-m\nofp\libc_nano.a(lib_a-mprec.o)
 .bss           0x20000295        0x0 C:\Users\keybo\Documents\gcc-arm-none-eabi-10.3-2021.10\arm-none-eabi\lib\thumb\v6-m\nofp\libc_nano.a(lib_a-nano-callocr.o)
 .bss           0x20000295        0x0 C:\Users\keybo\Documents\gcc-arm-none-eabi-10.3-2021.10\arm-none-eabi\lib\thumb\v6-m\nofp\libc_nano.a(lib_a-nano-freer.o)
 .bss           0x20000295        0x0 C:\Users\keybo\Documents\gcc-arm-none-eabi-10.3-2021.10\arm-none-eabi\lib\thumb\v6-m\nofp\libc_nano.a(lib_a-nano-mallocr.o)
 *fill*         0x20000295        0x3 
 .bss.__malloc_free_list
                0x20000298        0x4 C:\Users\keybo\Documents\gcc-arm-none-eabi-10.3-2021.10\arm-none-eabi\lib\thumb\v6-m\nofp\libc_nano.a(lib_a-nano-mallocr.o)
                0x20000298                __malloc_free_list
 .bss.__malloc_sbrk_start
                0x2000029c        0x4 C:\Users\keybo\Documents\gcc-arm-none-eabi-10.3-2021.10\arm-none-eabi\lib\thumb\v6-m\nofp\libc_nano.a(lib_a-nano-mallocr.o)
                0x2000029c                __malloc_sbrk_start
 .bss           0x200002a0        0x0 C:\Users\keybo\Documents\gcc-arm-none-eabi-10.3-2021.10\arm-none-eabi\lib\thumb\v6-m\nofp\libc_nano.a(lib_a-nano-vfprintf.o)
 .bss           0x200002a0        0x0 C:\Users\keybo\Documents\gcc-arm-none-eabi-10.3-2021.10\arm-none-eabi\lib\thumb\v6-m\nofp\libc_nano.a(lib_a-sbrkr.o)
 .bss           0x200002a0        0x0 C:\Users\keybo\Documents\gcc-arm-none-eabi-10.3-2021.10\arm-none-eabi\lib\thumb\v6-m\nofp\libc_nano.a(lib_a-stdio.o)
 .bss           0x200002a0        0x0 C:\Users\keybo\Documents\gcc-arm-none-eabi-10.3-2021.10\arm-none-eabi\lib\thumb\v6-m\nofp\libc_nano.a(lib_a-writer.o)
 .bss           0x200002a0        0x0 C:\Users\keybo\Documents\gcc-arm-none-eabi-10.3-2021.10\arm-none-eabi\lib\thumb\v6-m\nofp\libc_nano.a(lib_a-assert.o)
 .bss           0x200002a0        0x0 C:\Users\keybo\Documents\gcc-arm-none-eabi-10.3-2021.10\arm-none-eabi\lib\thumb\v6-m\nofp\libc_nano.a(lib_a-closer.o)
 .bss           0x200002a0        0x0 C:\Users\keybo\Documents\gcc-arm-none-eabi-10.3-2021.10\arm-none-eabi\lib\thumb\v6-m\nofp\libc_nano.a(lib_a-fprintf.o)
 .bss           0x200002a0        0x0 C:\Users\keybo\Documents\gcc-arm-none-eabi-10.3-2021.10\arm-none-eabi\lib\thumb\v6-m\nofp\libc_nano.a(lib_a-fstatr.o)
 .bss           0x200002a0        0x0 C:\Users\keybo\Documents\gcc-arm-none-eabi-10.3-2021.10\arm-none-eabi\lib\thumb\v6-m\nofp\libc_nano.a(lib_a-fvwrite.o)
 .bss           0x200002a0        0x0 C:\Users\keybo\Documents\gcc-arm-none-eabi-10.3-2021.10\arm-none-eabi\lib\thumb\v6-m\nofp\libc_nano.a(lib_a-isattyr.o)
 .bss           0x200002a0        0x0 C:\Users\keybo\Documents\gcc-arm-none-eabi-10.3-2021.10\arm-none-eabi\lib\thumb\v6-m\nofp\libc_nano.a(lib_a-locale.o)
 .bss._PathLocale
                0x200002a0        0x4 C:\Users\keybo\Documents\gcc-arm-none-eabi-10.3-2021.10\arm-none-eabi\lib\thumb\v6-m\nofp\libc_nano.a(lib_a-locale.o)
                0x200002a0                _PathLocale
 .bss           0x200002a4        0x0 C:\Users\keybo\Documents\gcc-arm-none-eabi-10.3-2021.10\arm-none-eabi\lib\thumb\v6-m\nofp\libc_nano.a(lib_a-lseekr.o)
 .bss           0x200002a4        0x0 C:\Users\keybo\Documents\gcc-arm-none-eabi-10.3-2021.10\arm-none-eabi\lib\thumb\v6-m\nofp\libc_nano.a(lib_a-mbtowc_r.o)
 .bss           0x200002a4        0x0 C:\Users\keybo\Documents\gcc-arm-none-eabi-10.3-2021.10\arm-none-eabi\lib\thumb\v6-m\nofp\libc_nano.a(lib_a-memmove.o)
 .bss           0x200002a4        0x0 C:\Users\keybo\Documents\gcc-arm-none-eabi-10.3-2021.10\arm-none-eabi\lib\thumb\v6-m\nofp\libc_nano.a(lib_a-mlock.o)
 .bss           0x200002a4        0x0 C:\Users\keybo\Documents\gcc-arm-none-eabi-10.3-2021.10\arm-none-eabi\lib\thumb\v6-m\nofp\libc_nano.a(lib_a-nano-reallocr.o)